../Core/Src/main.c:75:16:platform_write	48	static
../Core/Src/main.c:80:16:platform_read	48	static
../Core/Src/main.c:91:5:main	120	static
../Core/Src/main.c:180:6:SystemClock_Config	96	static
../Core/Src/main.c:226:13:MX_I2C1_Init	8	static
../Core/Src/main.c:274:13:MX_USART2_UART_Init	8	static
../Core/Src/main.c:309:13:MX_GPIO_Init	56	static
../Core/Src/main.c:362:6:StartDefaultTask	16	static
../Core/Src/main.c:390:6:StartVisualTask	32	static
../Core/Src/main.c:413:6:StartAcceleroTask	40	static
../Core/Src/main.c:453:6:HAL_TIM_PeriodElapsedCallback	16	static
../Core/Src/main.c:470:6:Error_Handler	8	static,ignoring_inline_asm
