../Drivers/CMSIS/Include/core_cm4.h:2064:26:ITM_SendChar	16	static,ignoring_inline_asm
../Core/Src/main.c:70:5:__io_putchar	16	static
../Core/Src/main.c:82:5:main	16	static
../Core/Src/main.c:157:6:SystemClock_Config	88	static
../Core/Src/main.c:203:13:MX_TIM3_Init	32	static
../Core/Src/main.c:248:13:MX_USART3_UART_Init	8	static
../Core/Src/main.c:281:13:MX_GPIO_Init	64	static
../Core/Src/main.c:404:6:HAL_TIM_PeriodElapsedCallback	16	static
../Core/Src/main.c:458:6:Error_Handler	4	static,ignoring_inline_asm
