Archive member included to satisfy reference by file (symbol)

C:/appz/nxp/MCUXpressoIDE_11.10.0_3148/ide/plugins/com.nxp.mcuxpresso.tools.win32_11.10.0.202311280810/tools/bin/../lib/gcc/arm-none-eabi/13.2.1/../../../../arm-none-eabi/lib/thumb/v8-m.main+fp/hard\libcr_nohost_nf.a(_cr__main.o)
                              ./startup/startup_lpc55s69_cm33_core0.o (__main)
C:/appz/nxp/MCUXpressoIDE_11.10.0_3148/ide/plugins/com.nxp.mcuxpresso.tools.win32_11.10.0.202311280810/tools/bin/../lib/gcc/arm-none-eabi/13.2.1/../../../../arm-none-eabi/lib/thumb/v8-m.main+fp/hard\libcr_c.a(memset.o)
                              ./drivers/fsl_clock.o (memset)
C:/appz/nxp/MCUXpressoIDE_11.10.0_3148/ide/plugins/com.nxp.mcuxpresso.tools.win32_11.10.0.202311280810/tools/bin/../lib/gcc/arm-none-eabi/13.2.1/../../../../arm-none-eabi/lib/thumb/v8-m.main+fp/hard\libcr_c.a(alloc.o)
                              ./drivers/fsl_common.o (malloc)
C:/appz/nxp/MCUXpressoIDE_11.10.0_3148/ide/plugins/com.nxp.mcuxpresso.tools.win32_11.10.0.202311280810/tools/bin/../lib/gcc/arm-none-eabi/13.2.1/../../../../arm-none-eabi/lib/thumb/v8-m.main+fp/hard\libcr_c.a(errno.o)
                              ./utilities/fsl_str.o (errno)
C:/appz/nxp/MCUXpressoIDE_11.10.0_3148/ide/plugins/com.nxp.mcuxpresso.tools.win32_11.10.0.202311280810/tools/bin/../lib/gcc/arm-none-eabi/13.2.1/../../../../arm-none-eabi/lib/thumb/v8-m.main+fp/hard\libcr_c.a(initio.o)
                              C:/appz/nxp/MCUXpressoIDE_11.10.0_3148/ide/plugins/com.nxp.mcuxpresso.tools.win32_11.10.0.202311280810/tools/bin/../lib/gcc/arm-none-eabi/13.2.1/../../../../arm-none-eabi/lib/thumb/v8-m.main+fp/hard\libcr_nohost_nf.a(_cr__main.o) (_initio)
C:/appz/nxp/MCUXpressoIDE_11.10.0_3148/ide/plugins/com.nxp.mcuxpresso.tools.win32_11.10.0.202311280810/tools/bin/../lib/gcc/arm-none-eabi/13.2.1/../../../../arm-none-eabi/lib/thumb/v8-m.main+fp/hard\libcr_c.a(modf.o)
                              ./utilities/fsl_debug_console.o (modf)
C:/appz/nxp/MCUXpressoIDE_11.10.0_3148/ide/plugins/com.nxp.mcuxpresso.tools.win32_11.10.0.202311280810/tools/bin/../lib/gcc/arm-none-eabi/13.2.1/../../../../arm-none-eabi/lib/thumb/v8-m.main+fp/hard\libcr_c.a(pow.o)
                              ./utilities/fsl_debug_console.o (pow)
C:/appz/nxp/MCUXpressoIDE_11.10.0_3148/ide/plugins/com.nxp.mcuxpresso.tools.win32_11.10.0.202311280810/tools/bin/../lib/gcc/arm-none-eabi/13.2.1/../../../../arm-none-eabi/lib/thumb/v8-m.main+fp/hard\libcr_c.a(scanf.o)
                              ./utilities/fsl_str.o (strtoul)
C:/appz/nxp/MCUXpressoIDE_11.10.0_3148/ide/plugins/com.nxp.mcuxpresso.tools.win32_11.10.0.202311280810/tools/bin/../lib/gcc/arm-none-eabi/13.2.1/../../../../arm-none-eabi/lib/thumb/v8-m.main+fp/hard\libcr_c.a(setvbuf.o)
                              C:/appz/nxp/MCUXpressoIDE_11.10.0_3148/ide/plugins/com.nxp.mcuxpresso.tools.win32_11.10.0.202311280810/tools/bin/../lib/gcc/arm-none-eabi/13.2.1/../../../../arm-none-eabi/lib/thumb/v8-m.main+fp/hard\libcr_c.a(initio.o) (setvbuf)
C:/appz/nxp/MCUXpressoIDE_11.10.0_3148/ide/plugins/com.nxp.mcuxpresso.tools.win32_11.10.0.202311280810/tools/bin/../lib/gcc/arm-none-eabi/13.2.1/../../../../arm-none-eabi/lib/thumb/v8-m.main+fp/hard\libcr_c.a(strlen.o)
                              ./utilities/fsl_debug_console.o (strlen)
C:/appz/nxp/MCUXpressoIDE_11.10.0_3148/ide/plugins/com.nxp.mcuxpresso.tools.win32_11.10.0.202311280810/tools/bin/../lib/gcc/arm-none-eabi/13.2.1/../../../../arm-none-eabi/lib/thumb/v8-m.main+fp/hard\libcr_c.a(ungetc.o)
                              C:/appz/nxp/MCUXpressoIDE_11.10.0_3148/ide/plugins/com.nxp.mcuxpresso.tools.win32_11.10.0.202311280810/tools/bin/../lib/gcc/arm-none-eabi/13.2.1/../../../../arm-none-eabi/lib/thumb/v8-m.main+fp/hard\libcr_c.a(scanf.o) (ungetc)
C:/appz/nxp/MCUXpressoIDE_11.10.0_3148/ide/plugins/com.nxp.mcuxpresso.tools.win32_11.10.0.202311280810/tools/bin/../lib/gcc/arm-none-eabi/13.2.1/../../../../arm-none-eabi/lib/thumb/v8-m.main+fp/hard\libcr_c.a(__fillbuf.o)
                              C:/appz/nxp/MCUXpressoIDE_11.10.0_3148/ide/plugins/com.nxp.mcuxpresso.tools.win32_11.10.0.202311280810/tools/bin/../lib/gcc/arm-none-eabi/13.2.1/../../../../arm-none-eabi/lib/thumb/v8-m.main+fp/hard\libcr_c.a(scanf.o) (__filbuf)
C:/appz/nxp/MCUXpressoIDE_11.10.0_3148/ide/plugins/com.nxp.mcuxpresso.tools.win32_11.10.0.202311280810/tools/bin/../lib/gcc/arm-none-eabi/13.2.1/../../../../arm-none-eabi/lib/thumb/v8-m.main+fp/hard\libcr_c.a(__init_alloc.o)
                              C:/appz/nxp/MCUXpressoIDE_11.10.0_3148/ide/plugins/com.nxp.mcuxpresso.tools.win32_11.10.0.202311280810/tools/bin/../lib/gcc/arm-none-eabi/13.2.1/../../../../arm-none-eabi/lib/thumb/v8-m.main+fp/hard\libcr_c.a(alloc.o) (__heaps)
C:/appz/nxp/MCUXpressoIDE_11.10.0_3148/ide/plugins/com.nxp.mcuxpresso.tools.win32_11.10.0.202311280810/tools/bin/../lib/gcc/arm-none-eabi/13.2.1/../../../../arm-none-eabi/lib/thumb/v8-m.main+fp/hard\libcr_c.a(_cr_sbrk.o)
[...]
Memory Configuration

Name             Origin             Length             Attributes
PROGRAM_FLASH    0x00000000         0x0009d800         xr
SRAM             0x20000000         0x00040000         xrw
SRAMX            0x04000000         0x00008000         xrw
USB_RAM          0x40100000         0x00004000         xrw
SRAM4            0x20040000         0x00004000         xrw
*default*        0x00000000         0xffffffff

Linker script and memory map

LOAD ./utilities/fsl_assert.o
LOAD ./utilities/fsl_debug_console.o
LOAD ./utilities/fsl_memcpy.o
LOAD ./utilities/fsl_str.o
LOAD ./startup/boot_multicore_slave.o
LOAD ./startup/startup_lpc55s69_cm33_core0.o
LOAD ./source/hello_world.o
LOAD ./source/semihost_hardfault.o
LOAD ./drivers/fsl_clock.o
LOAD ./drivers/fsl_common.o
LOAD ./drivers/fsl_common_arm.o
LOAD ./drivers/fsl_flexcomm.o
LOAD ./drivers/fsl_gpio.o
LOAD ./drivers/fsl_power.o
LOAD ./drivers/fsl_reset.o
LOAD ./drivers/fsl_usart.o
LOAD ./device/system_LPC55S69_cm33_core0.o
LOAD ./component/uart/fsl_adapter_usart.o
LOAD ./component/lists/fsl_component_generic_list.o
LOAD ./board/board.o
LOAD ./board/clock_config.o
LOAD ./board/pin_mux.o
START GROUP
LOAD C:/appz/nxp/MCUXpressoIDE_11.10.0_3148/ide/plugins/com.nxp.mcuxpresso.tools.win32_11.10.0.202311280810/tools/bin/../lib/gcc/arm-none-eabi/13.2.1/../../../../arm-none-eabi/lib/thumb/v8-m.main+fp/hard\libcr_nohost_nf.a
LOAD C:/appz/nxp/MCUXpressoIDE_11.10.0_3148/ide/plugins/com.nxp.mcuxpresso.tools.win32_11.10.0.202311280810/tools/bin/../lib/gcc/arm-none-eabi/13.2.1/../../../../arm-none-eabi/lib/thumb/v8-m.main+fp/hard\libcr_c.a
LOAD C:/appz/nxp/MCUXpressoIDE_11.10.0_3148/ide/plugins/com.nxp.mcuxpresso.tools.win32_11.10.0.202311280810/tools/bin/../lib/gcc/arm-none-eabi/13.2.1/thumb/v8-m.main+fp/hard\libcr_eabihelpers.a
LOAD C:/appz/nxp/MCUXpressoIDE_11.10.0_3148/ide/plugins/com.nxp.mcuxpresso.tools.win32_11.10.0.202311280810/tools/bin/../lib/gcc/arm-none-eabi/13.2.1/thumb/v8-m.main+fp/hard\libgcc.a
END GROUP
                0x00000000                        __base_PROGRAM_FLASH = 0x0
                0x00000000                        __base_Flash = 0x0
                0x0009d800                        __top_PROGRAM_FLASH = 0x9d800
                0x0009d800                        __top_Flash = 0x9d800
                0x20000000                        __base_SRAM = 0x20000000
                0x20000000                        __base_RAM = 0x20000000
                0x20040000                        __top_SRAM = 0x20040000
                0x20040000                        __top_RAM = 0x20040000
                0x04000000                        __base_SRAMX = 0x4000000
                0x04000000                        __base_RAM2 = 0x4000000
                0x04008000                        __top_SRAMX = 0x4008000
                0x04008000                        __top_RAM2 = 0x4008000
                0x40100000                        __base_USB_RAM = 0x40100000
                0x40100000                        __base_RAM3 = 0x40100000
                0x40104000                        __top_USB_RAM = 0x40104000
                0x40104000                        __top_RAM3 = 0x40104000
                0x20040000                        __base_SRAM4 = 0x20040000
                0x20040000                        __base_RAM4 = 0x20040000
                0x20044000                        __top_SRAM4 = 0x20044000
                0x20044000                        __top_RAM4 = 0x20044000

.text           0x00000000     0x5224
 FILL mask 0xff
                0x00000000                        __vectors_start__ = ABSOLUTE (.)
 *(SORT_BY_ALIGNMENT(.isr_vector))
 .isr_vector    0x00000000      0x130 ./startup/startup_lpc55s69_cm33_core0.o
                0x00000000                g_pfnVectors
                0x00000000                __Vectors
                0x00000130                        . = ALIGN (0x4)
                0x00000130                        __section_table_start = .
                0x00000130                        __data_section_table = .
                0x00000130        0x4 LONG 0x5224 LOADADDR (.data)
                0x00000134        0x4 LONG 0x20000000 ADDR (.data)
                0x00000138        0x4 LONG 0x20 SIZEOF (.data)
                0x0000013c        0x4 LONG 0x5224 LOADADDR (.data_RAM2)
                0x00000140        0x4 LONG 0x4000000 ADDR (.data_RAM2)
                0x00000144        0x4 LONG 0x0 SIZEOF (.data_RAM2)
                0x00000148        0x4 LONG 0x5224 LOADADDR (.data_RAM3)
                0x0000014c        0x4 LONG 0x40100000 ADDR (.data_RAM3)
                0x00000150        0x4 LONG 0x0 SIZEOF (.data_RAM3)
                0x00000154        0x4 LONG 0x5224 LOADADDR (.data_RAM4)
                0x00000158        0x4 LONG 0x20040000 ADDR (.data_RAM4)
                0x0000015c        0x4 LONG 0x0 SIZEOF (.data_RAM4)
                0x00000160                        __data_section_table_end = .
                0x00000160                        __bss_section_table = .
                0x00000160        0x4 LONG 0x20000020 ADDR (.bss)
                0x00000164        0x4 LONG 0x140 SIZEOF (.bss)
                0x00000168        0x4 LONG 0x4000000 ADDR (.bss_RAM2)
                0x0000016c        0x4 LONG 0x0 SIZEOF (.bss_RAM2)
                0x00000170        0x4 LONG 0x40100000 ADDR (.bss_RAM3)
                0x00000174        0x4 LONG 0x0 SIZEOF (.bss_RAM3)
                0x00000178        0x4 LONG 0x20040000 ADDR (.bss_RAM4)
                0x0000017c        0x4 LONG 0x0 SIZEOF (.bss_RAM4)
                0x00000180                        __bss_section_table_end = .
                0x00000180                        __section_table_end = .
 *(SORT_BY_ALIGNMENT(.after_vectors*))
 .after_vectors.reset
                0x00000180       0x68 ./startup/startup_lpc55s69_cm33_core0.o
                0x00000180                ResetISR
 .after_vectors.init_data
                0x000001e8       0x1e ./startup/startup_lpc55s69_cm33_core0.o
                0x000001e8                data_init
 .after_vectors.init_bss
                0x00000206       0x12 ./startup/startup_lpc55s69_cm33_core0.o
                0x00000206                bss_init
 .after_vectors
                0x00000218       0x16 ./startup/startup_lpc55s69_cm33_core0.o
                0x00000218                NMI_Handler
                0x0000021c                MemManage_Handler
                0x0000021e                BusFault_Handler
                0x00000220                UsageFault_Handler
                0x00000222                SecureFault_Handler
                0x00000224                SVC_Handler
                0x00000226                DebugMon_Handler
                0x00000228                PendSV_Handler
                0x0000022a                SysTick_Handler
                0x0000022c                Reserved56_DriverIRQHandler
                0x0000022c                PIN_INT0_DriverIRQHandler
                0x0000022c                CTIMER2_DriverIRQHandler
                0x0000022c                PIN_INT2_DriverIRQHandler
                0x0000022c                PIN_INT3_DriverIRQHandler
                0x0000022c                IntDefaultHandler
                0x0000022c                USB0_DriverIRQHandler
                0x0000022c                CASER_DriverIRQHandler
                0x0000022c                MRT0_DriverIRQHandler
                0x0000022c                UTICK0_DriverIRQHandler
                0x0000022c                Reserved41_DriverIRQHandler
                0x0000022c                PIN_INT4_DriverIRQHandler
                0x0000022c                PIN_INT5_DriverIRQHandler
                0x0000022c                SEC_GPIO_INT0_IRQ0_DriverIRQHandler
                0x0000022c                CTIMER4_DriverIRQHandler
                0x0000022c                GINT1_DriverIRQHandler
                0x0000022c                PIN_INT7_DriverIRQHandler
                0x0000022c                Reserved55_DriverIRQHandler
                0x0000022c                SEC_VIO_DriverIRQHandler
                0x0000022c                USB0_NEEDCLK_DriverIRQHandler
                0x0000022c                CTIMER0_DriverIRQHandler
                0x0000022c                CTIMER1_DriverIRQHandler
                0x0000022c                Reserved42_DriverIRQHandler
                0x0000022c                PIN_INT6_DriverIRQHandler
                0x0000022c                PQ_DriverIRQHandler
                0x0000022c                MAILBOX_DriverIRQHandler
                0x0000022c                PIN_INT1_DriverIRQHandler
                0x0000022c                CTIMER3_DriverIRQHandler
                0x0000022c                Reserved61_DriverIRQHandler
                0x0000022c                SEC_GPIO_INT0_IRQ1_DriverIRQHandler
                0x0000022c                PUF_DriverIRQHandler
                0x0000022c                RTC_DriverIRQHandler
                0x0000022c                DMA0_DriverIRQHandler
                0x0000022c                Reserved39_DriverIRQHandler
                0x0000022c                USB1_DriverIRQHandler
                0x0000022c                Reserved60_DriverIRQHandler
                0x0000022c                DMA1_DriverIRQHandler
                0x0000022c                ADC0_DriverIRQHandler
                0x0000022c                USB1_NEEDCLK_DriverIRQHandler
                0x0000022c                Reserved59_DriverIRQHandler
                0x0000022c                SDIO_DriverIRQHandler
                0x0000022c                GINT0_DriverIRQHandler
                0x0000022c                USB1_PHY_DriverIRQHandler
                0x0000022c                ACMP_DriverIRQHandler
                0x0000022c                Reserved57_DriverIRQHandler
                0x0000022c                HASHCRYPT_DriverIRQHandler
                0x0000022c                Reserved46_DriverIRQHandler
                0x0000022c                WDT_BOD_DriverIRQHandler
                0x0000022c                SCT0_DriverIRQHandler
                0x0000022c                PLU_DriverIRQHandler
                0x0000022c                OS_EVENT_DriverIRQHandler
                0x0000022c                SEC_HYPERVISOR_CALL_DriverIRQHandler
 *(SORT_BY_ALIGNMENT(.text*))
 *fill*         0x0000022e        0x2 ff
 .text.DbgConsole_ConvertFloatRadixNumToString
                0x00000230      0x2a0 ./utilities/fsl_debug_console.o
 .text.pow      0x000004d0      0x55c C:/appz/nxp/MCUXpressoIDE_11.10.0_3148/ide/plugins/com.nxp.mcuxpresso.tools.win32_11.10.0.202311280810/tools/bin/../lib/gcc/arm-none-eabi/13.2.1/../../../../arm-none-eabi/lib/thumb/v8-m.main+fp/hard\libcr_c.a(pow.o)
                0x000004d0                pow
 *fill*         0x00000a2c        0x4 ff
 .text.frexp    0x00000a30       0x70 C:/appz/nxp/MCUXpressoIDE_11.10.0_3148/ide/plugins/com.nxp.mcuxpresso.tools.win32_11.10.0.202311280810/tools/bin/../lib/gcc/arm-none-eabi/13.2.1/../../../../arm-none-eabi/lib/thumb/v8-m.main+fp/hard\libcr_c.a(frexp.o)
                0x00000a30                frexp
 .text.ldexp    0x00000aa0       0x5c C:/appz/nxp/MCUXpressoIDE_11.10.0_3148/ide/plugins/com.nxp.mcuxpresso.tools.win32_11.10.0.202311280810/tools/bin/../lib/gcc/arm-none-eabi/13.2.1/../../../../arm-none-eabi/lib/thumb/v8-m.main+fp/hard\libcr_c.a(ldexp.o)
                0x00000aa0                ldexp
 .text.__assertion_failed
                0x00000afc       0x2c ./utilities/fsl_assert.o
                0x00000afc                __assertion_failed
 .text.DbgConsole_Init
                0x00000b28       0x88 ./utilities/fsl_debug_console.o
                0x00000b28                DbgConsole_Init
 .text.DbgConsole_Vprintf
                0x00000bb0       0x3c ./utilities/fsl_debug_console.o
                0x00000bb0                DbgConsole_Vprintf
 .text.DbgConsole_Putchar
                0x00000bec       0x30 ./utilities/fsl_debug_console.o
                0x00000bec                DbgConsole_Putchar
 .text.DbgConsole_Scanf
                0x00000c1c       0xb0 ./utilities/fsl_debug_console.o
                0x00000c1c                DbgConsole_Scanf
 .text.DbgConsole_Getchar
                0x00000ccc       0x3c ./utilities/fsl_debug_console.o
                0x00000ccc                DbgConsole_Getchar
 .text.DbgConsole_PrintfFormattedData
                0x00000d08      0x428 ./utilities/fsl_debug_console.o
 .text          0x00001130       0xa0 ./utilities/fsl_memcpy.o
                0x00001130                memcpy
 .text.StrFormatScanfStringHandling
                0x000011d0      0x188 ./utilities/fsl_str.o
 .text.StrFormatScanf
                0x00001358      0x2a4 ./utilities/fsl_str.o
                0x00001358                StrFormatScanf
 .text.POWER_SetBodVbatLevel
                0x000015fc       0x58 ./source/hello_world.o
 .text.main     0x00001654      0x134 ./source/hello_world.o
                0x00001654                main
 .text.POWER_EnablePD
                0x00001788       0x20 ./drivers/fsl_clock.o
 .text.POWER_DisablePD
                0x000017a8       0x20 ./drivers/fsl_clock.o
 .text.CLOCK_AttachClk
                0x000017c8       0xa0 ./drivers/fsl_clock.o
                0x000017c8                CLOCK_AttachClk
 .text.CLOCK_SetClkDiv
                0x00001868       0x80 ./drivers/fsl_clock.o
                0x00001868                CLOCK_SetClkDiv
 .text.CLOCK_SetupFROClocking
                0x000018e8       0x80 ./drivers/fsl_clock.o
                0x000018e8                CLOCK_SetupFROClocking
 .text.CLOCK_SetFLASHAccessCyclesForFreq
                0x00001968      0x17c ./drivers/fsl_clock.o
                0x00001968                CLOCK_SetFLASHAccessCyclesForFreq
 .text.CLOCK_SetupExtClocking
                0x00001ae4       0x64 ./drivers/fsl_clock.o
                0x00001ae4                CLOCK_SetupExtClocking
 .text.CLOCK_GetFro1MFreq
                0x00001b48       0x28 ./drivers/fsl_clock.o
                0x00001b48                CLOCK_GetFro1MFreq
 .text.CLOCK_GetExtClkFreq
                0x00001b70       0x2c ./drivers/fsl_clock.o
                0x00001b70                CLOCK_GetExtClkFreq
 .text.CLOCK_GetOsc32KFreq
                0x00001b9c       0x58 ./drivers/fsl_clock.o
                0x00001b9c                CLOCK_GetOsc32KFreq
 .text.CLOCK_GetPLL0InClockRate
                0x00001bf4       0x64 ./drivers/fsl_clock.o
                0x00001bf4                CLOCK_GetPLL0InClockRate
 .text.CLOCK_SetPLL0Freq
                0x00001c58      0x14c ./drivers/fsl_clock.o
                0x00001c58                CLOCK_SetPLL0Freq
 .text.SDK_DelayAtLeastUs
                0x00001da4       0x8c ./drivers/fsl_common_arm.o
                0x00001da4                SDK_DelayAtLeastUs
 .text.FLEXCOMM_GetInstance
                0x00001e30       0x4c ./drivers/fsl_flexcomm.o
                0x00001e30                FLEXCOMM_GetInstance
 .text.FLEXCOMM_Init
                0x00001e7c       0x50 ./drivers/fsl_flexcomm.o
                0x00001e7c                FLEXCOMM_Init
 .text.FLEXCOMM0_DriverIRQHandler
                0x00001ecc       0x5c ./drivers/fsl_flexcomm.o
                0x00001ecc                FLEXCOMM0_DriverIRQHandler
 .text.FLEXCOMM1_DriverIRQHandler
                0x00001f28       0x5c ./drivers/fsl_flexcomm.o
                0x00001f28                FLEXCOMM1_DriverIRQHandler
 .text.FLEXCOMM2_DriverIRQHandler
                0x00001f84       0x5c ./drivers/fsl_flexcomm.o
                0x00001f84                FLEXCOMM2_DriverIRQHandler
 .text.FLEXCOMM3_DriverIRQHandler
                0x00001fe0       0x5c ./drivers/fsl_flexcomm.o
                0x00001fe0                FLEXCOMM3_DriverIRQHandler
 .text.FLEXCOMM4_DriverIRQHandler
                0x0000203c       0x5c ./drivers/fsl_flexcomm.o
                0x0000203c                FLEXCOMM4_DriverIRQHandler
 .text.FLEXCOMM5_DriverIRQHandler
                0x00002098       0x5c ./drivers/fsl_flexcomm.o
                0x00002098                FLEXCOMM5_DriverIRQHandler
 .text.FLEXCOMM6_DriverIRQHandler
                0x000020f4       0x5c ./drivers/fsl_flexcomm.o
                0x000020f4                FLEXCOMM6_DriverIRQHandler
 .text.FLEXCOMM7_DriverIRQHandler
                0x00002150       0x5c ./drivers/fsl_flexcomm.o
                0x00002150                FLEXCOMM7_DriverIRQHandler
 .text.FLEXCOMM8_DriverIRQHandler
                0x000021ac       0x5c ./drivers/fsl_flexcomm.o
                0x000021ac                FLEXCOMM8_DriverIRQHandler
 .text.lowpower_set_system_voltage
                0x00002208      0x154 ./drivers/fsl_power.o
 .text.lowpower_set_dcdc_power_profile
                0x0000235c       0xec ./drivers/fsl_power.o
 .text.lowpower_get_part_process_corner
                0x00002448       0x94 ./drivers/fsl_power.o
 .text.POWER_SetVoltageForFreq
                0x000024dc       0x50 ./drivers/fsl_power.o
                0x000024dc                POWER_SetVoltageForFreq
 .text.RESET_SetPeripheralReset
                0x0000252c       0x5c ./drivers/fsl_reset.o
                0x0000252c                RESET_SetPeripheralReset
 .text.RESET_ClearPeripheralReset
                0x00002588       0x60 ./drivers/fsl_reset.o
                0x00002588                RESET_ClearPeripheralReset
 .text.USART_Init
                0x000025e8      0x1cc ./drivers/fsl_usart.o
                0x000025e8                USART_Init
 .text.USART_GetDefaultConfig
                0x000027b4       0x80 ./drivers/fsl_usart.o
                0x000027b4                USART_GetDefaultConfig
 .text.USART_SetBaudRate
                0x00002834      0x18c ./drivers/fsl_usart.o
                0x00002834                USART_SetBaudRate
 .text.USART_WriteBlocking
                0x000029c0       0x8c ./drivers/fsl_usart.o
                0x000029c0                USART_WriteBlocking
 .text.USART_ReadBlocking
                0x00002a4c      0x104 ./drivers/fsl_usart.o
                0x00002a4c                USART_ReadBlocking
 .text.SystemInit
                0x00002b50       0x64 ./device/system_LPC55S69_cm33_core0.o
                0x00002b50                SystemInit
 .text.HAL_UartInitCommon
                0x00002bb4      0x110 ./component/uart/fsl_adapter_usart.o
 .text.HAL_UartReceiveBlocking
                0x00002cc4       0x6c ./component/uart/fsl_adapter_usart.o
                0x00002cc4                HAL_UartReceiveBlocking
 .text.HAL_UartSendBlocking
                0x00002d30       0x64 ./component/uart/fsl_adapter_usart.o
                0x00002d30                HAL_UartSendBlocking
 .text.BOARD_InitDebugConsole
                0x00002d94       0x38 ./board/board.o
                0x00002d94                BOARD_InitDebugConsole
 .text.POWER_DisablePD
                0x00002dcc       0x20 ./board/clock_config.o
 .text.BOARD_BootClockPLL150M
                0x00002dec       0xe0 ./board/clock_config.o
                0x00002dec                BOARD_BootClockPLL150M
 .text.BOARD_InitPins
                0x00002ecc       0x50 ./board/pin_mux.o
                0x00002ecc                BOARD_InitPins
 .text._initio  0x00002f1c       0x78 C:/appz/nxp/MCUXpressoIDE_11.10.0_3148/ide/plugins/com.nxp.mcuxpresso.tools.win32_11.10.0.202311280810/tools/bin/../lib/gcc/arm-none-eabi/13.2.1/../../../../arm-none-eabi/lib/thumb/v8-m.main+fp/hard\libcr_c.a(initio.o)
                0x00002f1c                _initio
 .text.modf     0x00002f94       0x94 C:/appz/nxp/MCUXpressoIDE_11.10.0_3148/ide/plugins/com.nxp.mcuxpresso.tools.win32_11.10.0.202311280810/tools/bin/../lib/gcc/arm-none-eabi/13.2.1/../../../../arm-none-eabi/lib/thumb/v8-m.main+fp/hard\libcr_c.a(modf.o)
                0x00002f94                modf
 .text.ch_val   0x00003028       0x30 C:/appz/nxp/MCUXpressoIDE_11.10.0_3148/ide/plugins/com.nxp.mcuxpresso.tools.win32_11.10.0.202311280810/tools/bin/../lib/gcc/arm-none-eabi/13.2.1/../../../../arm-none-eabi/lib/thumb/v8-m.main+fp/hard\libcr_c.a(scanf.o)
 .text._strtoul
                0x00003058       0xb4 C:/appz/nxp/MCUXpressoIDE_11.10.0_3148/ide/plugins/com.nxp.mcuxpresso.tools.win32_11.10.0.202311280810/tools/bin/../lib/gcc/arm-none-eabi/13.2.1/../../../../arm-none-eabi/lib/thumb/v8-m.main+fp/hard\libcr_c.a(scanf.o)
 .text.strtoul  0x0000310c       0x84 C:/appz/nxp/MCUXpressoIDE_11.10.0_3148/ide/plugins/com.nxp.mcuxpresso.tools.win32_11.10.0.202311280810/tools/bin/../lib/gcc/arm-none-eabi/13.2.1/../../../../arm-none-eabi/lib/thumb/v8-m.main+fp/hard\libcr_c.a(scanf.o)
                0x0000310c                strtoul
 .text._Cwritebuf
                0x00003190       0x6c C:/appz/nxp/MCUXpressoIDE_11.10.0_3148/ide/plugins/com.nxp.mcuxpresso.tools.win32_11.10.0.202311280810/tools/bin/../lib/gcc/arm-none-eabi/13.2.1/../../../../arm-none-eabi/lib/thumb/v8-m.main+fp/hard\libcr_c.a(_writebuf.o)
                0x00003190                _Cwritebuf
 .text.fflush   0x000031fc       0x3c C:/appz/nxp/MCUXpressoIDE_11.10.0_3148/ide/plugins/com.nxp.mcuxpresso.tools.win32_11.10.0.202311280810/tools/bin/../lib/gcc/arm-none-eabi/13.2.1/../../../../arm-none-eabi/lib/thumb/v8-m.main+fp/hard\libcr_c.a(fflush.o)
                0x000031fc                fflush
 .text.fseek    0x00003238       0xf8 C:/appz/nxp/MCUXpressoIDE_11.10.0_3148/ide/plugins/com.nxp.mcuxpresso.tools.win32_11.10.0.202311280810/tools/bin/../lib/gcc/arm-none-eabi/13.2.1/../../../../arm-none-eabi/lib/thumb/v8-m.main+fp/hard\libcr_c.a(fseek.o)
                0x00003238                fseek
 .text.ftell    0x00003330       0x44 C:/appz/nxp/MCUXpressoIDE_11.10.0_3148/ide/plugins/com.nxp.mcuxpresso.tools.win32_11.10.0.202311280810/tools/bin/../lib/gcc/arm-none-eabi/13.2.1/../../../../arm-none-eabi/lib/thumb/v8-m.main+fp/hard\libcr_c.a(ftell.o)
                0x00003330                ftell
 .text.__aeabi_dmul
                0x00003374       0xfc C:/appz/nxp/MCUXpressoIDE_11.10.0_3148/ide/plugins/com.nxp.mcuxpresso.tools.win32_11.10.0.202311280810/tools/bin/../lib/gcc/arm-none-eabi/13.2.1/thumb/v8-m.main+fp/hard\libcr_eabihelpers.a(double.o)
                0x00003374                __aeabi_dmul
 .text.__aeabi_ddiv
                0x00003470      0x134 C:/appz/nxp/MCUXpressoIDE_11.10.0_3148/ide/plugins/com.nxp.mcuxpresso.tools.win32_11.10.0.202311280810/tools/bin/../lib/gcc/arm-none-eabi/13.2.1/thumb/v8-m.main+fp/hard\libcr_eabihelpers.a(double.o)
                0x00003470                __aeabi_ddiv
 .text.__aeabi_dsub
                0x000035a4      0x1b4 C:/appz/nxp/MCUXpressoIDE_11.10.0_3148/ide/plugins/com.nxp.mcuxpresso.tools.win32_11.10.0.202311280810/tools/bin/../lib/gcc/arm-none-eabi/13.2.1/thumb/v8-m.main+fp/hard\libcr_eabihelpers.a(double.o)
                0x000035a4                __aeabi_dsub
 .text.__aeabi_dadd
                0x00003758      0x118 C:/appz/nxp/MCUXpressoIDE_11.10.0_3148/ide/plugins/com.nxp.mcuxpresso.tools.win32_11.10.0.202311280810/tools/bin/../lib/gcc/arm-none-eabi/13.2.1/thumb/v8-m.main+fp/hard\libcr_eabihelpers.a(double.o)
                0x00003758                __aeabi_dadd
 .text.fsl_assert_hook
                0x00003870       0x1a ./utilities/fsl_assert.o
                0x00003870                fsl_assert_hook
 .text.DbgConsole_Printf
                0x0000388a       0x2c ./utilities/fsl_debug_console.o
                0x0000388a                DbgConsole_Printf
 .text.DbgConsole_PrintfPaddingCharacter
                0x000038b6       0x40 ./utilities/fsl_debug_console.o
 .text.DbgConsole_ConvertRadixNumToString
                0x000038f6       0xc2 ./utilities/fsl_debug_console.o
 .text.ScanIsWhiteSpace
                0x000039b8       0x44 ./utilities/fsl_str.o
 .text.ScanIgnoreWhiteSpace
                0x000039fc       0x46 ./utilities/fsl_str.o
 .text.StrFormatScanIsFormatStarting
                0x00003a42       0x36 ./utilities/fsl_str.o
 .text.StrFormatScanGetBase
                0x00003a78       0x4c ./utilities/fsl_str.o
 .text.StrFormatScanCheckSymbol
                0x00003ac4       0x48 ./utilities/fsl_str.o
 .text.StrFormatScanFillInteger
                0x00003b0c       0x46 ./utilities/fsl_str.o
 .text.StrFormatScanfHandleChar
                0x00003b52       0x5e ./utilities/fsl_str.o
 .text.StrFormatScanfHandleString
                0x00003bb0       0x7e ./utilities/fsl_str.o
 .text.WDT_BOD_IRQHandler
                0x00003c2e        0x8 ./startup/startup_lpc55s69_cm33_core0.o
                0x00003c2e                WDT_BOD_IRQHandler
 .text.DMA0_IRQHandler
                0x00003c36        0x8 ./startup/startup_lpc55s69_cm33_core0.o
                0x00003c36                DMA0_IRQHandler
 .text.GINT0_IRQHandler
                0x00003c3e        0x8 ./startup/startup_lpc55s69_cm33_core0.o
                0x00003c3e                GINT0_IRQHandler
 .text.GINT1_IRQHandler
                0x00003c46        0x8 ./startup/startup_lpc55s69_cm33_core0.o
                0x00003c46                GINT1_IRQHandler
 .text.PIN_INT0_IRQHandler
                0x00003c4e        0x8 ./startup/startup_lpc55s69_cm33_core0.o
                0x00003c4e                PIN_INT0_IRQHandler
 .text.PIN_INT1_IRQHandler
                0x00003c56        0x8 ./startup/startup_lpc55s69_cm33_core0.o
                0x00003c56                PIN_INT1_IRQHandler
 .text.PIN_INT2_IRQHandler
                0x00003c5e        0x8 ./startup/startup_lpc55s69_cm33_core0.o
                0x00003c5e                PIN_INT2_IRQHandler
 .text.PIN_INT3_IRQHandler
                0x00003c66        0x8 ./startup/startup_lpc55s69_cm33_core0.o
                0x00003c66                PIN_INT3_IRQHandler
 .text.UTICK0_IRQHandler
                0x00003c6e        0x8 ./startup/startup_lpc55s69_cm33_core0.o
                0x00003c6e                UTICK0_IRQHandler
 .text.MRT0_IRQHandler
                0x00003c76        0x8 ./startup/startup_lpc55s69_cm33_core0.o
                0x00003c76                MRT0_IRQHandler
 .text.CTIMER0_IRQHandler
                0x00003c7e        0x8 ./startup/startup_lpc55s69_cm33_core0.o
                0x00003c7e                CTIMER0_IRQHandler
 .text.CTIMER1_IRQHandler
                0x00003c86        0x8 ./startup/startup_lpc55s69_cm33_core0.o
                0x00003c86                CTIMER1_IRQHandler
 .text.SCT0_IRQHandler
                0x00003c8e        0x8 ./startup/startup_lpc55s69_cm33_core0.o
                0x00003c8e                SCT0_IRQHandler
 .text.CTIMER3_IRQHandler
                0x00003c96        0x8 ./startup/startup_lpc55s69_cm33_core0.o
                0x00003c96                CTIMER3_IRQHandler
 .text.FLEXCOMM0_IRQHandler
                0x00003c9e        0x8 ./startup/startup_lpc55s69_cm33_core0.o
                0x00003c9e                FLEXCOMM0_IRQHandler
 .text.FLEXCOMM1_IRQHandler
                0x00003ca6        0x8 ./startup/startup_lpc55s69_cm33_core0.o
                0x00003ca6                FLEXCOMM1_IRQHandler
 .text.FLEXCOMM2_IRQHandler
                0x00003cae        0x8 ./startup/startup_lpc55s69_cm33_core0.o
                0x00003cae                FLEXCOMM2_IRQHandler
 .text.FLEXCOMM3_IRQHandler
                0x00003cb6        0x8 ./startup/startup_lpc55s69_cm33_core0.o
                0x00003cb6                FLEXCOMM3_IRQHandler
 .text.FLEXCOMM4_IRQHandler
                0x00003cbe        0x8 ./startup/startup_lpc55s69_cm33_core0.o
                0x00003cbe                FLEXCOMM4_IRQHandler
 .text.FLEXCOMM5_IRQHandler
                0x00003cc6        0x8 ./startup/startup_lpc55s69_cm33_core0.o
                0x00003cc6                FLEXCOMM5_IRQHandler
 .text.FLEXCOMM6_IRQHandler
                0x00003cce        0x8 ./startup/startup_lpc55s69_cm33_core0.o
                0x00003cce                FLEXCOMM6_IRQHandler
 .text.FLEXCOMM7_IRQHandler
                0x00003cd6        0x8 ./startup/startup_lpc55s69_cm33_core0.o
                0x00003cd6                FLEXCOMM7_IRQHandler
 .text.ADC0_IRQHandler
                0x00003cde        0x8 ./startup/startup_lpc55s69_cm33_core0.o
                0x00003cde                ADC0_IRQHandler
 .text.Reserved39_IRQHandler
                0x00003ce6        0x8 ./startup/startup_lpc55s69_cm33_core0.o
                0x00003ce6                Reserved39_IRQHandler
 .text.ACMP_IRQHandler
                0x00003cee        0x8 ./startup/startup_lpc55s69_cm33_core0.o
                0x00003cee                ACMP_IRQHandler
 .text.Reserved41_IRQHandler
                0x00003cf6        0x8 ./startup/startup_lpc55s69_cm33_core0.o
                0x00003cf6                Reserved41_IRQHandler
 .text.Reserved42_IRQHandler
                0x00003cfe        0x8 ./startup/startup_lpc55s69_cm33_core0.o
                0x00003cfe                Reserved42_IRQHandler
 .text.USB0_NEEDCLK_IRQHandler
                0x00003d06        0x8 ./startup/startup_lpc55s69_cm33_core0.o
                0x00003d06                USB0_NEEDCLK_IRQHandler
 .text.USB0_IRQHandler
                0x00003d0e        0x8 ./startup/startup_lpc55s69_cm33_core0.o
                0x00003d0e                USB0_IRQHandler
 .text.RTC_IRQHandler
                0x00003d16        0x8 ./startup/startup_lpc55s69_cm33_core0.o
                0x00003d16                RTC_IRQHandler
 .text.Reserved46_IRQHandler
                0x00003d1e        0x8 ./startup/startup_lpc55s69_cm33_core0.o
                0x00003d1e                Reserved46_IRQHandler
 .text.MAILBOX_IRQHandler
                0x00003d26        0x8 ./startup/startup_lpc55s69_cm33_core0.o
                0x00003d26                MAILBOX_IRQHandler
 .text.PIN_INT4_IRQHandler
                0x00003d2e        0x8 ./startup/startup_lpc55s69_cm33_core0.o
                0x00003d2e                PIN_INT4_IRQHandler
 .text.PIN_INT5_IRQHandler
                0x00003d36        0x8 ./startup/startup_lpc55s69_cm33_core0.o
                0x00003d36                PIN_INT5_IRQHandler
 .text.PIN_INT6_IRQHandler
                0x00003d3e        0x8 ./startup/startup_lpc55s69_cm33_core0.o
                0x00003d3e                PIN_INT6_IRQHandler
 .text.PIN_INT7_IRQHandler
                0x00003d46        0x8 ./startup/startup_lpc55s69_cm33_core0.o
                0x00003d46                PIN_INT7_IRQHandler
 .text.CTIMER2_IRQHandler
                0x00003d4e        0x8 ./startup/startup_lpc55s69_cm33_core0.o
                0x00003d4e                CTIMER2_IRQHandler
 .text.CTIMER4_IRQHandler
                0x00003d56        0x8 ./startup/startup_lpc55s69_cm33_core0.o
                0x00003d56                CTIMER4_IRQHandler
 .text.OS_EVENT_IRQHandler
                0x00003d5e        0x8 ./startup/startup_lpc55s69_cm33_core0.o
                0x00003d5e                OS_EVENT_IRQHandler
 .text.Reserved55_IRQHandler
                0x00003d66        0x8 ./startup/startup_lpc55s69_cm33_core0.o
                0x00003d66                Reserved55_IRQHandler
 .text.Reserved56_IRQHandler
                0x00003d6e        0x8 ./startup/startup_lpc55s69_cm33_core0.o
                0x00003d6e                Reserved56_IRQHandler
 .text.Reserved57_IRQHandler
                0x00003d76        0x8 ./startup/startup_lpc55s69_cm33_core0.o
                0x00003d76                Reserved57_IRQHandler
 .text.SDIO_IRQHandler
                0x00003d7e        0x8 ./startup/startup_lpc55s69_cm33_core0.o
                0x00003d7e                SDIO_IRQHandler
 .text.Reserved59_IRQHandler
                0x00003d86        0x8 ./startup/startup_lpc55s69_cm33_core0.o
                0x00003d86                Reserved59_IRQHandler
 .text.Reserved60_IRQHandler
                0x00003d8e        0x8 ./startup/startup_lpc55s69_cm33_core0.o
                0x00003d8e                Reserved60_IRQHandler
 .text.Reserved61_IRQHandler
                0x00003d96        0x8 ./startup/startup_lpc55s69_cm33_core0.o
                0x00003d96                Reserved61_IRQHandler
 .text.USB1_PHY_IRQHandler
                0x00003d9e        0x8 ./startup/startup_lpc55s69_cm33_core0.o
                0x00003d9e                USB1_PHY_IRQHandler
 .text.USB1_IRQHandler
                0x00003da6        0x8 ./startup/startup_lpc55s69_cm33_core0.o
                0x00003da6                USB1_IRQHandler
 .text.USB1_NEEDCLK_IRQHandler
                0x00003dae        0x8 ./startup/startup_lpc55s69_cm33_core0.o
                0x00003dae                USB1_NEEDCLK_IRQHandler
 .text.SEC_HYPERVISOR_CALL_IRQHandler
                0x00003db6        0x8 ./startup/startup_lpc55s69_cm33_core0.o
                0x00003db6                SEC_HYPERVISOR_CALL_IRQHandler
 .text.SEC_GPIO_INT0_IRQ0_IRQHandler
                0x00003dbe        0x8 ./startup/startup_lpc55s69_cm33_core0.o
                0x00003dbe                SEC_GPIO_INT0_IRQ0_IRQHandler
 .text.SEC_GPIO_INT0_IRQ1_IRQHandler
                0x00003dc6        0x8 ./startup/startup_lpc55s69_cm33_core0.o
                0x00003dc6                SEC_GPIO_INT0_IRQ1_IRQHandler
 .text.PLU_IRQHandler
                0x00003dce        0x8 ./startup/startup_lpc55s69_cm33_core0.o
                0x00003dce                PLU_IRQHandler
 .text.SEC_VIO_IRQHandler
                0x00003dd6        0x8 ./startup/startup_lpc55s69_cm33_core0.o
                0x00003dd6                SEC_VIO_IRQHandler
 .text.HASHCRYPT_IRQHandler
                0x00003dde        0x8 ./startup/startup_lpc55s69_cm33_core0.o
                0x00003dde                HASHCRYPT_IRQHandler
 .text.CASER_IRQHandler
                0x00003de6        0x8 ./startup/startup_lpc55s69_cm33_core0.o
                0x00003de6                CASER_IRQHandler
 .text.PUF_IRQHandler
                0x00003dee        0x8 ./startup/startup_lpc55s69_cm33_core0.o
                0x00003dee                PUF_IRQHandler
 .text.PQ_IRQHandler
                0x00003df6        0x8 ./startup/startup_lpc55s69_cm33_core0.o
                0x00003df6                PQ_IRQHandler
 .text.DMA1_IRQHandler
                0x00003dfe        0x8 ./startup/startup_lpc55s69_cm33_core0.o
                0x00003dfe                DMA1_IRQHandler
 .text.FLEXCOMM8_IRQHandler
                0x00003e06        0x8 ./startup/startup_lpc55s69_cm33_core0.o
                0x00003e06                FLEXCOMM8_IRQHandler
 .text.HardFault_Handler
                0x00003e0e       0x36 ./source/semihost_hardfault.o
                0x00003e0e                HardFault_Handler
 .text.CLOCK_IsPLL0Locked
                0x00003e44       0x24 ./drivers/fsl_clock.o
 .text.findPll0PreDiv
                0x00003e68       0x3e ./drivers/fsl_clock.o
 .text.DelayLoop
                0x00003ea6       0x20 ./drivers/fsl_common_arm.o
 .text.CLOCK_EnableClock
                0x00003ec6       0x30 ./drivers/fsl_flexcomm.o
 .text.FLEXCOMM_PeripheralIsPresent
                0x00003ef6       0x64 ./drivers/fsl_flexcomm.o
 .text.FLEXCOMM_SetPeriph
                0x00003f5a       0x74 ./drivers/fsl_flexcomm.o
 .text.lowpower_set_voltage_for_process
                0x00003fce       0xaa ./drivers/fsl_power.o
 .text.RESET_PeripheralReset
                0x00004078       0x1c ./drivers/fsl_reset.o
                0x00004078                RESET_PeripheralReset
 .text.USART_EnableContinuousSCLK
                0x00004094       0x38 ./drivers/fsl_usart.o
 .text.SystemInitHook
                0x000040cc        0xe ./device/system_LPC55S69_cm33_core0.o
                0x000040cc                SystemInitHook
 .text.HAL_UartGetStatus
                0x000040da       0x22 ./component/uart/fsl_adapter_usart.o
 .text.HAL_UartInit
                0x000040fc       0x36 ./component/uart/fsl_adapter_usart.o
                0x000040fc                HAL_UartInit
 .text.BOARD_InitBootClocks
                0x00004132        0xc ./board/clock_config.o
                0x00004132                BOARD_InitBootClocks
 .text.CLOCK_EnableClock
                0x0000413e       0x30 ./board/pin_mux.o
 .text.IOCON_PinMuxSet
                0x0000416e       0x2e ./board/pin_mux.o
 .text.BOARD_InitBootPins
                0x0000419c        0xc ./board/pin_mux.o
                0x0000419c                BOARD_InitBootPins
 .text.__main   0x000041a8        0xe C:/appz/nxp/MCUXpressoIDE_11.10.0_3148/ide/plugins/com.nxp.mcuxpresso.tools.win32_11.10.0.202311280810/tools/bin/../lib/gcc/arm-none-eabi/13.2.1/../../../../arm-none-eabi/lib/thumb/v8-m.main+fp/hard\libcr_nohost_nf.a(_cr__main.o)
                0x000041a8                __main
 .text.memset   0x000041b6        0x4 C:/appz/nxp/MCUXpressoIDE_11.10.0_3148/ide/plugins/com.nxp.mcuxpresso.tools.win32_11.10.0.202311280810/tools/bin/../lib/gcc/arm-none-eabi/13.2.1/../../../../arm-none-eabi/lib/thumb/v8-m.main+fp/hard\libcr_c.a(memset.o)
                0x000041b6                memset
 .text.free     0x000041ba       0x30 C:/appz/nxp/MCUXpressoIDE_11.10.0_3148/ide/plugins/com.nxp.mcuxpresso.tools.win32_11.10.0.202311280810/tools/bin/../lib/gcc/arm-none-eabi/13.2.1/../../../../arm-none-eabi/lib/thumb/v8-m.main+fp/hard\libcr_c.a(alloc.o)
                0x000041ba                free
 .text.setvbuf  0x000041ea       0x3e C:/appz/nxp/MCUXpressoIDE_11.10.0_3148/ide/plugins/com.nxp.mcuxpresso.tools.win32_11.10.0.202311280810/tools/bin/../lib/gcc/arm-none-eabi/13.2.1/../../../../arm-none-eabi/lib/thumb/v8-m.main+fp/hard\libcr_c.a(setvbuf.o)
                0x000041ea                setvbuf
 .text.strlen   0x00004228       0x4e C:/appz/nxp/MCUXpressoIDE_11.10.0_3148/ide/plugins/com.nxp.mcuxpresso.tools.win32_11.10.0.202311280810/tools/bin/../lib/gcc/arm-none-eabi/13.2.1/../../../../arm-none-eabi/lib/thumb/v8-m.main+fp/hard\libcr_c.a(strlen.o)
                0x00004228                strlen
 .text._deferredlazyseek
                0x00004276       0x40 C:/appz/nxp/MCUXpressoIDE_11.10.0_3148/ide/plugins/com.nxp.mcuxpresso.tools.win32_11.10.0.202311280810/tools/bin/../lib/gcc/arm-none-eabi/13.2.1/../../../../arm-none-eabi/lib/thumb/v8-m.main+fp/hard\libcr_c.a(_deferredlazyseek.o)
                0x00004276                _deferredlazyseek
 .text._fdopen  0x000042b6       0x68 C:/appz/nxp/MCUXpressoIDE_11.10.0_3148/ide/plugins/com.nxp.mcuxpresso.tools.win32_11.10.0.202311280810/tools/bin/../lib/gcc/arm-none-eabi/13.2.1/../../../../arm-none-eabi/lib/thumb/v8-m.main+fp/hard\libcr_c.a(_fdopen.o)
                0x000042b6                _fdopen
 .text._fflush  0x0000431e       0x52 C:/appz/nxp/MCUXpressoIDE_11.10.0_3148/ide/plugins/com.nxp.mcuxpresso.tools.win32_11.10.0.202311280810/tools/bin/../lib/gcc/arm-none-eabi/13.2.1/../../../../arm-none-eabi/lib/thumb/v8-m.main+fp/hard\libcr_c.a(_fflush.o)
                0x0000431e                _fflush
 .text.fclose   0x00004370       0x58 C:/appz/nxp/MCUXpressoIDE_11.10.0_3148/ide/plugins/com.nxp.mcuxpresso.tools.win32_11.10.0.202311280810/tools/bin/../lib/gcc/arm-none-eabi/13.2.1/../../../../arm-none-eabi/lib/thumb/v8-m.main+fp/hard\libcr_c.a(fclose.o)
                0x00004370                fclose
 .text.remove   0x000043c8       0x14 C:/appz/nxp/MCUXpressoIDE_11.10.0_3148/ide/plugins/com.nxp.mcuxpresso.tools.win32_11.10.0.202311280810/tools/bin/../lib/gcc/arm-none-eabi/13.2.1/../../../../arm-none-eabi/lib/thumb/v8-m.main+fp/hard\libcr_c.a(remove.o)
                0x000043c8                remove
 .text._do_fflush
                0x000043dc       0x40 C:/appz/nxp/MCUXpressoIDE_11.10.0_3148/ide/plugins/com.nxp.mcuxpresso.tools.win32_11.10.0.202311280810/tools/bin/../lib/gcc/arm-none-eabi/13.2.1/../../../../arm-none-eabi/lib/thumb/v8-m.main+fp/hard\libcr_c.a(_do_fflush.o)
                0x000043dc                _do_fflush
 .text.__aeabi_division_uldivmod
                0x0000441c      0x174 C:/appz/nxp/MCUXpressoIDE_11.10.0_3148/ide/plugins/com.nxp.mcuxpresso.tools.win32_11.10.0.202311280810/tools/bin/../lib/gcc/arm-none-eabi/13.2.1/thumb/v8-m.main+fp/hard\libcr_eabihelpers.a(division_64.o)
                0x0000441c                __aeabi_uldivmod
                0x00004420                __bhs_ldivmod1
 .text.__aeabi_division_idiv0
                0x00004590        0x2 C:/appz/nxp/MCUXpressoIDE_11.10.0_3148/ide/plugins/com.nxp.mcuxpresso.tools.win32_11.10.0.202311280810/tools/bin/../lib/gcc/arm-none-eabi/13.2.1/thumb/v8-m.main+fp/hard\libcr_eabihelpers.a(division_idiv0.o)
                0x00004590                __aeabi_idiv0
 .text.__aeabi_d2iz
                0x00004592       0x42 C:/appz/nxp/MCUXpressoIDE_11.10.0_3148/ide/plugins/com.nxp.mcuxpresso.tools.win32_11.10.0.202311280810/tools/bin/../lib/gcc/arm-none-eabi/13.2.1/thumb/v8-m.main+fp/hard\libcr_eabihelpers.a(double.o)
                0x00004592                __aeabi_d2iz
 .text.__aeabi_d2lz
                0x000045d4       0x74 C:/appz/nxp/MCUXpressoIDE_11.10.0_3148/ide/plugins/com.nxp.mcuxpresso.tools.win32_11.10.0.202311280810/tools/bin/../lib/gcc/arm-none-eabi/13.2.1/thumb/v8-m.main+fp/hard\libcr_eabihelpers.a(double.o)
                0x000045d4                __aeabi_d2lz
 .text.__bhs_ui2d
                0x00004648       0x46 C:/appz/nxp/MCUXpressoIDE_11.10.0_3148/ide/plugins/com.nxp.mcuxpresso.tools.win32_11.10.0.202311280810/tools/bin/../lib/gcc/arm-none-eabi/13.2.1/thumb/v8-m.main+fp/hard\libcr_eabihelpers.a(double.o)
                0x00004648                __bhs_ui2d
 .text.__bhs_ul2d
                0x0000468e       0x8a C:/appz/nxp/MCUXpressoIDE_11.10.0_3148/ide/plugins/com.nxp.mcuxpresso.tools.win32_11.10.0.202311280810/tools/bin/../lib/gcc/arm-none-eabi/13.2.1/thumb/v8-m.main+fp/hard\libcr_eabihelpers.a(double.o)
                0x0000468e                __bhs_ul2d
 .text.__aeabi_i2d
                0x00004718       0x10 C:/appz/nxp/MCUXpressoIDE_11.10.0_3148/ide/plugins/com.nxp.mcuxpresso.tools.win32_11.10.0.202311280810/tools/bin/../lib/gcc/arm-none-eabi/13.2.1/thumb/v8-m.main+fp/hard\libcr_eabihelpers.a(double.o)
                0x00004718                __aeabi_i2d
 .text.__aeabi_ui2d
                0x00004728        0x8 C:/appz/nxp/MCUXpressoIDE_11.10.0_3148/ide/plugins/com.nxp.mcuxpresso.tools.win32_11.10.0.202311280810/tools/bin/../lib/gcc/arm-none-eabi/13.2.1/thumb/v8-m.main+fp/hard\libcr_eabihelpers.a(double.o)
                0x00004728                __aeabi_ui2d
 .text.__aeabi_l2d
                0x00004730       0x1c C:/appz/nxp/MCUXpressoIDE_11.10.0_3148/ide/plugins/com.nxp.mcuxpresso.tools.win32_11.10.0.202311280810/tools/bin/../lib/gcc/arm-none-eabi/13.2.1/thumb/v8-m.main+fp/hard\libcr_eabihelpers.a(double.o)
                0x00004730                __aeabi_l2d
 .text.__aeabi_dcmpeq
                0x0000474c       0x30 C:/appz/nxp/MCUXpressoIDE_11.10.0_3148/ide/plugins/com.nxp.mcuxpresso.tools.win32_11.10.0.202311280810/tools/bin/../lib/gcc/arm-none-eabi/13.2.1/thumb/v8-m.main+fp/hard\libcr_eabihelpers.a(double.o)
                0x0000474c                __aeabi_dcmpeq
 .text.__aeabi_dcmplt
                0x0000477c       0x56 C:/appz/nxp/MCUXpressoIDE_11.10.0_3148/ide/plugins/com.nxp.mcuxpresso.tools.win32_11.10.0.202311280810/tools/bin/../lib/gcc/arm-none-eabi/13.2.1/thumb/v8-m.main+fp/hard\libcr_eabihelpers.a(double.o)
                0x0000477c                __aeabi_dcmplt
 .text.__aeabi_dcmpgt
                0x000047d2       0x56 C:/appz/nxp/MCUXpressoIDE_11.10.0_3148/ide/plugins/com.nxp.mcuxpresso.tools.win32_11.10.0.202311280810/tools/bin/../lib/gcc/arm-none-eabi/13.2.1/thumb/v8-m.main+fp/hard\libcr_eabihelpers.a(double.o)
                0x000047d2                __aeabi_dcmpgt
 .text.__aeabi_dcmple
                0x00004828       0x54 C:/appz/nxp/MCUXpressoIDE_11.10.0_3148/ide/plugins/com.nxp.mcuxpresso.tools.win32_11.10.0.202311280810/tools/bin/../lib/gcc/arm-none-eabi/13.2.1/thumb/v8-m.main+fp/hard\libcr_eabihelpers.a(double.o)
                0x00004828                __aeabi_dcmple
 .text.__aeabi_dcmpge
                0x0000487c       0x5a C:/appz/nxp/MCUXpressoIDE_11.10.0_3148/ide/plugins/com.nxp.mcuxpresso.tools.win32_11.10.0.202311280810/tools/bin/../lib/gcc/arm-none-eabi/13.2.1/thumb/v8-m.main+fp/hard\libcr_eabihelpers.a(double.o)
                0x0000487c                __aeabi_dcmpge
 .text.__aeabi_memset_lowlevel
                0x000048d6       0x32 C:/appz/nxp/MCUXpressoIDE_11.10.0_3148/ide/plugins/com.nxp.mcuxpresso.tools.win32_11.10.0.202311280810/tools/bin/../lib/gcc/arm-none-eabi/13.2.1/thumb/v8-m.main+fp/hard\libcr_eabihelpers.a(memcpy.o)
                0x000048d6                __aeabi_lowlevel_memset
 .text.__sys_close
                0x00004908        0x6 C:/appz/nxp/MCUXpressoIDE_11.10.0_3148/ide/plugins/com.nxp.mcuxpresso.tools.win32_11.10.0.202311280810/tools/bin/../lib/gcc/arm-none-eabi/13.2.1/../../../../arm-none-eabi/lib/thumb/v8-m.main+fp/hard\libcr_nohost_nf.a(__sys_close.o)
                0x00004908                __sys_close
 .text.__sys_flen
                0x0000490e        0x6 C:/appz/nxp/MCUXpressoIDE_11.10.0_3148/ide/plugins/com.nxp.mcuxpresso.tools.win32_11.10.0.202311280810/tools/bin/../lib/gcc/arm-none-eabi/13.2.1/../../../../arm-none-eabi/lib/thumb/v8-m.main+fp/hard\libcr_nohost_nf.a(__sys_flen.o)
                0x0000490e                __sys_flen
 .text.__sys_istty
                0x00004914        0x6 C:/appz/nxp/MCUXpressoIDE_11.10.0_3148/ide/plugins/com.nxp.mcuxpresso.tools.win32_11.10.0.202311280810/tools/bin/../lib/gcc/arm-none-eabi/13.2.1/../../../../arm-none-eabi/lib/thumb/v8-m.main+fp/hard\libcr_nohost_nf.a(__sys_istty.o)
                0x00004914                __sys_istty
 .text.__sys_remove
                0x0000491a        0x6 C:/appz/nxp/MCUXpressoIDE_11.10.0_3148/ide/plugins/com.nxp.mcuxpresso.tools.win32_11.10.0.202311280810/tools/bin/../lib/gcc/arm-none-eabi/13.2.1/../../../../arm-none-eabi/lib/thumb/v8-m.main+fp/hard\libcr_nohost_nf.a(__sys_remove.o)
                0x0000491a                __sys_remove
 .text.__sys_seek
                0x00004920        0x6 C:/appz/nxp/MCUXpressoIDE_11.10.0_3148/ide/plugins/com.nxp.mcuxpresso.tools.win32_11.10.0.202311280810/tools/bin/../lib/gcc/arm-none-eabi/13.2.1/../../../../arm-none-eabi/lib/thumb/v8-m.main+fp/hard\libcr_nohost_nf.a(__sys_seek.o)
                0x00004920                __sys_seek
 .text.__sys_tmpnam
                0x00004926        0x6 C:/appz/nxp/MCUXpressoIDE_11.10.0_3148/ide/plugins/com.nxp.mcuxpresso.tools.win32_11.10.0.202311280810/tools/bin/../lib/gcc/arm-none-eabi/13.2.1/../../../../arm-none-eabi/lib/thumb/v8-m.main+fp/hard\libcr_nohost_nf.a(__sys_tmpnam.o)
                0x00004926                __sys_tmpnam
 .text.__sys_write
                0x0000492c        0x4 C:/appz/nxp/MCUXpressoIDE_11.10.0_3148/ide/plugins/com.nxp.mcuxpresso.tools.win32_11.10.0.202311280810/tools/bin/../lib/gcc/arm-none-eabi/13.2.1/../../../../arm-none-eabi/lib/thumb/v8-m.main+fp/hard\libcr_nohost_nf.a(__sys_write.o)
                0x0000492c                __sys_write
 *(SORT_BY_ALIGNMENT(.rodata) SORT_BY_ALIGNMENT(.rodata.*) SORT_BY_ALIGNMENT(.constdata) SORT_BY_ALIGNMENT(.constdata.*))
 .rodata.a2.0   0x00004930       0x40 C:/appz/nxp/MCUXpressoIDE_11.10.0_3148/ide/plugins/com.nxp.mcuxpresso.tools.win32_11.10.0.202311280810/tools/bin/../lib/gcc/arm-none-eabi/13.2.1/../../../../arm-none-eabi/lib/thumb/v8-m.main+fp/hard\libcr_c.a(pow.o)
 .rodata.a1.1   0x00004970       0x88 C:/appz/nxp/MCUXpressoIDE_11.10.0_3148/ide/plugins/com.nxp.mcuxpresso.tools.win32_11.10.0.202311280810/tools/bin/../lib/gcc/arm-none-eabi/13.2.1/../../../../arm-none-eabi/lib/thumb/v8-m.main+fp/hard\libcr_c.a(pow.o)
 .rodata.__assertion_failed.str1.4
                0x000049f8      0x625 ./utilities/fsl_assert.o
                                 0x14 (size before relaxing)
 .rodata.main.str1.4
                0x0000501d       0x51 ./source/hello_world.o
 .rodata.SDK_DelayAtLeastUs.str1.4
                0x0000501d       0x2b ./drivers/fsl_common_arm.o
 *fill*         0x0000501d        0x3 ff
 .rodata.s_flexcommBaseAddrs
                0x00005020       0x24 ./drivers/fsl_flexcomm.o
 .rodata.s_flexcommClocks
                0x00005044       0x12 ./drivers/fsl_flexcomm.o
 *fill*         0x00005056        0x2 ff
 .rodata.s_flexcommResets
                0x00005058       0x24 ./drivers/fsl_flexcomm.o
 .rodata.FLEXCOMM_GetInstance.str1.4
                0x0000507c       0x41 ./drivers/fsl_flexcomm.o
 .rodata.FLEXCOMM0_DriverIRQHandler.str1.4
                0x0000507c       0x3c ./drivers/fsl_flexcomm.o
 .rodata.FLEXCOMM1_DriverIRQHandler.str1.4
                0x0000507c       0x3c ./drivers/fsl_flexcomm.o
 .rodata.FLEXCOMM2_DriverIRQHandler.str1.4
                0x0000507c       0x3c ./drivers/fsl_flexcomm.o
 .rodata.FLEXCOMM3_DriverIRQHandler.str1.4
                0x0000507c       0x3c ./drivers/fsl_flexcomm.o
 .rodata.FLEXCOMM4_DriverIRQHandler.str1.4
                0x0000507c       0x3c ./drivers/fsl_flexcomm.o
 .rodata.FLEXCOMM5_DriverIRQHandler.str1.4
                0x0000507c       0x3c ./drivers/fsl_flexcomm.o
 .rodata.FLEXCOMM6_DriverIRQHandler.str1.4
                0x0000507c       0x3c ./drivers/fsl_flexcomm.o
 .rodata.FLEXCOMM7_DriverIRQHandler.str1.4
                0x0000507c       0x3c ./drivers/fsl_flexcomm.o
 .rodata.FLEXCOMM8_DriverIRQHandler.str1.4
                0x0000507c       0x3c ./drivers/fsl_flexcomm.o
 .rodata.RESET_SetPeripheralReset.str1.4
                0x0000507c       0x1e ./drivers/fsl_reset.o
 .rodata.RESET_ClearPeripheralReset.str1.4
                0x0000507c       0x1e ./drivers/fsl_reset.o
 .rodata.USART_Init.str1.4
                0x0000507c       0x4f ./drivers/fsl_usart.o
 .rodata.USART_GetDefaultConfig.str1.4
                0x0000507c       0x21 ./drivers/fsl_usart.o
 .rodata.USART_SetBaudRate.str1.4
                0x0000507c       0x53 ./drivers/fsl_usart.o
 .rodata.USART_WriteBlocking.str1.4
                0x0000507c       0x36 ./drivers/fsl_usart.o
 .rodata.USART_ReadBlocking.str1.4
                0x0000507c       0x36 ./drivers/fsl_usart.o
 .rodata.s_UsartAdapterBase
                0x0000507c       0x20 ./component/uart/fsl_adapter_usart.o
 .rodata.HAL_UartInitCommon.str1.4
                0x0000509c       0xeb ./component/uart/fsl_adapter_usart.o
 .rodata.HAL_UartReceiveBlocking.str1.4
                0x0000509c       0x65 ./component/uart/fsl_adapter_usart.o
 .rodata.HAL_UartSendBlocking.str1.4
                0x0000509c       0x65 ./component/uart/fsl_adapter_usart.o
 .rodata.__num_Ciob_streams
                0x0000509c        0x4 C:/appz/nxp/MCUXpressoIDE_11.10.0_3148/ide/plugins/com.nxp.mcuxpresso.tools.win32_11.10.0.202311280810/tools/bin/../lib/gcc/arm-none-eabi/13.2.1/../../../../arm-none-eabi/lib/thumb/v8-m.main+fp/hard\libcr_nohost_nf.a(__ciob.o)
                0x0000509c                __num_Ciob_streams
 .rodata._initio.str1.1
                0x000050a0        0x4 C:/appz/nxp/MCUXpressoIDE_11.10.0_3148/ide/plugins/com.nxp.mcuxpresso.tools.win32_11.10.0.202311280810/tools/bin/../lib/gcc/arm-none-eabi/13.2.1/../../../../arm-none-eabi/lib/thumb/v8-m.main+fp/hard\libcr_c.a(initio.o)
 .rodata.__ctype
                0x000050a4      0x180 C:/appz/nxp/MCUXpressoIDE_11.10.0_3148/ide/plugins/com.nxp.mcuxpresso.tools.win32_11.10.0.202311280810/tools/bin/../lib/gcc/arm-none-eabi/13.2.1/../../../../arm-none-eabi/lib/thumb/v8-m.main+fp/hard\libcr_c.a(ctype.o)
                0x000050a4                __ctype
                0x00005224                        . = ALIGN (0x4)

.glue_7         0x00005224        0x0
 .glue_7        0x00005224        0x0 linker stubs

.glue_7t        0x00005224        0x0
 .glue_7t       0x00005224        0x0 linker stubs

.vfp11_veneer   0x00005224        0x0
 .vfp11_veneer  0x00005224        0x0 linker stubs

.v4_bx          0x00005224        0x0
 .v4_bx         0x00005224        0x0 linker stubs

.iplt           0x00005224        0x0
 .iplt          0x00005224        0x0 ./utilities/fsl_assert.o

.rel.dyn        0x00005224        0x0
 .rel.iplt      0x00005224        0x0 ./utilities/fsl_assert.o

.ARM.extab
 *(SORT_BY_ALIGNMENT(.ARM.extab*) SORT_BY_ALIGNMENT(.gnu.linkonce.armextab.*))

.ARM.exidx      0x00005224        0x0
                0x00005224                        __exidx_start = .
 *(SORT_BY_ALIGNMENT(.ARM.exidx*) SORT_BY_ALIGNMENT(.gnu.linkonce.armexidx.*))
                0x00005224                        __exidx_end = .
                0x00005224                        _etext = .

.m_usb_data
 *(SORT_BY_ALIGNMENT(m_usb_global))

.data_RAM2      0x04000000        0x0 load address 0x00005224
 FILL mask 0xff
                [!provide]                        PROVIDE (__start_data_RAM2 = .)
                [!provide]                        PROVIDE (__start_data_SRAMX = .)
 *(SORT_BY_ALIGNMENT(.ramfunc.$RAM2))
 *(SORT_BY_ALIGNMENT(.ramfunc.$SRAMX))
 *(SORT_BY_ALIGNMENT(.data.$RAM2))
 *(SORT_BY_ALIGNMENT(.data.$SRAMX))
 *(SORT_BY_ALIGNMENT(.data.$RAM2.*))
 *(SORT_BY_ALIGNMENT(.data.$SRAMX.*))
                0x04000000                        . = ALIGN (0x4)
                [!provide]                        PROVIDE (__end_data_RAM2 = .)
                [!provide]                        PROVIDE (__end_data_SRAMX = .)

.data_RAM3      0x40100000        0x0 load address 0x00005224
 FILL mask 0xff
                [!provide]                        PROVIDE (__start_data_RAM3 = .)
                [!provide]                        PROVIDE (__start_data_USB_RAM = .)
 *(SORT_BY_ALIGNMENT(.ramfunc.$RAM3))
 *(SORT_BY_ALIGNMENT(.ramfunc.$USB_RAM))
 *(SORT_BY_ALIGNMENT(.data.$RAM3))
 *(SORT_BY_ALIGNMENT(.data.$USB_RAM))
 *(SORT_BY_ALIGNMENT(.data.$RAM3.*))
 *(SORT_BY_ALIGNMENT(.data.$USB_RAM.*))
                0x40100000                        . = ALIGN (0x4)
                [!provide]                        PROVIDE (__end_data_RAM3 = .)
                [!provide]                        PROVIDE (__end_data_USB_RAM = .)

.data_RAM4      0x20040000        0x0 load address 0x00005224
 FILL mask 0xff
                [!provide]                        PROVIDE (__start_data_RAM4 = .)
                [!provide]                        PROVIDE (__start_data_SRAM4 = .)
 *(SORT_BY_ALIGNMENT(.ramfunc.$RAM4))
 *(SORT_BY_ALIGNMENT(.ramfunc.$SRAM4))
 *(SORT_BY_ALIGNMENT(.data.$RAM4))
 *(SORT_BY_ALIGNMENT(.data.$SRAM4))
 *(SORT_BY_ALIGNMENT(.data.$RAM4.*))
 *(SORT_BY_ALIGNMENT(.data.$SRAM4.*))
                0x20040000                        . = ALIGN (0x4)
                [!provide]                        PROVIDE (__end_data_RAM4 = .)
                [!provide]                        PROVIDE (__end_data_SRAM4 = .)

.uninit_RESERVED
                0x20000000        0x0
                0x20000000                        _start_uninit_RESERVED = .
 *(SORT_BY_ALIGNMENT(.bss.$RESERVED*))
                0x20000000                        . = ALIGN (0x4)
                0x20000000                        _end_uninit_RESERVED = .

.data           0x20000000       0x20 load address 0x00005224
 FILL mask 0xff
                0x20000000                        _data = .
                [!provide]                        PROVIDE (__start_data_RAM = .)
                [!provide]                        PROVIDE (__start_data_SRAM = .)
 *(SORT_BY_ALIGNMENT(vtable))
 *(SORT_BY_ALIGNMENT(.ramfunc*))
 *(SORT_BY_ALIGNMENT(CodeQuickAccess))
 *(SORT_BY_ALIGNMENT(DataQuickAccess))
 *(SORT_BY_ALIGNMENT(RamFunction))
 *(SORT_BY_ALIGNMENT(.data*))
 .data.password_stored
                0x20000000       0x15 ./source/hello_world.o
                0x20000000                password_stored
 *fill*         0x20000015        0x3 ff
 .data.s_Ext_Clk_Freq
                0x20000018        0x4 ./drivers/fsl_clock.o
 .data.SystemCoreClock
                0x2000001c        0x4 ./device/system_LPC55S69_cm33_core0.o
                0x2000001c                SystemCoreClock
                0x20000020                        . = ALIGN (0x4)
                0x20000020                        _edata = .
                [!provide]                        PROVIDE (__end_data_RAM = .)
                [!provide]                        PROVIDE (__end_data_SRAM = .)

.igot.plt       0x20000020        0x0 load address 0x00005244
 .igot.plt      0x20000020        0x0 ./utilities/fsl_assert.o

.bss_RAM2       0x04000000        0x0
                [!provide]                        PROVIDE (__start_bss_RAM2 = .)
                [!provide]                        PROVIDE (__start_bss_SRAMX = .)
 *(SORT_BY_ALIGNMENT(.bss.$RAM2))
 *(SORT_BY_ALIGNMENT(.bss.$SRAMX))
 *(SORT_BY_ALIGNMENT(.bss.$RAM2.*))
 *(SORT_BY_ALIGNMENT(.bss.$SRAMX.*))
                0x04000000                        . = ALIGN ((. != 0x0)?0x4:0x1)
                [!provide]                        PROVIDE (__end_bss_RAM2 = .)
                [!provide]                        PROVIDE (__end_bss_SRAMX = .)

.bss_RAM3       0x40100000        0x0
                [!provide]                        PROVIDE (__start_bss_RAM3 = .)
                [!provide]                        PROVIDE (__start_bss_USB_RAM = .)
 *(SORT_BY_ALIGNMENT(.bss.$RAM3))
 *(SORT_BY_ALIGNMENT(.bss.$USB_RAM))
 *(SORT_BY_ALIGNMENT(.bss.$RAM3.*))
 *(SORT_BY_ALIGNMENT(.bss.$USB_RAM.*))
                0x40100000                        . = ALIGN ((. != 0x0)?0x4:0x1)
                [!provide]                        PROVIDE (__end_bss_RAM3 = .)
                [!provide]                        PROVIDE (__end_bss_USB_RAM = .)

.bss_RAM4       0x20040000        0x0
                [!provide]                        PROVIDE (__start_bss_RAM4 = .)
                [!provide]                        PROVIDE (__start_bss_SRAM4 = .)
 *(SORT_BY_ALIGNMENT(.bss.$RAM4))
 *(SORT_BY_ALIGNMENT(.bss.$SRAM4))
 *(SORT_BY_ALIGNMENT(.bss.$RAM4.*))
 *(SORT_BY_ALIGNMENT(.bss.$SRAM4.*))
                0x20040000                        . = ALIGN ((. != 0x0)?0x4:0x1)
                [!provide]                        PROVIDE (__end_bss_RAM4 = .)
                [!provide]                        PROVIDE (__end_bss_SRAM4 = .)

.bss            0x20000020      0x140
                0x20000020                        _bss = .
                [!provide]                        PROVIDE (__start_bss_RAM = .)
                [!provide]                        PROVIDE (__start_bss_SRAM = .)
 *(SORT_BY_ALIGNMENT(.bss*))
 .bss.s_debugConsole
                0x20000020       0x14 ./utilities/fsl_debug_console.o
 .bss.DWT1      0x20000034        0x4 ./source/hello_world.o
                0x20000034                DWT1
 .bss.DWT2      0x20000038        0x4 ./source/hello_world.o
                0x20000038                DWT2
 .bss.input     0x2000003c       0x15 ./source/hello_world.o
                0x2000003c                input
 *fill*         0x20000051        0x3 
 .bss.status    0x20000054        0x4 ./source/hello_world.o
                0x20000054                status
 .bss.pswd_len  0x20000058        0x4 ./source/hello_world.o
                0x20000058                pswd_len
 .bss.s_Pll0_Freq
                0x2000005c        0x4 ./drivers/fsl_clock.o
 .bss.s_flexcommIrqHandler
                0x20000060       0x24 ./drivers/fsl_flexcomm.o
 .bss.s_flexcommHandle
                0x20000084       0x24 ./drivers/fsl_flexcomm.o
 .bss.errno     0x200000a8        0x4 C:/appz/nxp/MCUXpressoIDE_11.10.0_3148/ide/plugins/com.nxp.mcuxpresso.tools.win32_11.10.0.202311280810/tools/bin/../lib/gcc/arm-none-eabi/13.2.1/../../../../arm-none-eabi/lib/thumb/v8-m.main+fp/hard\libcr_c.a(errno.o)
                0x200000a8                errno
 .bss.__Ciob    0x200000ac       0xb4 C:/appz/nxp/MCUXpressoIDE_11.10.0_3148/ide/plugins/com.nxp.mcuxpresso.tools.win32_11.10.0.202311280810/tools/bin/../lib/gcc/arm-none-eabi/13.2.1/../../../../arm-none-eabi/lib/thumb/v8-m.main+fp/hard\libcr_nohost_nf.a(__ciob.o)
                0x200000ac                __Ciob
 *(SORT_BY_ALIGNMENT(COMMON))
                0x20000160                        . = ALIGN (0x4)
                0x20000160                        _ebss = .
                [!provide]                        PROVIDE (__end_bss_RAM = .)
                [!provide]                        PROVIDE (__end_bss_SRAM = .)
                [!provide]                        PROVIDE (end = .)

.noinit_RAM2    0x04000000        0x0
                [!provide]                        PROVIDE (__start_noinit_RAM2 = .)
                [!provide]                        PROVIDE (__start_noinit_SRAMX = .)
 *(SORT_BY_ALIGNMENT(.noinit.$RAM2))
 *(SORT_BY_ALIGNMENT(.noinit.$SRAMX))
 *(SORT_BY_ALIGNMENT(.noinit.$RAM2.*))
 *(SORT_BY_ALIGNMENT(.noinit.$SRAMX.*))
                0x04000000                        . = ALIGN (0x4)
                [!provide]                        PROVIDE (__end_noinit_RAM2 = .)
                [!provide]                        PROVIDE (__end_noinit_SRAMX = .)

.noinit_RAM3    0x40100000        0x0
                [!provide]                        PROVIDE (__start_noinit_RAM3 = .)
                [!provide]                        PROVIDE (__start_noinit_USB_RAM = .)
 *(SORT_BY_ALIGNMENT(.noinit.$RAM3))
 *(SORT_BY_ALIGNMENT(.noinit.$USB_RAM))
 *(SORT_BY_ALIGNMENT(.noinit.$RAM3.*))
 *(SORT_BY_ALIGNMENT(.noinit.$USB_RAM.*))
                0x40100000                        . = ALIGN (0x4)
                [!provide]                        PROVIDE (__end_noinit_RAM3 = .)
                [!provide]                        PROVIDE (__end_noinit_USB_RAM = .)

.noinit_RAM4    0x20040000        0x0
                [!provide]                        PROVIDE (__start_noinit_RAM4 = .)
                [!provide]                        PROVIDE (__start_noinit_SRAM4 = .)
 *(SORT_BY_ALIGNMENT(.noinit.$RAM4))
 *(SORT_BY_ALIGNMENT(.noinit.$SRAM4))
 *(SORT_BY_ALIGNMENT(.noinit.$RAM4.*))
 *(SORT_BY_ALIGNMENT(.noinit.$SRAM4.*))
                0x20040000                        . = ALIGN (0x4)
                [!provide]                        PROVIDE (__end_noinit_RAM4 = .)
                [!provide]                        PROVIDE (__end_noinit_SRAM4 = .)

.noinit         0x20000160        0x0
                0x20000160                        _noinit = .
                [!provide]                        PROVIDE (__start_noinit_RAM = .)
                [!provide]                        PROVIDE (__start_noinit_SRAM = .)
 *(SORT_BY_ALIGNMENT(.noinit*))
                0x20000160                        . = ALIGN (0x4)
                0x20000160                        _end_noinit = .
                [!provide]                        PROVIDE (__end_noinit_RAM = .)
                [!provide]                        PROVIDE (__end_noinit_SRAM = .)
                0x00001000                        _HeapSize = 0x1000

.heap           0x20000160     0x1000
                0x20000160                        _pvHeapStart = .
                0x20001160                        . = (. + _HeapSize)
 *fill*         0x20000160     0x1000 
                0x20001160                        . = ALIGN (0x4)
                0x20001160                        _pvHeapLimit = .
                0x00001000                        _StackSize = 0x1000

.heap2stackfill
                0x20001160     0x1000
                0x20002160                        . = (. + _StackSize)
 *fill*         0x20001160     0x1000 

.stack          0x2003f000        0x0
                0x2003f000                        _vStackBase = .
                0x2003f000                        . = ALIGN (0x4)
                0x20040000                        _vStackTop = (. + _StackSize)
                [!provide]                        PROVIDE (__valid_user_code_checksum = (0x0 - ((((((_vStackTop + (ResetISR + 0x1)) + (NMI_Handler + 0x1)) + (HardFault_Handler + 0x1)) + (DEFINED (MemManage_Handler)?MemManage_Handler:0x0 + 0x1)) + (DEFINED (BusFault_Handler)?BusFault_Handler:0x0 + 0x1)) + (DEFINED (UsageFault_Handler)?UsageFault_Handler:0x0 + 0x1))))
                0x00000000                        _image_start = LOADADDR (.text)
                0x00005244                        _image_end = (LOADADDR (.data) + SIZEOF (.data))
                0x00005244                        _image_size = (_image_end - _image_start)
OUTPUT(lpcxpresso55s69_hello_world.axf elf32-littlearm)
LOAD linker stubs

.debug_info     0x00000000    0x1b348
 .debug_info    0x00000000      0x12e ./utilities/fsl_assert.o
 .debug_info    0x0000012e      0xe9c ./utilities/fsl_debug_console.o
 .debug_info    0x00000fca       0x24 ./utilities/fsl_memcpy.o
 .debug_info    0x00000fee      0xed1 ./utilities/fsl_str.o
 .debug_info    0x00001ebf      0x9d0 ./startup/startup_lpc55s69_cm33_core0.o
 .debug_info    0x0000288f     0x1cd3 ./source/hello_world.o
 .debug_info    0x00004562       0x3c ./source/semihost_hardfault.o
 .debug_info    0x0000459e     0x340f ./drivers/fsl_clock.o
 .debug_info    0x000079ad      0x623 ./drivers/fsl_common_arm.o
 .debug_info    0x00007fd0     0x1b2e ./drivers/fsl_flexcomm.o
 .debug_info    0x00009afe     0x2b16 ./drivers/fsl_power.o
 .debug_info    0x0000c614      0xf02 ./drivers/fsl_reset.o
 .debug_info    0x0000d516     0x19bb ./drivers/fsl_usart.o
 .debug_info    0x0000eed1     0x14f8 ./device/system_LPC55S69_cm33_core0.o
 .debug_info    0x000103c9      0xd6e ./component/uart/fsl_adapter_usart.o
 .debug_info    0x00011137      0x8c8 ./board/board.o
 .debug_info    0x000119ff     0x181d ./board/clock_config.o
 .debug_info    0x0001321c      0xf8a ./board/pin_mux.o
 .debug_info    0x000141a6       0x85 C:/appz/nxp/MCUXpressoIDE_11.10.0_3148/ide/plugins/com.nxp.mcuxpresso.tools.win32_11.10.0.202311280810/tools/bin/../lib/gcc/arm-none-eabi/13.2.1/../../../../arm-none-eabi/lib/thumb/v8-m.main+fp/hard\libcr_nohost_nf.a(_cr__main.o)
 .debug_info    0x0001422b       0xfc C:/appz/nxp/MCUXpressoIDE_11.10.0_3148/ide/plugins/com.nxp.mcuxpresso.tools.win32_11.10.0.202311280810/tools/bin/../lib/gcc/arm-none-eabi/13.2.1/../../../../arm-none-eabi/lib/thumb/v8-m.main+fp/hard\libcr_c.a(memset.o)
 .debug_info    0x00014327      0x520 C:/appz/nxp/MCUXpressoIDE_11.10.0_3148/ide/plugins/com.nxp.mcuxpresso.tools.win32_11.10.0.202311280810/tools/bin/../lib/gcc/arm-none-eabi/13.2.1/../../../../arm-none-eabi/lib/thumb/v8-m.main+fp/hard\libcr_c.a(alloc.o)
 .debug_info    0x00014847       0x44 C:/appz/nxp/MCUXpressoIDE_11.10.0_3148/ide/plugins/com.nxp.mcuxpresso.tools.win32_11.10.0.202311280810/tools/bin/../lib/gcc/arm-none-eabi/13.2.1/../../../../arm-none-eabi/lib/thumb/v8-m.main+fp/hard\libcr_c.a(errno.o)
 .debug_info    0x0001488b      0x339 C:/appz/nxp/MCUXpressoIDE_11.10.0_3148/ide/plugins/com.nxp.mcuxpresso.tools.win32_11.10.0.202311280810/tools/bin/../lib/gcc/arm-none-eabi/13.2.1/../../../../arm-none-eabi/lib/thumb/v8-m.main+fp/hard\libcr_c.a(initio.o)
 .debug_info    0x00014bc4      0x165 C:/appz/nxp/MCUXpressoIDE_11.10.0_3148/ide/plugins/com.nxp.mcuxpresso.tools.win32_11.10.0.202311280810/tools/bin/../lib/gcc/arm-none-eabi/13.2.1/../../../../arm-none-eabi/lib/thumb/v8-m.main+fp/hard\libcr_c.a(modf.o)
 .debug_info    0x00014d29      0x625 C:/appz/nxp/MCUXpressoIDE_11.10.0_3148/ide/plugins/com.nxp.mcuxpresso.tools.win32_11.10.0.202311280810/tools/bin/../lib/gcc/arm-none-eabi/13.2.1/../../../../arm-none-eabi/lib/thumb/v8-m.main+fp/hard\libcr_c.a(pow.o)
 .debug_info    0x0001534e     0x19ef C:/appz/nxp/MCUXpressoIDE_11.10.0_3148/ide/plugins/com.nxp.mcuxpresso.tools.win32_11.10.0.202311280810/tools/bin/../lib/gcc/arm-none-eabi/13.2.1/../../../../arm-none-eabi/lib/thumb/v8-m.main+fp/hard\libcr_c.a(scanf.o)
 .debug_info    0x00016d3d      0x1fd C:/appz/nxp/MCUXpressoIDE_11.10.0_3148/ide/plugins/com.nxp.mcuxpresso.tools.win32_11.10.0.202311280810/tools/bin/../lib/gcc/arm-none-eabi/13.2.1/../../../../arm-none-eabi/lib/thumb/v8-m.main+fp/hard\libcr_c.a(setvbuf.o)
 .debug_info    0x00016f3a       0xe1 C:/appz/nxp/MCUXpressoIDE_11.10.0_3148/ide/plugins/com.nxp.mcuxpresso.tools.win32_11.10.0.202311280810/tools/bin/../lib/gcc/arm-none-eabi/13.2.1/../../../../arm-none-eabi/lib/thumb/v8-m.main+fp/hard\libcr_c.a(strlen.o)
 .debug_info    0x0001701b      0x369 C:/appz/nxp/MCUXpressoIDE_11.10.0_3148/ide/plugins/com.nxp.mcuxpresso.tools.win32_11.10.0.202311280810/tools/bin/../lib/gcc/arm-none-eabi/13.2.1/../../../../arm-none-eabi/lib/thumb/v8-m.main+fp/hard\libcr_c.a(_deferredlazyseek.o)
 .debug_info    0x00017384      0x24b C:/appz/nxp/MCUXpressoIDE_11.10.0_3148/ide/plugins/com.nxp.mcuxpresso.tools.win32_11.10.0.202311280810/tools/bin/../lib/gcc/arm-none-eabi/13.2.1/../../../../arm-none-eabi/lib/thumb/v8-m.main+fp/hard\libcr_c.a(_fdopen.o)
 .debug_info    0x000175cf      0x1e3 C:/appz/nxp/MCUXpressoIDE_11.10.0_3148/ide/plugins/com.nxp.mcuxpresso.tools.win32_11.10.0.202311280810/tools/bin/../lib/gcc/arm-none-eabi/13.2.1/../../../../arm-none-eabi/lib/thumb/v8-m.main+fp/hard\libcr_c.a(_fflush.o)
 .debug_info    0x000177b2      0x289 C:/appz/nxp/MCUXpressoIDE_11.10.0_3148/ide/plugins/com.nxp.mcuxpresso.tools.win32_11.10.0.202311280810/tools/bin/../lib/gcc/arm-none-eabi/13.2.1/../../../../arm-none-eabi/lib/thumb/v8-m.main+fp/hard\libcr_c.a(_writebuf.o)
 .debug_info    0x00017a3b      0x2f8 C:/appz/nxp/MCUXpressoIDE_11.10.0_3148/ide/plugins/com.nxp.mcuxpresso.tools.win32_11.10.0.202311280810/tools/bin/../lib/gcc/arm-none-eabi/13.2.1/../../../../arm-none-eabi/lib/thumb/v8-m.main+fp/hard\libcr_c.a(ctype.o)
 .debug_info    0x00017d33      0x318 C:/appz/nxp/MCUXpressoIDE_11.10.0_3148/ide/plugins/com.nxp.mcuxpresso.tools.win32_11.10.0.202311280810/tools/bin/../lib/gcc/arm-none-eabi/13.2.1/../../../../arm-none-eabi/lib/thumb/v8-m.main+fp/hard\libcr_c.a(fclose.o)
 .debug_info    0x0001804b      0x209 C:/appz/nxp/MCUXpressoIDE_11.10.0_3148/ide/plugins/com.nxp.mcuxpresso.tools.win32_11.10.0.202311280810/tools/bin/../lib/gcc/arm-none-eabi/13.2.1/../../../../arm-none-eabi/lib/thumb/v8-m.main+fp/hard\libcr_c.a(fflush.o)
 .debug_info    0x00018254      0x166 C:/appz/nxp/MCUXpressoIDE_11.10.0_3148/ide/plugins/com.nxp.mcuxpresso.tools.win32_11.10.0.202311280810/tools/bin/../lib/gcc/arm-none-eabi/13.2.1/../../../../arm-none-eabi/lib/thumb/v8-m.main+fp/hard\libcr_c.a(frexp.o)
 .debug_info    0x000183ba      0x276 C:/appz/nxp/MCUXpressoIDE_11.10.0_3148/ide/plugins/com.nxp.mcuxpresso.tools.win32_11.10.0.202311280810/tools/bin/../lib/gcc/arm-none-eabi/13.2.1/../../../../arm-none-eabi/lib/thumb/v8-m.main+fp/hard\libcr_c.a(fseek.o)
 .debug_info    0x00018630      0x197 C:/appz/nxp/MCUXpressoIDE_11.10.0_3148/ide/plugins/com.nxp.mcuxpresso.tools.win32_11.10.0.202311280810/tools/bin/../lib/gcc/arm-none-eabi/13.2.1/../../../../arm-none-eabi/lib/thumb/v8-m.main+fp/hard\libcr_c.a(ftell.o)
 .debug_info    0x000187c7      0x14e C:/appz/nxp/MCUXpressoIDE_11.10.0_3148/ide/plugins/com.nxp.mcuxpresso.tools.win32_11.10.0.202311280810/tools/bin/../lib/gcc/arm-none-eabi/13.2.1/../../../../arm-none-eabi/lib/thumb/v8-m.main+fp/hard\libcr_c.a(ldexp.o)
 .debug_info    0x00018915      0x1d7 C:/appz/nxp/MCUXpressoIDE_11.10.0_3148/ide/plugins/com.nxp.mcuxpresso.tools.win32_11.10.0.202311280810/tools/bin/../lib/gcc/arm-none-eabi/13.2.1/../../../../arm-none-eabi/lib/thumb/v8-m.main+fp/hard\libcr_c.a(remove.o)
 .debug_info    0x00018aec      0x23a C:/appz/nxp/MCUXpressoIDE_11.10.0_3148/ide/plugins/com.nxp.mcuxpresso.tools.win32_11.10.0.202311280810/tools/bin/../lib/gcc/arm-none-eabi/13.2.1/../../../../arm-none-eabi/lib/thumb/v8-m.main+fp/hard\libcr_c.a(_do_fflush.o)
 .debug_info    0x00018d26     0x2131 C:/appz/nxp/MCUXpressoIDE_11.10.0_3148/ide/plugins/com.nxp.mcuxpresso.tools.win32_11.10.0.202311280810/tools/bin/../lib/gcc/arm-none-eabi/13.2.1/thumb/v8-m.main+fp/hard\libcr_eabihelpers.a(double.o)
 .debug_info    0x0001ae57      0x18b C:/appz/nxp/MCUXpressoIDE_11.10.0_3148/ide/plugins/com.nxp.mcuxpresso.tools.win32_11.10.0.202311280810/tools/bin/../lib/gcc/arm-none-eabi/13.2.1/../../../../arm-none-eabi/lib/thumb/v8-m.main+fp/hard\libcr_nohost_nf.a(__ciob.o)
 .debug_info    0x0001afe2       0x6a C:/appz/nxp/MCUXpressoIDE_11.10.0_3148/ide/plugins/com.nxp.mcuxpresso.tools.win32_11.10.0.202311280810/tools/bin/../lib/gcc/arm-none-eabi/13.2.1/../../../../arm-none-eabi/lib/thumb/v8-m.main+fp/hard\libcr_nohost_nf.a(__sys_close.o)
 .debug_info    0x0001b04c       0x6a C:/appz/nxp/MCUXpressoIDE_11.10.0_3148/ide/plugins/com.nxp.mcuxpresso.tools.win32_11.10.0.202311280810/tools/bin/../lib/gcc/arm-none-eabi/13.2.1/../../../../arm-none-eabi/lib/thumb/v8-m.main+fp/hard\libcr_nohost_nf.a(__sys_flen.o)
 .debug_info    0x0001b0b6       0x6a C:/appz/nxp/MCUXpressoIDE_11.10.0_3148/ide/plugins/com.nxp.mcuxpresso.tools.win32_11.10.0.202311280810/tools/bin/../lib/gcc/arm-none-eabi/13.2.1/../../../../arm-none-eabi/lib/thumb/v8-m.main+fp/hard\libcr_nohost_nf.a(__sys_istty.o)
 .debug_info    0x0001b120       0x8a C:/appz/nxp/MCUXpressoIDE_11.10.0_3148/ide/plugins/com.nxp.mcuxpresso.tools.win32_11.10.0.202311280810/tools/bin/../lib/gcc/arm-none-eabi/13.2.1/../../../../arm-none-eabi/lib/thumb/v8-m.main+fp/hard\libcr_nohost_nf.a(__sys_remove.o)
 .debug_info    0x0001b1aa       0x78 C:/appz/nxp/MCUXpressoIDE_11.10.0_3148/ide/plugins/com.nxp.mcuxpresso.tools.win32_11.10.0.202311280810/tools/bin/../lib/gcc/arm-none-eabi/13.2.1/../../../../arm-none-eabi/lib/thumb/v8-m.main+fp/hard\libcr_nohost_nf.a(__sys_seek.o)
 .debug_info    0x0001b222       0x93 C:/appz/nxp/MCUXpressoIDE_11.10.0_3148/ide/plugins/com.nxp.mcuxpresso.tools.win32_11.10.0.202311280810/tools/bin/../lib/gcc/arm-none-eabi/13.2.1/../../../../arm-none-eabi/lib/thumb/v8-m.main+fp/hard\libcr_nohost_nf.a(__sys_tmpnam.o)
 .debug_info    0x0001b2b5       0x93 C:/appz/nxp/MCUXpressoIDE_11.10.0_3148/ide/plugins/com.nxp.mcuxpresso.tools.win32_11.10.0.202311280810/tools/bin/../lib/gcc/arm-none-eabi/13.2.1/../../../../arm-none-eabi/lib/thumb/v8-m.main+fp/hard\libcr_nohost_nf.a(__sys_write.o)

.debug_abbrev   0x00000000     0x45d8
 .debug_abbrev  0x00000000       0xbd ./utilities/fsl_assert.o
 .debug_abbrev  0x000000bd      0x282 ./utilities/fsl_debug_console.o
 .debug_abbrev  0x0000033f       0x14 ./utilities/fsl_memcpy.o
 .debug_abbrev  0x00000353      0x287 ./utilities/fsl_str.o
 .debug_abbrev  0x000005da      0x147 ./startup/startup_lpc55s69_cm33_core0.o
 .debug_abbrev  0x00000721      0x239 ./source/hello_world.o
 .debug_abbrev  0x0000095a       0x31 ./source/semihost_hardfault.o
 .debug_abbrev  0x0000098b      0x3a8 ./drivers/fsl_clock.o
 .debug_abbrev  0x00000d33      0x17b ./drivers/fsl_common_arm.o
 .debug_abbrev  0x00000eae      0x2be ./drivers/fsl_flexcomm.o
 .debug_abbrev  0x0000116c      0x368 ./drivers/fsl_power.o
 .debug_abbrev  0x000014d4      0x182 ./drivers/fsl_reset.o
 .debug_abbrev  0x00001656      0x3d5 ./drivers/fsl_usart.o
 .debug_abbrev  0x00001a2b      0x216 ./device/system_LPC55S69_cm33_core0.o
 .debug_abbrev  0x00001c41      0x249 ./component/uart/fsl_adapter_usart.o
 .debug_abbrev  0x00001e8a      0x113 ./board/board.o
 .debug_abbrev  0x00001f9d      0x226 ./board/clock_config.o
 .debug_abbrev  0x000021c3      0x1d9 ./board/pin_mux.o
 .debug_abbrev  0x0000239c       0x70 C:/appz/nxp/MCUXpressoIDE_11.10.0_3148/ide/plugins/com.nxp.mcuxpresso.tools.win32_11.10.0.202311280810/tools/bin/../lib/gcc/arm-none-eabi/13.2.1/../../../../arm-none-eabi/lib/thumb/v8-m.main+fp/hard\libcr_nohost_nf.a(_cr__main.o)
 .debug_abbrev  0x0000240c       0xa8 C:/appz/nxp/MCUXpressoIDE_11.10.0_3148/ide/plugins/com.nxp.mcuxpresso.tools.win32_11.10.0.202311280810/tools/bin/../lib/gcc/arm-none-eabi/13.2.1/../../../../arm-none-eabi/lib/thumb/v8-m.main+fp/hard\libcr_c.a(memset.o)
 .debug_abbrev  0x000024b4      0x284 C:/appz/nxp/MCUXpressoIDE_11.10.0_3148/ide/plugins/com.nxp.mcuxpresso.tools.win32_11.10.0.202311280810/tools/bin/../lib/gcc/arm-none-eabi/13.2.1/../../../../arm-none-eabi/lib/thumb/v8-m.main+fp/hard\libcr_c.a(alloc.o)
 .debug_abbrev  0x00002738       0x44 C:/appz/nxp/MCUXpressoIDE_11.10.0_3148/ide/plugins/com.nxp.mcuxpresso.tools.win32_11.10.0.202311280810/tools/bin/../lib/gcc/arm-none-eabi/13.2.1/../../../../arm-none-eabi/lib/thumb/v8-m.main+fp/hard\libcr_c.a(errno.o)
 .debug_abbrev  0x0000277c      0x169 C:/appz/nxp/MCUXpressoIDE_11.10.0_3148/ide/plugins/com.nxp.mcuxpresso.tools.win32_11.10.0.202311280810/tools/bin/../lib/gcc/arm-none-eabi/13.2.1/../../../../arm-none-eabi/lib/thumb/v8-m.main+fp/hard\libcr_c.a(initio.o)
 .debug_abbrev  0x000028e5      0x104 C:/appz/nxp/MCUXpressoIDE_11.10.0_3148/ide/plugins/com.nxp.mcuxpresso.tools.win32_11.10.0.202311280810/tools/bin/../lib/gcc/arm-none-eabi/13.2.1/../../../../arm-none-eabi/lib/thumb/v8-m.main+fp/hard\libcr_c.a(modf.o)
 .debug_abbrev  0x000029e9      0x129 C:/appz/nxp/MCUXpressoIDE_11.10.0_3148/ide/plugins/com.nxp.mcuxpresso.tools.win32_11.10.0.202311280810/tools/bin/../lib/gcc/arm-none-eabi/13.2.1/../../../../arm-none-eabi/lib/thumb/v8-m.main+fp/hard\libcr_c.a(pow.o)
 .debug_abbrev  0x00002b12      0x453 C:/appz/nxp/MCUXpressoIDE_11.10.0_3148/ide/plugins/com.nxp.mcuxpresso.tools.win32_11.10.0.202311280810/tools/bin/../lib/gcc/arm-none-eabi/13.2.1/../../../../arm-none-eabi/lib/thumb/v8-m.main+fp/hard\libcr_c.a(scanf.o)
 .debug_abbrev  0x00002f65       0xe1 C:/appz/nxp/MCUXpressoIDE_11.10.0_3148/ide/plugins/com.nxp.mcuxpresso.tools.win32_11.10.0.202311280810/tools/bin/../lib/gcc/arm-none-eabi/13.2.1/../../../../arm-none-eabi/lib/thumb/v8-m.main+fp/hard\libcr_c.a(setvbuf.o)
 .debug_abbrev  0x00003046       0xa7 C:/appz/nxp/MCUXpressoIDE_11.10.0_3148/ide/plugins/com.nxp.mcuxpresso.tools.win32_11.10.0.202311280810/tools/bin/../lib/gcc/arm-none-eabi/13.2.1/../../../../arm-none-eabi/lib/thumb/v8-m.main+fp/hard\libcr_c.a(strlen.o)
 .debug_abbrev  0x000030ed      0x152 C:/appz/nxp/MCUXpressoIDE_11.10.0_3148/ide/plugins/com.nxp.mcuxpresso.tools.win32_11.10.0.202311280810/tools/bin/../lib/gcc/arm-none-eabi/13.2.1/../../../../arm-none-eabi/lib/thumb/v8-m.main+fp/hard\libcr_c.a(_deferredlazyseek.o)
 .debug_abbrev  0x0000323f      0x119 C:/appz/nxp/MCUXpressoIDE_11.10.0_3148/ide/plugins/com.nxp.mcuxpresso.tools.win32_11.10.0.202311280810/tools/bin/../lib/gcc/arm-none-eabi/13.2.1/../../../../arm-none-eabi/lib/thumb/v8-m.main+fp/hard\libcr_c.a(_fdopen.o)
 .debug_abbrev  0x00003358       0xf1 C:/appz/nxp/MCUXpressoIDE_11.10.0_3148/ide/plugins/com.nxp.mcuxpresso.tools.win32_11.10.0.202311280810/tools/bin/../lib/gcc/arm-none-eabi/13.2.1/../../../../arm-none-eabi/lib/thumb/v8-m.main+fp/hard\libcr_c.a(_fflush.o)
 .debug_abbrev  0x00003449      0x126 C:/appz/nxp/MCUXpressoIDE_11.10.0_3148/ide/plugins/com.nxp.mcuxpresso.tools.win32_11.10.0.202311280810/tools/bin/../lib/gcc/arm-none-eabi/13.2.1/../../../../arm-none-eabi/lib/thumb/v8-m.main+fp/hard\libcr_c.a(_writebuf.o)
 .debug_abbrev  0x0000356f       0xba C:/appz/nxp/MCUXpressoIDE_11.10.0_3148/ide/plugins/com.nxp.mcuxpresso.tools.win32_11.10.0.202311280810/tools/bin/../lib/gcc/arm-none-eabi/13.2.1/../../../../arm-none-eabi/lib/thumb/v8-m.main+fp/hard\libcr_c.a(ctype.o)
 .debug_abbrev  0x00003629      0x155 C:/appz/nxp/MCUXpressoIDE_11.10.0_3148/ide/plugins/com.nxp.mcuxpresso.tools.win32_11.10.0.202311280810/tools/bin/../lib/gcc/arm-none-eabi/13.2.1/../../../../arm-none-eabi/lib/thumb/v8-m.main+fp/hard\libcr_c.a(fclose.o)
 .debug_abbrev  0x0000377e      0x125 C:/appz/nxp/MCUXpressoIDE_11.10.0_3148/ide/plugins/com.nxp.mcuxpresso.tools.win32_11.10.0.202311280810/tools/bin/../lib/gcc/arm-none-eabi/13.2.1/../../../../arm-none-eabi/lib/thumb/v8-m.main+fp/hard\libcr_c.a(fflush.o)
 .debug_abbrev  0x000038a3      0x114 C:/appz/nxp/MCUXpressoIDE_11.10.0_3148/ide/plugins/com.nxp.mcuxpresso.tools.win32_11.10.0.202311280810/tools/bin/../lib/gcc/arm-none-eabi/13.2.1/../../../../arm-none-eabi/lib/thumb/v8-m.main+fp/hard\libcr_c.a(frexp.o)
 .debug_abbrev  0x000039b7      0x11b C:/appz/nxp/MCUXpressoIDE_11.10.0_3148/ide/plugins/com.nxp.mcuxpresso.tools.win32_11.10.0.202311280810/tools/bin/../lib/gcc/arm-none-eabi/13.2.1/../../../../arm-none-eabi/lib/thumb/v8-m.main+fp/hard\libcr_c.a(fseek.o)
 .debug_abbrev  0x00003ad2       0xc2 C:/appz/nxp/MCUXpressoIDE_11.10.0_3148/ide/plugins/com.nxp.mcuxpresso.tools.win32_11.10.0.202311280810/tools/bin/../lib/gcc/arm-none-eabi/13.2.1/../../../../arm-none-eabi/lib/thumb/v8-m.main+fp/hard\libcr_c.a(ftell.o)
 .debug_abbrev  0x00003b94      0x106 C:/appz/nxp/MCUXpressoIDE_11.10.0_3148/ide/plugins/com.nxp.mcuxpresso.tools.win32_11.10.0.202311280810/tools/bin/../lib/gcc/arm-none-eabi/13.2.1/../../../../arm-none-eabi/lib/thumb/v8-m.main+fp/hard\libcr_c.a(ldexp.o)
 .debug_abbrev  0x00003c9a       0xfb C:/appz/nxp/MCUXpressoIDE_11.10.0_3148/ide/plugins/com.nxp.mcuxpresso.tools.win32_11.10.0.202311280810/tools/bin/../lib/gcc/arm-none-eabi/13.2.1/../../../../arm-none-eabi/lib/thumb/v8-m.main+fp/hard\libcr_c.a(remove.o)
 .debug_abbrev  0x00003d95      0x12c C:/appz/nxp/MCUXpressoIDE_11.10.0_3148/ide/plugins/com.nxp.mcuxpresso.tools.win32_11.10.0.202311280810/tools/bin/../lib/gcc/arm-none-eabi/13.2.1/../../../../arm-none-eabi/lib/thumb/v8-m.main+fp/hard\libcr_c.a(_do_fflush.o)
 .debug_abbrev  0x00003ec1      0x378 C:/appz/nxp/MCUXpressoIDE_11.10.0_3148/ide/plugins/com.nxp.mcuxpresso.tools.win32_11.10.0.202311280810/tools/bin/../lib/gcc/arm-none-eabi/13.2.1/thumb/v8-m.main+fp/hard\libcr_eabihelpers.a(double.o)
 .debug_abbrev  0x00004239       0xb5 C:/appz/nxp/MCUXpressoIDE_11.10.0_3148/ide/plugins/com.nxp.mcuxpresso.tools.win32_11.10.0.202311280810/tools/bin/../lib/gcc/arm-none-eabi/13.2.1/../../../../arm-none-eabi/lib/thumb/v8-m.main+fp/hard\libcr_nohost_nf.a(__ciob.o)
 .debug_abbrev  0x000042ee       0x5c C:/appz/nxp/MCUXpressoIDE_11.10.0_3148/ide/plugins/com.nxp.mcuxpresso.tools.win32_11.10.0.202311280810/tools/bin/../lib/gcc/arm-none-eabi/13.2.1/../../../../arm-none-eabi/lib/thumb/v8-m.main+fp/hard\libcr_nohost_nf.a(__sys_close.o)
 .debug_abbrev  0x0000434a       0x5c C:/appz/nxp/MCUXpressoIDE_11.10.0_3148/ide/plugins/com.nxp.mcuxpresso.tools.win32_11.10.0.202311280810/tools/bin/../lib/gcc/arm-none-eabi/13.2.1/../../../../arm-none-eabi/lib/thumb/v8-m.main+fp/hard\libcr_nohost_nf.a(__sys_flen.o)
 .debug_abbrev  0x000043a6       0x5c C:/appz/nxp/MCUXpressoIDE_11.10.0_3148/ide/plugins/com.nxp.mcuxpresso.tools.win32_11.10.0.202311280810/tools/bin/../lib/gcc/arm-none-eabi/13.2.1/../../../../arm-none-eabi/lib/thumb/v8-m.main+fp/hard\libcr_nohost_nf.a(__sys_istty.o)
 .debug_abbrev  0x00004402       0x7d C:/appz/nxp/MCUXpressoIDE_11.10.0_3148/ide/plugins/com.nxp.mcuxpresso.tools.win32_11.10.0.202311280810/tools/bin/../lib/gcc/arm-none-eabi/13.2.1/../../../../arm-none-eabi/lib/thumb/v8-m.main+fp/hard\libcr_nohost_nf.a(__sys_remove.o)
 .debug_abbrev  0x0000447f       0x6d C:/appz/nxp/MCUXpressoIDE_11.10.0_3148/ide/plugins/com.nxp.mcuxpresso.tools.win32_11.10.0.202311280810/tools/bin/../lib/gcc/arm-none-eabi/13.2.1/../../../../arm-none-eabi/lib/thumb/v8-m.main+fp/hard\libcr_nohost_nf.a(__sys_seek.o)
 .debug_abbrev  0x000044ec       0x76 C:/appz/nxp/MCUXpressoIDE_11.10.0_3148/ide/plugins/com.nxp.mcuxpresso.tools.win32_11.10.0.202311280810/tools/bin/../lib/gcc/arm-none-eabi/13.2.1/../../../../arm-none-eabi/lib/thumb/v8-m.main+fp/hard\libcr_nohost_nf.a(__sys_tmpnam.o)
 .debug_abbrev  0x00004562       0x76 C:/appz/nxp/MCUXpressoIDE_11.10.0_3148/ide/plugins/com.nxp.mcuxpresso.tools.win32_11.10.0.202311280810/tools/bin/../lib/gcc/arm-none-eabi/13.2.1/../../../../arm-none-eabi/lib/thumb/v8-m.main+fp/hard\libcr_nohost_nf.a(__sys_write.o)

.debug_aranges  0x00000000     0x10c0
 .debug_aranges
                0x00000000       0x28 ./utilities/fsl_assert.o
 .debug_aranges
                0x00000028       0x80 ./utilities/fsl_debug_console.o
 .debug_aranges
                0x000000a8       0x20 ./utilities/fsl_memcpy.o
 .debug_aranges
                0x000000c8       0xf0 ./utilities/fsl_str.o
 .debug_aranges
                0x000001b8      0x268 ./startup/startup_lpc55s69_cm33_core0.o
 .debug_aranges
                0x00000420       0x28 ./source/hello_world.o
 .debug_aranges
                0x00000448       0x20 ./source/semihost_hardfault.o
 .debug_aranges
                0x00000468      0x228 ./drivers/fsl_clock.o
 .debug_aranges
                0x00000690       0x38 ./drivers/fsl_common_arm.o
 .debug_aranges
                0x000006c8       0x90 ./drivers/fsl_flexcomm.o
 .debug_aranges
                0x00000758       0xc8 ./drivers/fsl_power.o
 .debug_aranges
                0x00000820       0x30 ./drivers/fsl_reset.o
 .debug_aranges
                0x00000850      0x108 ./drivers/fsl_usart.o
 .debug_aranges
                0x00000958       0x88 ./device/system_LPC55S69_cm33_core0.o
 .debug_aranges
                0x000009e0       0x58 ./component/uart/fsl_adapter_usart.o
 .debug_aranges
                0x00000a38       0x28 ./board/board.o
 .debug_aranges
                0x00000a60       0x50 ./board/clock_config.o
 .debug_aranges
                0x00000ab0       0x38 ./board/pin_mux.o
 .debug_aranges
                0x00000ae8       0x20 C:/appz/nxp/MCUXpressoIDE_11.10.0_3148/ide/plugins/com.nxp.mcuxpresso.tools.win32_11.10.0.202311280810/tools/bin/../lib/gcc/arm-none-eabi/13.2.1/../../../../arm-none-eabi/lib/thumb/v8-m.main+fp/hard\libcr_nohost_nf.a(_cr__main.o)
 .debug_aranges
                0x00000b08       0x20 C:/appz/nxp/MCUXpressoIDE_11.10.0_3148/ide/plugins/com.nxp.mcuxpresso.tools.win32_11.10.0.202311280810/tools/bin/../lib/gcc/arm-none-eabi/13.2.1/../../../../arm-none-eabi/lib/thumb/v8-m.main+fp/hard\libcr_c.a(memset.o)
 .debug_aranges
                0x00000b28       0x40 C:/appz/nxp/MCUXpressoIDE_11.10.0_3148/ide/plugins/com.nxp.mcuxpresso.tools.win32_11.10.0.202311280810/tools/bin/../lib/gcc/arm-none-eabi/13.2.1/../../../../arm-none-eabi/lib/thumb/v8-m.main+fp/hard\libcr_c.a(alloc.o)
 .debug_aranges
                0x00000b68       0x18 C:/appz/nxp/MCUXpressoIDE_11.10.0_3148/ide/plugins/com.nxp.mcuxpresso.tools.win32_11.10.0.202311280810/tools/bin/../lib/gcc/arm-none-eabi/13.2.1/../../../../arm-none-eabi/lib/thumb/v8-m.main+fp/hard\libcr_c.a(errno.o)
 .debug_aranges
                0x00000b80       0x28 C:/appz/nxp/MCUXpressoIDE_11.10.0_3148/ide/plugins/com.nxp.mcuxpresso.tools.win32_11.10.0.202311280810/tools/bin/../lib/gcc/arm-none-eabi/13.2.1/../../../../arm-none-eabi/lib/thumb/v8-m.main+fp/hard\libcr_c.a(initio.o)
 .debug_aranges
                0x00000ba8       0x20 C:/appz/nxp/MCUXpressoIDE_11.10.0_3148/ide/plugins/com.nxp.mcuxpresso.tools.win32_11.10.0.202311280810/tools/bin/../lib/gcc/arm-none-eabi/13.2.1/../../../../arm-none-eabi/lib/thumb/v8-m.main+fp/hard\libcr_c.a(modf.o)
 .debug_aranges
                0x00000bc8       0x20 C:/appz/nxp/MCUXpressoIDE_11.10.0_3148/ide/plugins/com.nxp.mcuxpresso.tools.win32_11.10.0.202311280810/tools/bin/../lib/gcc/arm-none-eabi/13.2.1/../../../../arm-none-eabi/lib/thumb/v8-m.main+fp/hard\libcr_c.a(pow.o)
 .debug_aranges
                0x00000be8       0xb0 C:/appz/nxp/MCUXpressoIDE_11.10.0_3148/ide/plugins/com.nxp.mcuxpresso.tools.win32_11.10.0.202311280810/tools/bin/../lib/gcc/arm-none-eabi/13.2.1/../../../../arm-none-eabi/lib/thumb/v8-m.main+fp/hard\libcr_c.a(scanf.o)
 .debug_aranges
                0x00000c98       0x20 C:/appz/nxp/MCUXpressoIDE_11.10.0_3148/ide/plugins/com.nxp.mcuxpresso.tools.win32_11.10.0.202311280810/tools/bin/../lib/gcc/arm-none-eabi/13.2.1/../../../../arm-none-eabi/lib/thumb/v8-m.main+fp/hard\libcr_c.a(setvbuf.o)
 .debug_aranges
                0x00000cb8       0x20 C:/appz/nxp/MCUXpressoIDE_11.10.0_3148/ide/plugins/com.nxp.mcuxpresso.tools.win32_11.10.0.202311280810/tools/bin/../lib/gcc/arm-none-eabi/13.2.1/../../../../arm-none-eabi/lib/thumb/v8-m.main+fp/hard\libcr_c.a(strlen.o)
 .debug_aranges
                0x00000cd8       0x28 C:/appz/nxp/MCUXpressoIDE_11.10.0_3148/ide/plugins/com.nxp.mcuxpresso.tools.win32_11.10.0.202311280810/tools/bin/../lib/gcc/arm-none-eabi/13.2.1/../../../../arm-none-eabi/lib/thumb/v8-m.main+fp/hard\libcr_c.a(_deferredlazyseek.o)
 .debug_aranges
                0x00000d00       0x20 C:/appz/nxp/MCUXpressoIDE_11.10.0_3148/ide/plugins/com.nxp.mcuxpresso.tools.win32_11.10.0.202311280810/tools/bin/../lib/gcc/arm-none-eabi/13.2.1/../../../../arm-none-eabi/lib/thumb/v8-m.main+fp/hard\libcr_c.a(_fdopen.o)
 .debug_aranges
                0x00000d20       0x20 C:/appz/nxp/MCUXpressoIDE_11.10.0_3148/ide/plugins/com.nxp.mcuxpresso.tools.win32_11.10.0.202311280810/tools/bin/../lib/gcc/arm-none-eabi/13.2.1/../../../../arm-none-eabi/lib/thumb/v8-m.main+fp/hard\libcr_c.a(_fflush.o)
 .debug_aranges
                0x00000d40       0x20 C:/appz/nxp/MCUXpressoIDE_11.10.0_3148/ide/plugins/com.nxp.mcuxpresso.tools.win32_11.10.0.202311280810/tools/bin/../lib/gcc/arm-none-eabi/13.2.1/../../../../arm-none-eabi/lib/thumb/v8-m.main+fp/hard\libcr_c.a(_writebuf.o)
 .debug_aranges
                0x00000d60       0x80 C:/appz/nxp/MCUXpressoIDE_11.10.0_3148/ide/plugins/com.nxp.mcuxpresso.tools.win32_11.10.0.202311280810/tools/bin/../lib/gcc/arm-none-eabi/13.2.1/../../../../arm-none-eabi/lib/thumb/v8-m.main+fp/hard\libcr_c.a(ctype.o)
 .debug_aranges
                0x00000de0       0x20 C:/appz/nxp/MCUXpressoIDE_11.10.0_3148/ide/plugins/com.nxp.mcuxpresso.tools.win32_11.10.0.202311280810/tools/bin/../lib/gcc/arm-none-eabi/13.2.1/../../../../arm-none-eabi/lib/thumb/v8-m.main+fp/hard\libcr_c.a(fclose.o)
 .debug_aranges
                0x00000e00       0x20 C:/appz/nxp/MCUXpressoIDE_11.10.0_3148/ide/plugins/com.nxp.mcuxpresso.tools.win32_11.10.0.202311280810/tools/bin/../lib/gcc/arm-none-eabi/13.2.1/../../../../arm-none-eabi/lib/thumb/v8-m.main+fp/hard\libcr_c.a(fflush.o)
 .debug_aranges
                0x00000e20       0x20 C:/appz/nxp/MCUXpressoIDE_11.10.0_3148/ide/plugins/com.nxp.mcuxpresso.tools.win32_11.10.0.202311280810/tools/bin/../lib/gcc/arm-none-eabi/13.2.1/../../../../arm-none-eabi/lib/thumb/v8-m.main+fp/hard\libcr_c.a(frexp.o)
 .debug_aranges
                0x00000e40       0x20 C:/appz/nxp/MCUXpressoIDE_11.10.0_3148/ide/plugins/com.nxp.mcuxpresso.tools.win32_11.10.0.202311280810/tools/bin/../lib/gcc/arm-none-eabi/13.2.1/../../../../arm-none-eabi/lib/thumb/v8-m.main+fp/hard\libcr_c.a(fseek.o)
 .debug_aranges
                0x00000e60       0x20 C:/appz/nxp/MCUXpressoIDE_11.10.0_3148/ide/plugins/com.nxp.mcuxpresso.tools.win32_11.10.0.202311280810/tools/bin/../lib/gcc/arm-none-eabi/13.2.1/../../../../arm-none-eabi/lib/thumb/v8-m.main+fp/hard\libcr_c.a(ftell.o)
 .debug_aranges
                0x00000e80       0x20 C:/appz/nxp/MCUXpressoIDE_11.10.0_3148/ide/plugins/com.nxp.mcuxpresso.tools.win32_11.10.0.202311280810/tools/bin/../lib/gcc/arm-none-eabi/13.2.1/../../../../arm-none-eabi/lib/thumb/v8-m.main+fp/hard\libcr_c.a(ldexp.o)
 .debug_aranges
                0x00000ea0       0x28 C:/appz/nxp/MCUXpressoIDE_11.10.0_3148/ide/plugins/com.nxp.mcuxpresso.tools.win32_11.10.0.202311280810/tools/bin/../lib/gcc/arm-none-eabi/13.2.1/../../../../arm-none-eabi/lib/thumb/v8-m.main+fp/hard\libcr_c.a(remove.o)
 .debug_aranges
                0x00000ec8       0x20 C:/appz/nxp/MCUXpressoIDE_11.10.0_3148/ide/plugins/com.nxp.mcuxpresso.tools.win32_11.10.0.202311280810/tools/bin/../lib/gcc/arm-none-eabi/13.2.1/../../../../arm-none-eabi/lib/thumb/v8-m.main+fp/hard\libcr_c.a(_do_fflush.o)
 .debug_aranges
                0x00000ee8       0xe0 C:/appz/nxp/MCUXpressoIDE_11.10.0_3148/ide/plugins/com.nxp.mcuxpresso.tools.win32_11.10.0.202311280810/tools/bin/../lib/gcc/arm-none-eabi/13.2.1/thumb/v8-m.main+fp/hard\libcr_eabihelpers.a(double.o)
 .debug_aranges
                0x00000fc8       0x18 C:/appz/nxp/MCUXpressoIDE_11.10.0_3148/ide/plugins/com.nxp.mcuxpresso.tools.win32_11.10.0.202311280810/tools/bin/../lib/gcc/arm-none-eabi/13.2.1/../../../../arm-none-eabi/lib/thumb/v8-m.main+fp/hard\libcr_nohost_nf.a(__ciob.o)
 .debug_aranges
                0x00000fe0       0x20 C:/appz/nxp/MCUXpressoIDE_11.10.0_3148/ide/plugins/com.nxp.mcuxpresso.tools.win32_11.10.0.202311280810/tools/bin/../lib/gcc/arm-none-eabi/13.2.1/../../../../arm-none-eabi/lib/thumb/v8-m.main+fp/hard\libcr_nohost_nf.a(__sys_close.o)
 .debug_aranges
                0x00001000       0x20 C:/appz/nxp/MCUXpressoIDE_11.10.0_3148/ide/plugins/com.nxp.mcuxpresso.tools.win32_11.10.0.202311280810/tools/bin/../lib/gcc/arm-none-eabi/13.2.1/../../../../arm-none-eabi/lib/thumb/v8-m.main+fp/hard\libcr_nohost_nf.a(__sys_flen.o)
 .debug_aranges
                0x00001020       0x20 C:/appz/nxp/MCUXpressoIDE_11.10.0_3148/ide/plugins/com.nxp.mcuxpresso.tools.win32_11.10.0.202311280810/tools/bin/../lib/gcc/arm-none-eabi/13.2.1/../../../../arm-none-eabi/lib/thumb/v8-m.main+fp/hard\libcr_nohost_nf.a(__sys_istty.o)
 .debug_aranges
                0x00001040       0x20 C:/appz/nxp/MCUXpressoIDE_11.10.0_3148/ide/plugins/com.nxp.mcuxpresso.tools.win32_11.10.0.202311280810/tools/bin/../lib/gcc/arm-none-eabi/13.2.1/../../../../arm-none-eabi/lib/thumb/v8-m.main+fp/hard\libcr_nohost_nf.a(__sys_remove.o)
 .debug_aranges
                0x00001060       0x20 C:/appz/nxp/MCUXpressoIDE_11.10.0_3148/ide/plugins/com.nxp.mcuxpresso.tools.win32_11.10.0.202311280810/tools/bin/../lib/gcc/arm-none-eabi/13.2.1/../../../../arm-none-eabi/lib/thumb/v8-m.main+fp/hard\libcr_nohost_nf.a(__sys_seek.o)
 .debug_aranges
                0x00001080       0x20 C:/appz/nxp/MCUXpressoIDE_11.10.0_3148/ide/plugins/com.nxp.mcuxpresso.tools.win32_11.10.0.202311280810/tools/bin/../lib/gcc/arm-none-eabi/13.2.1/../../../../arm-none-eabi/lib/thumb/v8-m.main+fp/hard\libcr_nohost_nf.a(__sys_tmpnam.o)
 .debug_aranges
                0x000010a0       0x20 C:/appz/nxp/MCUXpressoIDE_11.10.0_3148/ide/plugins/com.nxp.mcuxpresso.tools.win32_11.10.0.202311280810/tools/bin/../lib/gcc/arm-none-eabi/13.2.1/../../../../arm-none-eabi/lib/thumb/v8-m.main+fp/hard\libcr_nohost_nf.a(__sys_write.o)

.debug_ranges   0x00000000     0x12a8
 .debug_ranges  0x00000000       0x18 ./utilities/fsl_assert.o
 .debug_ranges  0x00000018       0x70 ./utilities/fsl_debug_console.o
 .debug_ranges  0x00000088      0x110 ./utilities/fsl_str.o
 .debug_ranges  0x00000198      0x258 ./startup/startup_lpc55s69_cm33_core0.o
 .debug_ranges  0x000003f0       0x18 ./source/hello_world.o
 .debug_ranges  0x00000408       0x10 ./source/semihost_hardfault.o
 .debug_ranges  0x00000418      0x218 ./drivers/fsl_clock.o
 .debug_ranges  0x00000630       0x28 ./drivers/fsl_common_arm.o
 .debug_ranges  0x00000658       0x80 ./drivers/fsl_flexcomm.o
 .debug_ranges  0x000006d8       0xb8 ./drivers/fsl_power.o
 .debug_ranges  0x00000790       0x20 ./drivers/fsl_reset.o
 .debug_ranges  0x000007b0       0xf8 ./drivers/fsl_usart.o
 .debug_ranges  0x000008a8       0x78 ./device/system_LPC55S69_cm33_core0.o
 .debug_ranges  0x00000920       0x48 ./component/uart/fsl_adapter_usart.o
 .debug_ranges  0x00000968       0x18 ./board/board.o
 .debug_ranges  0x00000980       0x40 ./board/clock_config.o
 .debug_ranges  0x000009c0       0x28 ./board/pin_mux.o