Archive member included to satisfy reference by file (symbol)

C:/appz/nxp/MCUXpressoIDE_11.10.0_3148/ide/plugins/com.nxp.mcuxpresso.tools.win32_11.10.0.202311280810/tools/bin/../lib/gcc/arm-none-eabi/13.2.1/../../../../arm-none-eabi/lib/thumb/v8-m.main+fp/hard\libcr_nohost_nf.a(_cr__main.o)
                              ./startup/startup_lpc55s69_cm33_core0.o (__main)
C:/appz/nxp/MCUXpressoIDE_11.10.0_3148/ide/plugins/com.nxp.mcuxpresso.tools.win32_11.10.0.202311280810/tools/bin/../lib/gcc/arm-none-eabi/13.2.1/../../../../arm-none-eabi/lib/thumb/v8-m.main+fp/hard\libcr_c.a(memset.o)
                              ./drivers/fsl_power.o (memset)
C:/appz/nxp/MCUXpressoIDE_11.10.0_3148/ide/plugins/com.nxp.mcuxpresso.tools.win32_11.10.0.202311280810/tools/bin/../lib/gcc/arm-none-eabi/13.2.1/../../../../arm-none-eabi/lib/thumb/v8-m.main+fp/hard\libcr_c.a(alloc.o)
                              ./drivers/fsl_common.o (malloc)
C:/appz/nxp/MCUXpressoIDE_11.10.0_3148/ide/plugins/com.nxp.mcuxpresso.tools.win32_11.10.0.202311280810/tools/bin/../lib/gcc/arm-none-eabi/13.2.1/../../../../arm-none-eabi/lib/thumb/v8-m.main+fp/hard\libcr_c.a(errno.o)
                              ./utilities/fsl_str.o (errno)
C:/appz/nxp/MCUXpressoIDE_11.10.0_3148/ide/plugins/com.nxp.mcuxpresso.tools.win32_11.10.0.202311280810/tools/bin/../lib/gcc/arm-none-eabi/13.2.1/../../../../arm-none-eabi/lib/thumb/v8-m.main+fp/hard\libcr_c.a(initio.o)
                              C:/appz/nxp/MCUXpressoIDE_11.10.0_3148/ide/plugins/com.nxp.mcuxpresso.tools.win32_11.10.0.202311280810/tools/bin/../lib/gcc/arm-none-eabi/13.2.1/../../../../arm-none-eabi/lib/thumb/v8-m.main+fp/hard\libcr_nohost_nf.a(_cr__main.o) (_initio)
C:/appz/nxp/MCUXpressoIDE_11.10.0_3148/ide/plugins/com.nxp.mcuxpresso.tools.win32_11.10.0.202311280810/tools/bin/../lib/gcc/arm-none-eabi/13.2.1/../../../../arm-none-eabi/lib/thumb/v8-m.main+fp/hard\libcr_c.a(scanf.o)
                              ./utilities/fsl_str.o (strtoul)
C:/appz/nxp/MCUXpressoIDE_11.10.0_3148/ide/plugins/com.nxp.mcuxpresso.tools.win32_11.10.0.202311280810/tools/bin/../lib/gcc/arm-none-eabi/13.2.1/../../../../arm-none-eabi/lib/thumb/v8-m.main+fp/hard\libcr_c.a(setvbuf.o)
                              C:/appz/nxp/MCUXpressoIDE_11.10.0_3148/ide/plugins/com.nxp.mcuxpresso.tools.win32_11.10.0.202311280810/tools/bin/../lib/gcc/arm-none-eabi/13.2.1/../../../../arm-none-eabi/lib/thumb/v8-m.main+fp/hard\libcr_c.a(initio.o) (setvbuf)
C:/appz/nxp/MCUXpressoIDE_11.10.0_3148/ide/plugins/com.nxp.mcuxpresso.tools.win32_11.10.0.202311280810/tools/bin/../lib/gcc/arm-none-eabi/13.2.1/../../../../arm-none-eabi/lib/thumb/v8-m.main+fp/hard\libcr_c.a(strlen.o)
                              ./utilities/fsl_debug_console.o (strlen)
C:/appz/nxp/MCUXpressoIDE_11.10.0_3148/ide/plugins/com.nxp.mcuxpresso.tools.win32_11.10.0.202311280810/tools/bin/../lib/gcc/arm-none-eabi/13.2.1/../../../../arm-none-eabi/lib/thumb/v8-m.main+fp/hard\libcr_c.a(ungetc.o)
                              C:/appz/nxp/MCUXpressoIDE_11.10.0_3148/ide/plugins/com.nxp.mcuxpresso.tools.win32_11.10.0.202311280810/tools/bin/../lib/gcc/arm-none-eabi/13.2.1/../../../../arm-none-eabi/lib/thumb/v8-m.main+fp/hard\libcr_c.a(scanf.o) (ungetc)
C:/appz/nxp/MCUXpressoIDE_11.10.0_3148/ide/plugins/com.nxp.mcuxpresso.tools.win32_11.10.0.202311280810/tools/bin/../lib/gcc/arm-none-eabi/13.2.1/../../../../arm-none-eabi/lib/thumb/v8-m.main+fp/hard\libcr_c.a(__fillbuf.o)
                              C:/appz/nxp/MCUXpressoIDE_11.10.0_3148/ide/plugins/com.nxp.mcuxpresso.tools.win32_11.10.0.202311280810/tools/bin/../lib/gcc/arm-none-eabi/13.2.1/../../../../arm-none-eabi/lib/thumb/v8-m.main+fp/hard\libcr_c.a(scanf.o) (__filbuf)
C:/appz/nxp/MCUXpressoIDE_11.10.0_3148/ide/plugins/com.nxp.mcuxpresso.tools.win32_11.10.0.202311280810/tools/bin/../lib/gcc/arm-none-eabi/13.2.1/../../../../arm-none-eabi/lib/thumb/v8-m.main+fp/hard\libcr_c.a(__init_alloc.o)
                              C:/appz/nxp/MCUXpressoIDE_11.10.0_3148/ide/plugins/com.nxp.mcuxpresso.tools.win32_11.10.0.202311280810/tools/bin/../lib/gcc/arm-none-eabi/13.2.1/../../../../arm-none-eabi/lib/thumb/v8-m.main+fp/hard\libcr_c.a(alloc.o) (__heaps)
C:/appz/nxp/MCUXpressoIDE_11.10.0_3148/ide/plugins/com.nxp.mcuxpresso.tools.win32_11.10.0.202311280810/tools/bin/../lib/gcc/arm-none-eabi/13.2.1/../../../../arm-none-eabi/lib/thumb/v8-m.main+fp/hard\libcr_c.a(_cr_sbrk.o)
                              C:/appz/nxp/MCUXpressoIDE_11.10.0_3148/ide/plugins/com.nxp.mcuxpresso.tools.win32_11.10.0.202311280810/tools/bin/../lib/gcc/arm-none-eabi/13.2.1/../../../../arm-none-eabi/lib/thumb/v8-m.main+fp/hard\libcr_c.a(alloc.o) (_sbrk)
C:/appz/nxp/MCUXpressoIDE_11.10.0_3148/ide/plugins/com.nxp.mcuxpresso.tools.win32_11.10.0.202311280810/tools/bin/../lib/gcc/arm-none-eabi/13.2.1/../../../../arm-none-eabi/lib/thumb/v8-m.main+fp/hard\libcr_c.a(_deferredlazyseek.o)
[...]
Memory Configuration

Name             Origin             Length             Attributes
PROGRAM_FLASH    0x00000000         0x0009d800         xr
SRAM             0x20000000         0x00040000         xrw
SRAMX            0x04000000         0x00008000         xrw
USB_RAM          0x40100000         0x00004000         xrw
SRAM4            0x20040000         0x00004000         xrw
*default*        0x00000000         0xffffffff

Linker script and memory map

LOAD ./utilities/fsl_assert.o
LOAD ./utilities/fsl_debug_console.o
LOAD ./utilities/fsl_memcpy.o
LOAD ./utilities/fsl_str.o
LOAD ./startup/boot_multicore_slave.o
LOAD ./startup/startup_lpc55s69_cm33_core0.o
LOAD ./source/hello_world.o
LOAD ./source/semihost_hardfault.o
LOAD ./drivers/fsl_clock.o
LOAD ./drivers/fsl_common.o
LOAD ./drivers/fsl_common_arm.o
LOAD ./drivers/fsl_flexcomm.o
LOAD ./drivers/fsl_gpio.o
LOAD ./drivers/fsl_power.o
LOAD ./drivers/fsl_reset.o
LOAD ./drivers/fsl_usart.o
LOAD ./device/system_LPC55S69_cm33_core0.o
LOAD ./component/uart/fsl_adapter_usart.o
LOAD ./component/lists/fsl_component_generic_list.o
LOAD ./board/board.o
LOAD ./board/clock_config.o
LOAD ./board/pin_mux.o
START GROUP
LOAD C:/appz/nxp/MCUXpressoIDE_11.10.0_3148/ide/plugins/com.nxp.mcuxpresso.tools.win32_11.10.0.202311280810/tools/bin/../lib/gcc/arm-none-eabi/13.2.1/../../../../arm-none-eabi/lib/thumb/v8-m.main+fp/hard\libcr_nohost_nf.a
LOAD C:/appz/nxp/MCUXpressoIDE_11.10.0_3148/ide/plugins/com.nxp.mcuxpresso.tools.win32_11.10.0.202311280810/tools/bin/../lib/gcc/arm-none-eabi/13.2.1/../../../../arm-none-eabi/lib/thumb/v8-m.main+fp/hard\libcr_c.a
LOAD C:/appz/nxp/MCUXpressoIDE_11.10.0_3148/ide/plugins/com.nxp.mcuxpresso.tools.win32_11.10.0.202311280810/tools/bin/../lib/gcc/arm-none-eabi/13.2.1/thumb/v8-m.main+fp/hard\libcr_eabihelpers.a
LOAD C:/appz/nxp/MCUXpressoIDE_11.10.0_3148/ide/plugins/com.nxp.mcuxpresso.tools.win32_11.10.0.202311280810/tools/bin/../lib/gcc/arm-none-eabi/13.2.1/thumb/v8-m.main+fp/hard\libgcc.a
END GROUP
                0x00000000                        __base_PROGRAM_FLASH = 0x0
                0x00000000                        __base_Flash = 0x0
                0x0009d800                        __top_PROGRAM_FLASH = 0x9d800
                0x0009d800                        __top_Flash = 0x9d800
                0x20000000                        __base_SRAM = 0x20000000
                0x20000000                        __base_RAM = 0x20000000
                0x20040000                        __top_SRAM = 0x20040000
                0x20040000                        __top_RAM = 0x20040000
                0x04000000                        __base_SRAMX = 0x4000000
                0x04000000                        __base_RAM2 = 0x4000000
                0x04008000                        __top_SRAMX = 0x4008000
                0x04008000                        __top_RAM2 = 0x4008000
                0x40100000                        __base_USB_RAM = 0x40100000
                0x40100000                        __base_RAM3 = 0x40100000
                0x40104000                        __top_USB_RAM = 0x40104000
                0x40104000                        __top_RAM3 = 0x40104000
                0x20040000                        __base_SRAM4 = 0x20040000
                0x20040000                        __base_RAM4 = 0x20040000
                0x20044000                        __top_SRAM4 = 0x20044000
                0x20044000                        __top_RAM4 = 0x20044000

.text           0x00000000     0x1c74
 FILL mask 0xff
                0x00000000                        __vectors_start__ = ABSOLUTE (.)
 *(SORT_BY_ALIGNMENT(.isr_vector))
 .isr_vector    0x00000000      0x130 ./startup/startup_lpc55s69_cm33_core0.o
                0x00000000                g_pfnVectors
                0x00000000                __Vectors
                0x00000130                        . = ALIGN (0x4)
                0x00000130                        __section_table_start = .
                0x00000130                        __data_section_table = .
                0x00000130        0x4 LONG 0x1c74 LOADADDR (.data)
                0x00000134        0x4 LONG 0x20000000 ADDR (.data)
                0x00000138        0x4 LONG 0x8 SIZEOF (.data)
                0x0000013c        0x4 LONG 0x1c74 LOADADDR (.data_RAM2)
                0x00000140        0x4 LONG 0x4000000 ADDR (.data_RAM2)
                0x00000144        0x4 LONG 0x0 SIZEOF (.data_RAM2)
                0x00000148        0x4 LONG 0x1c74 LOADADDR (.data_RAM3)
                0x0000014c        0x4 LONG 0x40100000 ADDR (.data_RAM3)
                0x00000150        0x4 LONG 0x0 SIZEOF (.data_RAM3)
                0x00000154        0x4 LONG 0x1c74 LOADADDR (.data_RAM4)
                0x00000158        0x4 LONG 0x20040000 ADDR (.data_RAM4)
                0x0000015c        0x4 LONG 0x0 SIZEOF (.data_RAM4)
                0x00000160                        __data_section_table_end = .
                0x00000160                        __bss_section_table = .
                0x00000160        0x4 LONG 0x20000008 ADDR (.bss)
                0x00000164        0x4 LONG 0x120 SIZEOF (.bss)
                0x00000168        0x4 LONG 0x4000000 ADDR (.bss_RAM2)
                0x0000016c        0x4 LONG 0x0 SIZEOF (.bss_RAM2)
                0x00000170        0x4 LONG 0x40100000 ADDR (.bss_RAM3)
                0x00000174        0x4 LONG 0x0 SIZEOF (.bss_RAM3)
                0x00000178        0x4 LONG 0x20040000 ADDR (.bss_RAM4)
                0x0000017c        0x4 LONG 0x0 SIZEOF (.bss_RAM4)
                0x00000180                        __bss_section_table_end = .
                0x00000180                        __section_table_end = .
 *(SORT_BY_ALIGNMENT(.after_vectors*))
 .after_vectors.reset
                0x00000180       0x64 ./startup/startup_lpc55s69_cm33_core0.o
                0x00000180                ResetISR
 .after_vectors
                0x000001e4       0x16 ./startup/startup_lpc55s69_cm33_core0.o
                0x000001e4                NMI_Handler
                0x000001e8                MemManage_Handler
                0x000001ea                BusFault_Handler
                0x000001ec                UsageFault_Handler
                0x000001ee                SecureFault_Handler
                0x000001f0                SVC_Handler
                0x000001f2                DebugMon_Handler
                0x000001f4                PendSV_Handler
                0x000001f6                SysTick_Handler
                0x000001f8                Reserved56_DriverIRQHandler
                0x000001f8                PIN_INT0_DriverIRQHandler
                0x000001f8                CTIMER2_DriverIRQHandler
                0x000001f8                PIN_INT2_DriverIRQHandler
                0x000001f8                PIN_INT3_DriverIRQHandler
                0x000001f8                IntDefaultHandler
                0x000001f8                USB0_DriverIRQHandler
                0x000001f8                CASER_DriverIRQHandler
                0x000001f8                MRT0_DriverIRQHandler
                0x000001f8                UTICK0_DriverIRQHandler
                0x000001f8                Reserved41_DriverIRQHandler
                0x000001f8                PIN_INT4_DriverIRQHandler
                0x000001f8                PIN_INT5_DriverIRQHandler
                0x000001f8                SEC_GPIO_INT0_IRQ0_DriverIRQHandler
                0x000001f8                CTIMER4_DriverIRQHandler
                0x000001f8                GINT1_DriverIRQHandler
                0x000001f8                PIN_INT7_DriverIRQHandler
                0x000001f8                Reserved55_DriverIRQHandler
                0x000001f8                SEC_VIO_DriverIRQHandler
                0x000001f8                USB0_NEEDCLK_DriverIRQHandler
                0x000001f8                CTIMER0_DriverIRQHandler
                0x000001f8                CTIMER1_DriverIRQHandler
                0x000001f8                Reserved42_DriverIRQHandler
                0x000001f8                PIN_INT6_DriverIRQHandler
                0x000001f8                PQ_DriverIRQHandler
                0x000001f8                MAILBOX_DriverIRQHandler
                0x000001f8                PIN_INT1_DriverIRQHandler
                0x000001f8                CTIMER3_DriverIRQHandler
                0x000001f8                Reserved61_DriverIRQHandler
                0x000001f8                SEC_GPIO_INT0_IRQ1_DriverIRQHandler
                0x000001f8                PUF_DriverIRQHandler
                0x000001f8                RTC_DriverIRQHandler
                0x000001f8                DMA0_DriverIRQHandler
                0x000001f8                Reserved39_DriverIRQHandler
                0x000001f8                USB1_DriverIRQHandler
                0x000001f8                Reserved60_DriverIRQHandler
                0x000001f8                DMA1_DriverIRQHandler
                0x000001f8                ADC0_DriverIRQHandler
                0x000001f8                USB1_NEEDCLK_DriverIRQHandler
                0x000001f8                Reserved59_DriverIRQHandler
                0x000001f8                SDIO_DriverIRQHandler
                0x000001f8                GINT0_DriverIRQHandler
                0x000001f8                USB1_PHY_DriverIRQHandler
                0x000001f8                ACMP_DriverIRQHandler
                0x000001f8                Reserved57_DriverIRQHandler
                0x000001f8                HASHCRYPT_DriverIRQHandler
                0x000001f8                Reserved46_DriverIRQHandler
                0x000001f8                WDT_BOD_DriverIRQHandler
                0x000001f8                SCT0_DriverIRQHandler
                0x000001f8                PLU_DriverIRQHandler
                0x000001f8                OS_EVENT_DriverIRQHandler
                0x000001f8                SEC_HYPERVISOR_CALL_DriverIRQHandler
 .after_vectors.init_data
                0x000001fa       0x12 ./startup/startup_lpc55s69_cm33_core0.o
                0x000001fa                data_init
 .after_vectors.init_bss
                0x0000020c       0x10 ./startup/startup_lpc55s69_cm33_core0.o
                0x0000020c                bss_init
 *(SORT_BY_ALIGNMENT(.text*))
 .text.DbgConsole_Init
                0x0000021c       0x50 ./utilities/fsl_debug_console.o
                0x0000021c                DbgConsole_Init
 .text.DbgConsole_Putchar
                0x0000026c       0x24 ./utilities/fsl_debug_console.o
                0x0000026c                DbgConsole_Putchar
 .text.DbgConsole_Vprintf
                0x00000290      0x1e4 ./utilities/fsl_debug_console.o
                0x00000290                DbgConsole_Vprintf
 .text.DbgConsole_Getchar
                0x00000474       0x2c ./utilities/fsl_debug_console.o
                0x00000474                DbgConsole_Getchar
 .text          0x000004a0       0xa0 ./utilities/fsl_memcpy.o
                0x000004a0                memcpy
 .text.startup.main
                0x00000540       0x74 ./source/hello_world.o
                0x00000540                main
 .text.CLOCK_AttachClk
                0x000005b4       0x70 ./drivers/fsl_clock.o
                0x000005b4                CLOCK_AttachClk
 .text.CLOCK_SetupFROClocking
                0x00000624       0x5c ./drivers/fsl_clock.o
                0x00000624                CLOCK_SetupFROClocking
 .text.CLOCK_SetFLASHAccessCyclesForFreq
                0x00000680      0x10c ./drivers/fsl_clock.o
                0x00000680                CLOCK_SetFLASHAccessCyclesForFreq
 .text.CLOCK_SetupExtClocking
                0x0000078c       0x4c ./drivers/fsl_clock.o
                0x0000078c                CLOCK_SetupExtClocking
 .text.CLOCK_GetFro1MFreq
                0x000007d8       0x18 ./drivers/fsl_clock.o
                0x000007d8                CLOCK_GetFro1MFreq
 .text.CLOCK_GetExtClkFreq
                0x000007f0       0x18 ./drivers/fsl_clock.o
                0x000007f0                CLOCK_GetExtClkFreq
 .text.CLOCK_GetOsc32KFreq
                0x00000808       0x34 ./drivers/fsl_clock.o
                0x00000808                CLOCK_GetOsc32KFreq
 .text.CLOCK_GetPLL0InClockRate
                0x0000083c       0x30 ./drivers/fsl_clock.o
                0x0000083c                CLOCK_GetPLL0InClockRate
 .text.CLOCK_SetPLL0Freq
                0x0000086c       0xdc ./drivers/fsl_clock.o
                0x0000086c                CLOCK_SetPLL0Freq
 .text.SDK_DelayAtLeastUs
                0x00000948       0x20 ./drivers/fsl_common_arm.o
                0x00000948                SDK_DelayAtLeastUs
 .text.FLEXCOMM_GetInstance
                0x00000968       0x1c ./drivers/fsl_flexcomm.o
                0x00000968                FLEXCOMM_GetInstance
 .text.FLEXCOMM_Init
                0x00000984       0x7c ./drivers/fsl_flexcomm.o
                0x00000984                FLEXCOMM_Init
 .text.FLEXCOMM0_DriverIRQHandler
                0x00000a00       0x30 ./drivers/fsl_flexcomm.o
                0x00000a00                FLEXCOMM0_DriverIRQHandler
 .text.FLEXCOMM1_DriverIRQHandler
                0x00000a30       0x30 ./drivers/fsl_flexcomm.o
                0x00000a30                FLEXCOMM1_DriverIRQHandler
 .text.FLEXCOMM2_DriverIRQHandler
                0x00000a60       0x30 ./drivers/fsl_flexcomm.o
                0x00000a60                FLEXCOMM2_DriverIRQHandler
 .text.FLEXCOMM3_DriverIRQHandler
                0x00000a90       0x30 ./drivers/fsl_flexcomm.o
                0x00000a90                FLEXCOMM3_DriverIRQHandler
 .text.FLEXCOMM4_DriverIRQHandler
                0x00000ac0       0x30 ./drivers/fsl_flexcomm.o
                0x00000ac0                FLEXCOMM4_DriverIRQHandler
 .text.FLEXCOMM5_DriverIRQHandler
                0x00000af0       0x30 ./drivers/fsl_flexcomm.o
                0x00000af0                FLEXCOMM5_DriverIRQHandler
 .text.FLEXCOMM6_DriverIRQHandler
                0x00000b20       0x30 ./drivers/fsl_flexcomm.o
                0x00000b20                FLEXCOMM6_DriverIRQHandler
 .text.FLEXCOMM7_DriverIRQHandler
                0x00000b50       0x30 ./drivers/fsl_flexcomm.o
                0x00000b50                FLEXCOMM7_DriverIRQHandler
 .text.FLEXCOMM8_DriverIRQHandler
                0x00000b80       0x30 ./drivers/fsl_flexcomm.o
                0x00000b80                FLEXCOMM8_DriverIRQHandler
 .text.lowpower_set_system_voltage
                0x00000bb0       0xa0 ./drivers/fsl_power.o
 .text.lowpower_set_voltage_for_process
                0x00000c50       0x80 ./drivers/fsl_power.o
 .text.POWER_SetVoltageForFreq
                0x00000cd0       0x70 ./drivers/fsl_power.o
                0x00000cd0                POWER_SetVoltageForFreq
 .text.SystemInit
                0x00000d40       0x50 ./device/system_LPC55S69_cm33_core0.o
                0x00000d40                SystemInit
 .text.HAL_UartInit
                0x00000d90       0x80 ./component/uart/fsl_adapter_usart.o
                0x00000d90                HAL_UartInit
 .text.HAL_UartReceiveBlocking
                0x00000e10       0x20 ./component/uart/fsl_adapter_usart.o
                0x00000e10                HAL_UartReceiveBlocking
 .text.HAL_UartSendBlocking
                0x00000e30       0x18 ./component/uart/fsl_adapter_usart.o
                0x00000e30                HAL_UartSendBlocking
 .text.BOARD_InitDebugConsole
                0x00000e48       0x2c ./board/board.o
                0x00000e48                BOARD_InitDebugConsole
 .text.BOARD_BootClockPLL150M
                0x00000e74       0xcc ./board/clock_config.o
                0x00000e74                BOARD_BootClockPLL150M
 .text._initio  0x00000f40       0x78 C:/appz/nxp/MCUXpressoIDE_11.10.0_3148/ide/plugins/com.nxp.mcuxpresso.tools.win32_11.10.0.202311280810/tools/bin/../lib/gcc/arm-none-eabi/13.2.1/../../../../arm-none-eabi/lib/thumb/v8-m.main+fp/hard\libcr_c.a(initio.o)
                0x00000f40                _initio
 .text._Cwritebuf
                0x00000fb8       0x6c C:/appz/nxp/MCUXpressoIDE_11.10.0_3148/ide/plugins/com.nxp.mcuxpresso.tools.win32_11.10.0.202311280810/tools/bin/../lib/gcc/arm-none-eabi/13.2.1/../../../../arm-none-eabi/lib/thumb/v8-m.main+fp/hard\libcr_c.a(_writebuf.o)
                0x00000fb8                _Cwritebuf
 .text.fflush   0x00001024       0x3c C:/appz/nxp/MCUXpressoIDE_11.10.0_3148/ide/plugins/com.nxp.mcuxpresso.tools.win32_11.10.0.202311280810/tools/bin/../lib/gcc/arm-none-eabi/13.2.1/../../../../arm-none-eabi/lib/thumb/v8-m.main+fp/hard\libcr_c.a(fflush.o)
                0x00001024                fflush
 .text.fseek    0x00001060       0xf8 C:/appz/nxp/MCUXpressoIDE_11.10.0_3148/ide/plugins/com.nxp.mcuxpresso.tools.win32_11.10.0.202311280810/tools/bin/../lib/gcc/arm-none-eabi/13.2.1/../../../../arm-none-eabi/lib/thumb/v8-m.main+fp/hard\libcr_c.a(fseek.o)
                0x00001060                fseek
 .text.ftell    0x00001158       0x44 C:/appz/nxp/MCUXpressoIDE_11.10.0_3148/ide/plugins/com.nxp.mcuxpresso.tools.win32_11.10.0.202311280810/tools/bin/../lib/gcc/arm-none-eabi/13.2.1/../../../../arm-none-eabi/lib/thumb/v8-m.main+fp/hard\libcr_c.a(ftell.o)
                0x00001158                ftell
 .text.DbgConsole_ConvertRadixNumToString.isra.0
                0x0000119c       0x3e ./utilities/fsl_debug_console.o
 .text.DbgConsole_Printf
                0x000011da       0x1a ./utilities/fsl_debug_console.o
                0x000011da                DbgConsole_Printf
 .text.WDT_BOD_IRQHandler
                0x000011f4        0x8 ./startup/startup_lpc55s69_cm33_core0.o
                0x000011f4                WDT_BOD_IRQHandler
 .text.DMA0_IRQHandler
                0x000011fc        0x8 ./startup/startup_lpc55s69_cm33_core0.o
                0x000011fc                DMA0_IRQHandler
 .text.GINT0_IRQHandler
                0x00001204        0x8 ./startup/startup_lpc55s69_cm33_core0.o
                0x00001204                GINT0_IRQHandler
 .text.GINT1_IRQHandler
                0x0000120c        0x8 ./startup/startup_lpc55s69_cm33_core0.o
                0x0000120c                GINT1_IRQHandler
 .text.PIN_INT0_IRQHandler
                0x00001214        0x8 ./startup/startup_lpc55s69_cm33_core0.o
                0x00001214                PIN_INT0_IRQHandler
 .text.PIN_INT1_IRQHandler
                0x0000121c        0x8 ./startup/startup_lpc55s69_cm33_core0.o
                0x0000121c                PIN_INT1_IRQHandler
 .text.PIN_INT2_IRQHandler
                0x00001224        0x8 ./startup/startup_lpc55s69_cm33_core0.o
                0x00001224                PIN_INT2_IRQHandler
 .text.PIN_INT3_IRQHandler
                0x0000122c        0x8 ./startup/startup_lpc55s69_cm33_core0.o
                0x0000122c                PIN_INT3_IRQHandler
 .text.UTICK0_IRQHandler
                0x00001234        0x8 ./startup/startup_lpc55s69_cm33_core0.o
                0x00001234                UTICK0_IRQHandler
 .text.MRT0_IRQHandler
                0x0000123c        0x8 ./startup/startup_lpc55s69_cm33_core0.o
                0x0000123c                MRT0_IRQHandler
 .text.CTIMER0_IRQHandler
                0x00001244        0x8 ./startup/startup_lpc55s69_cm33_core0.o
                0x00001244                CTIMER0_IRQHandler
 .text.CTIMER1_IRQHandler
                0x0000124c        0x8 ./startup/startup_lpc55s69_cm33_core0.o
                0x0000124c                CTIMER1_IRQHandler
 .text.SCT0_IRQHandler
                0x00001254        0x8 ./startup/startup_lpc55s69_cm33_core0.o
                0x00001254                SCT0_IRQHandler
 .text.CTIMER3_IRQHandler
                0x0000125c        0x8 ./startup/startup_lpc55s69_cm33_core0.o
                0x0000125c                CTIMER3_IRQHandler
 .text.FLEXCOMM0_IRQHandler
                0x00001264        0x8 ./startup/startup_lpc55s69_cm33_core0.o
                0x00001264                FLEXCOMM0_IRQHandler
 .text.FLEXCOMM1_IRQHandler
                0x0000126c        0x8 ./startup/startup_lpc55s69_cm33_core0.o
                0x0000126c                FLEXCOMM1_IRQHandler
 .text.FLEXCOMM2_IRQHandler
                0x00001274        0x8 ./startup/startup_lpc55s69_cm33_core0.o
                0x00001274                FLEXCOMM2_IRQHandler
 .text.FLEXCOMM3_IRQHandler
                0x0000127c        0x8 ./startup/startup_lpc55s69_cm33_core0.o
                0x0000127c                FLEXCOMM3_IRQHandler
 .text.FLEXCOMM4_IRQHandler
                0x00001284        0x8 ./startup/startup_lpc55s69_cm33_core0.o
                0x00001284                FLEXCOMM4_IRQHandler
 .text.FLEXCOMM5_IRQHandler
                0x0000128c        0x8 ./startup/startup_lpc55s69_cm33_core0.o
                0x0000128c                FLEXCOMM5_IRQHandler
 .text.FLEXCOMM6_IRQHandler
                0x00001294        0x8 ./startup/startup_lpc55s69_cm33_core0.o
                0x00001294                FLEXCOMM6_IRQHandler
 .text.FLEXCOMM7_IRQHandler
                0x0000129c        0x8 ./startup/startup_lpc55s69_cm33_core0.o
                0x0000129c                FLEXCOMM7_IRQHandler
 .text.ADC0_IRQHandler
                0x000012a4        0x8 ./startup/startup_lpc55s69_cm33_core0.o
                0x000012a4                ADC0_IRQHandler
 .text.Reserved39_IRQHandler
                0x000012ac        0x8 ./startup/startup_lpc55s69_cm33_core0.o
                0x000012ac                Reserved39_IRQHandler
 .text.ACMP_IRQHandler
                0x000012b4        0x8 ./startup/startup_lpc55s69_cm33_core0.o
                0x000012b4                ACMP_IRQHandler
 .text.Reserved41_IRQHandler
                0x000012bc        0x8 ./startup/startup_lpc55s69_cm33_core0.o
                0x000012bc                Reserved41_IRQHandler
 .text.Reserved42_IRQHandler
                0x000012c4        0x8 ./startup/startup_lpc55s69_cm33_core0.o
                0x000012c4                Reserved42_IRQHandler
 .text.USB0_NEEDCLK_IRQHandler
                0x000012cc        0x8 ./startup/startup_lpc55s69_cm33_core0.o
                0x000012cc                USB0_NEEDCLK_IRQHandler
 .text.USB0_IRQHandler
                0x000012d4        0x8 ./startup/startup_lpc55s69_cm33_core0.o
                0x000012d4                USB0_IRQHandler
 .text.RTC_IRQHandler
                0x000012dc        0x8 ./startup/startup_lpc55s69_cm33_core0.o
                0x000012dc                RTC_IRQHandler
 .text.Reserved46_IRQHandler
                0x000012e4        0x8 ./startup/startup_lpc55s69_cm33_core0.o
                0x000012e4                Reserved46_IRQHandler
 .text.MAILBOX_IRQHandler
                0x000012ec        0x8 ./startup/startup_lpc55s69_cm33_core0.o
                0x000012ec                MAILBOX_IRQHandler
 .text.PIN_INT4_IRQHandler
                0x000012f4        0x8 ./startup/startup_lpc55s69_cm33_core0.o
                0x000012f4                PIN_INT4_IRQHandler
 .text.PIN_INT5_IRQHandler
                0x000012fc        0x8 ./startup/startup_lpc55s69_cm33_core0.o
                0x000012fc                PIN_INT5_IRQHandler
 .text.PIN_INT6_IRQHandler
                0x00001304        0x8 ./startup/startup_lpc55s69_cm33_core0.o
                0x00001304                PIN_INT6_IRQHandler
 .text.PIN_INT7_IRQHandler
                0x0000130c        0x8 ./startup/startup_lpc55s69_cm33_core0.o
                0x0000130c                PIN_INT7_IRQHandler
 .text.CTIMER2_IRQHandler
                0x00001314        0x8 ./startup/startup_lpc55s69_cm33_core0.o
                0x00001314                CTIMER2_IRQHandler
 .text.CTIMER4_IRQHandler
                0x0000131c        0x8 ./startup/startup_lpc55s69_cm33_core0.o
                0x0000131c                CTIMER4_IRQHandler
 .text.OS_EVENT_IRQHandler
                0x00001324        0x8 ./startup/startup_lpc55s69_cm33_core0.o
                0x00001324                OS_EVENT_IRQHandler
 .text.Reserved55_IRQHandler
                0x0000132c        0x8 ./startup/startup_lpc55s69_cm33_core0.o
                0x0000132c                Reserved55_IRQHandler
 .text.Reserved56_IRQHandler
                0x00001334        0x8 ./startup/startup_lpc55s69_cm33_core0.o
                0x00001334                Reserved56_IRQHandler
 .text.Reserved57_IRQHandler
                0x0000133c        0x8 ./startup/startup_lpc55s69_cm33_core0.o
                0x0000133c                Reserved57_IRQHandler
 .text.SDIO_IRQHandler
                0x00001344        0x8 ./startup/startup_lpc55s69_cm33_core0.o
                0x00001344                SDIO_IRQHandler
 .text.Reserved59_IRQHandler
                0x0000134c        0x8 ./startup/startup_lpc55s69_cm33_core0.o
                0x0000134c                Reserved59_IRQHandler
 .text.Reserved60_IRQHandler
                0x00001354        0x8 ./startup/startup_lpc55s69_cm33_core0.o
                0x00001354                Reserved60_IRQHandler
 .text.Reserved61_IRQHandler
                0x0000135c        0x8 ./startup/startup_lpc55s69_cm33_core0.o
                0x0000135c                Reserved61_IRQHandler
 .text.USB1_PHY_IRQHandler
                0x00001364        0x8 ./startup/startup_lpc55s69_cm33_core0.o
                0x00001364                USB1_PHY_IRQHandler
 .text.USB1_IRQHandler
                0x0000136c        0x8 ./startup/startup_lpc55s69_cm33_core0.o
                0x0000136c                USB1_IRQHandler
 .text.USB1_NEEDCLK_IRQHandler
                0x00001374        0x8 ./startup/startup_lpc55s69_cm33_core0.o
                0x00001374                USB1_NEEDCLK_IRQHandler
 .text.SEC_HYPERVISOR_CALL_IRQHandler
                0x0000137c        0x8 ./startup/startup_lpc55s69_cm33_core0.o
                0x0000137c                SEC_HYPERVISOR_CALL_IRQHandler
 .text.SEC_GPIO_INT0_IRQ0_IRQHandler
                0x00001384        0x8 ./startup/startup_lpc55s69_cm33_core0.o
                0x00001384                SEC_GPIO_INT0_IRQ0_IRQHandler
 .text.SEC_GPIO_INT0_IRQ1_IRQHandler
                0x0000138c        0x8 ./startup/startup_lpc55s69_cm33_core0.o
                0x0000138c                SEC_GPIO_INT0_IRQ1_IRQHandler
 .text.PLU_IRQHandler
                0x00001394        0x8 ./startup/startup_lpc55s69_cm33_core0.o
                0x00001394                PLU_IRQHandler
 .text.SEC_VIO_IRQHandler
                0x0000139c        0x8 ./startup/startup_lpc55s69_cm33_core0.o
                0x0000139c                SEC_VIO_IRQHandler
 .text.HASHCRYPT_IRQHandler
                0x000013a4        0x8 ./startup/startup_lpc55s69_cm33_core0.o
                0x000013a4                HASHCRYPT_IRQHandler
 .text.CASER_IRQHandler
                0x000013ac        0x8 ./startup/startup_lpc55s69_cm33_core0.o
                0x000013ac                CASER_IRQHandler
 .text.PUF_IRQHandler
                0x000013b4        0x8 ./startup/startup_lpc55s69_cm33_core0.o
                0x000013b4                PUF_IRQHandler
 .text.PQ_IRQHandler
                0x000013bc        0x8 ./startup/startup_lpc55s69_cm33_core0.o
                0x000013bc                PQ_IRQHandler
 .text.DMA1_IRQHandler
                0x000013c4        0x8 ./startup/startup_lpc55s69_cm33_core0.o
                0x000013c4                DMA1_IRQHandler
 .text.FLEXCOMM8_IRQHandler
                0x000013cc        0x8 ./startup/startup_lpc55s69_cm33_core0.o
                0x000013cc                FLEXCOMM8_IRQHandler
 .text.HardFault_Handler
                0x000013d4       0x34 ./source/semihost_hardfault.o
                0x000013d4                HardFault_Handler
 .text.findPll0PreDiv
                0x00001408       0x1e ./drivers/fsl_clock.o
 .text.CLOCK_SetClkDiv
                0x00001426       0x34 ./drivers/fsl_clock.o
                0x00001426                CLOCK_SetClkDiv
 .text.RESET_SetPeripheralReset
                0x0000145a       0x1c ./drivers/fsl_reset.o
                0x0000145a                RESET_SetPeripheralReset
 .text.RESET_ClearPeripheralReset
                0x00001476       0x1e ./drivers/fsl_reset.o
                0x00001476                RESET_ClearPeripheralReset
 .text.RESET_PeripheralReset
                0x00001494        0xe ./drivers/fsl_reset.o
                0x00001494                RESET_PeripheralReset
 .text.USART_GetDefaultConfig
                0x000014a2       0x22 ./drivers/fsl_usart.o
                0x000014a2                USART_GetDefaultConfig
 .text.USART_SetBaudRate
                0x000014c4       0xb6 ./drivers/fsl_usart.o
                0x000014c4                USART_SetBaudRate
 .text.USART_Init
                0x0000157a      0x134 ./drivers/fsl_usart.o
                0x0000157a                USART_Init
 .text.USART_WriteBlocking
                0x000016ae       0x32 ./drivers/fsl_usart.o
                0x000016ae                USART_WriteBlocking
 .text.USART_ReadBlocking
                0x000016e0       0x90 ./drivers/fsl_usart.o
                0x000016e0                USART_ReadBlocking
 .text.SystemInitHook
                0x00001770        0x2 ./device/system_LPC55S69_cm33_core0.o
                0x00001770                SystemInitHook
 .text.BOARD_InitBootClocks
                0x00001772        0x4 ./board/clock_config.o
                0x00001772                BOARD_InitBootClocks
 .text.BOARD_InitPins
                0x00001776       0x20 ./board/pin_mux.o
                0x00001776                BOARD_InitPins
 .text.BOARD_InitBootPins
                0x00001796        0x4 ./board/pin_mux.o
                0x00001796                BOARD_InitBootPins
 .text.__main   0x0000179a        0xe C:/appz/nxp/MCUXpressoIDE_11.10.0_3148/ide/plugins/com.nxp.mcuxpresso.tools.win32_11.10.0.202311280810/tools/bin/../lib/gcc/arm-none-eabi/13.2.1/../../../../arm-none-eabi/lib/thumb/v8-m.main+fp/hard\libcr_nohost_nf.a(_cr__main.o)
                0x0000179a                __main
 .text.memset   0x000017a8        0x4 C:/appz/nxp/MCUXpressoIDE_11.10.0_3148/ide/plugins/com.nxp.mcuxpresso.tools.win32_11.10.0.202311280810/tools/bin/../lib/gcc/arm-none-eabi/13.2.1/../../../../arm-none-eabi/lib/thumb/v8-m.main+fp/hard\libcr_c.a(memset.o)
                0x000017a8                memset
 .text.free     0x000017ac       0x30 C:/appz/nxp/MCUXpressoIDE_11.10.0_3148/ide/plugins/com.nxp.mcuxpresso.tools.win32_11.10.0.202311280810/tools/bin/../lib/gcc/arm-none-eabi/13.2.1/../../../../arm-none-eabi/lib/thumb/v8-m.main+fp/hard\libcr_c.a(alloc.o)
                0x000017ac                free
 .text.setvbuf  0x000017dc       0x3e C:/appz/nxp/MCUXpressoIDE_11.10.0_3148/ide/plugins/com.nxp.mcuxpresso.tools.win32_11.10.0.202311280810/tools/bin/../lib/gcc/arm-none-eabi/13.2.1/../../../../arm-none-eabi/lib/thumb/v8-m.main+fp/hard\libcr_c.a(setvbuf.o)
                0x000017dc                setvbuf
 .text.strlen   0x0000181a       0x4e C:/appz/nxp/MCUXpressoIDE_11.10.0_3148/ide/plugins/com.nxp.mcuxpresso.tools.win32_11.10.0.202311280810/tools/bin/../lib/gcc/arm-none-eabi/13.2.1/../../../../arm-none-eabi/lib/thumb/v8-m.main+fp/hard\libcr_c.a(strlen.o)
                0x0000181a                strlen
 .text._deferredlazyseek
                0x00001868       0x40 C:/appz/nxp/MCUXpressoIDE_11.10.0_3148/ide/plugins/com.nxp.mcuxpresso.tools.win32_11.10.0.202311280810/tools/bin/../lib/gcc/arm-none-eabi/13.2.1/../../../../arm-none-eabi/lib/thumb/v8-m.main+fp/hard\libcr_c.a(_deferredlazyseek.o)
                0x00001868                _deferredlazyseek
 .text._fdopen  0x000018a8       0x68 C:/appz/nxp/MCUXpressoIDE_11.10.0_3148/ide/plugins/com.nxp.mcuxpresso.tools.win32_11.10.0.202311280810/tools/bin/../lib/gcc/arm-none-eabi/13.2.1/../../../../arm-none-eabi/lib/thumb/v8-m.main+fp/hard\libcr_c.a(_fdopen.o)
                0x000018a8                _fdopen
 .text._fflush  0x00001910       0x52 C:/appz/nxp/MCUXpressoIDE_11.10.0_3148/ide/plugins/com.nxp.mcuxpresso.tools.win32_11.10.0.202311280810/tools/bin/../lib/gcc/arm-none-eabi/13.2.1/../../../../arm-none-eabi/lib/thumb/v8-m.main+fp/hard\libcr_c.a(_fflush.o)
                0x00001910                _fflush
 .text.fclose   0x00001962       0x58 C:/appz/nxp/MCUXpressoIDE_11.10.0_3148/ide/plugins/com.nxp.mcuxpresso.tools.win32_11.10.0.202311280810/tools/bin/../lib/gcc/arm-none-eabi/13.2.1/../../../../arm-none-eabi/lib/thumb/v8-m.main+fp/hard\libcr_c.a(fclose.o)
                0x00001962                fclose
 .text.remove   0x000019ba       0x14 C:/appz/nxp/MCUXpressoIDE_11.10.0_3148/ide/plugins/com.nxp.mcuxpresso.tools.win32_11.10.0.202311280810/tools/bin/../lib/gcc/arm-none-eabi/13.2.1/../../../../arm-none-eabi/lib/thumb/v8-m.main+fp/hard\libcr_c.a(remove.o)
                0x000019ba                remove
 .text._do_fflush
                0x000019ce       0x40 C:/appz/nxp/MCUXpressoIDE_11.10.0_3148/ide/plugins/com.nxp.mcuxpresso.tools.win32_11.10.0.202311280810/tools/bin/../lib/gcc/arm-none-eabi/13.2.1/../../../../arm-none-eabi/lib/thumb/v8-m.main+fp/hard\libcr_c.a(_do_fflush.o)
                0x000019ce                _do_fflush
 .text.__aeabi_division_uldivmod
                0x00001a0e      0x174 C:/appz/nxp/MCUXpressoIDE_11.10.0_3148/ide/plugins/com.nxp.mcuxpresso.tools.win32_11.10.0.202311280810/tools/bin/../lib/gcc/arm-none-eabi/13.2.1/thumb/v8-m.main+fp/hard\libcr_eabihelpers.a(division_64.o)
                0x00001a0e                __aeabi_uldivmod
                0x00001a12                __bhs_ldivmod1
 .text.__aeabi_division_idiv0
                0x00001b82        0x2 C:/appz/nxp/MCUXpressoIDE_11.10.0_3148/ide/plugins/com.nxp.mcuxpresso.tools.win32_11.10.0.202311280810/tools/bin/../lib/gcc/arm-none-eabi/13.2.1/thumb/v8-m.main+fp/hard\libcr_eabihelpers.a(division_idiv0.o)
                0x00001b82                __aeabi_idiv0
 .text.__aeabi_memset_lowlevel
                0x00001b84       0x32 C:/appz/nxp/MCUXpressoIDE_11.10.0_3148/ide/plugins/com.nxp.mcuxpresso.tools.win32_11.10.0.202311280810/tools/bin/../lib/gcc/arm-none-eabi/13.2.1/thumb/v8-m.main+fp/hard\libcr_eabihelpers.a(memcpy.o)
                0x00001b84                __aeabi_lowlevel_memset
 .text.__sys_close
                0x00001bb6        0x6 C:/appz/nxp/MCUXpressoIDE_11.10.0_3148/ide/plugins/com.nxp.mcuxpresso.tools.win32_11.10.0.202311280810/tools/bin/../lib/gcc/arm-none-eabi/13.2.1/../../../../arm-none-eabi/lib/thumb/v8-m.main+fp/hard\libcr_nohost_nf.a(__sys_close.o)
                0x00001bb6                __sys_close
 .text.__sys_flen
                0x00001bbc        0x6 C:/appz/nxp/MCUXpressoIDE_11.10.0_3148/ide/plugins/com.nxp.mcuxpresso.tools.win32_11.10.0.202311280810/tools/bin/../lib/gcc/arm-none-eabi/13.2.1/../../../../arm-none-eabi/lib/thumb/v8-m.main+fp/hard\libcr_nohost_nf.a(__sys_flen.o)
                0x00001bbc                __sys_flen
 .text.__sys_istty
                0x00001bc2        0x6 C:/appz/nxp/MCUXpressoIDE_11.10.0_3148/ide/plugins/com.nxp.mcuxpresso.tools.win32_11.10.0.202311280810/tools/bin/../lib/gcc/arm-none-eabi/13.2.1/../../../../arm-none-eabi/lib/thumb/v8-m.main+fp/hard\libcr_nohost_nf.a(__sys_istty.o)
                0x00001bc2                __sys_istty
 .text.__sys_remove
                0x00001bc8        0x6 C:/appz/nxp/MCUXpressoIDE_11.10.0_3148/ide/plugins/com.nxp.mcuxpresso.tools.win32_11.10.0.202311280810/tools/bin/../lib/gcc/arm-none-eabi/13.2.1/../../../../arm-none-eabi/lib/thumb/v8-m.main+fp/hard\libcr_nohost_nf.a(__sys_remove.o)
                0x00001bc8                __sys_remove
 .text.__sys_seek
                0x00001bce        0x6 C:/appz/nxp/MCUXpressoIDE_11.10.0_3148/ide/plugins/com.nxp.mcuxpresso.tools.win32_11.10.0.202311280810/tools/bin/../lib/gcc/arm-none-eabi/13.2.1/../../../../arm-none-eabi/lib/thumb/v8-m.main+fp/hard\libcr_nohost_nf.a(__sys_seek.o)
                0x00001bce                __sys_seek
 .text.__sys_tmpnam
                0x00001bd4        0x6 C:/appz/nxp/MCUXpressoIDE_11.10.0_3148/ide/plugins/com.nxp.mcuxpresso.tools.win32_11.10.0.202311280810/tools/bin/../lib/gcc/arm-none-eabi/13.2.1/../../../../arm-none-eabi/lib/thumb/v8-m.main+fp/hard\libcr_nohost_nf.a(__sys_tmpnam.o)
                0x00001bd4                __sys_tmpnam
 .text.__sys_write
                0x00001bda        0x4 C:/appz/nxp/MCUXpressoIDE_11.10.0_3148/ide/plugins/com.nxp.mcuxpresso.tools.win32_11.10.0.202311280810/tools/bin/../lib/gcc/arm-none-eabi/13.2.1/../../../../arm-none-eabi/lib/thumb/v8-m.main+fp/hard\libcr_nohost_nf.a(__sys_write.o)
                0x00001bda                __sys_write
 *(SORT_BY_ALIGNMENT(.rodata) SORT_BY_ALIGNMENT(.rodata.*) SORT_BY_ALIGNMENT(.constdata) SORT_BY_ALIGNMENT(.constdata.*))
 *fill*         0x00001bde        0x2 ff
 .rodata.s_flexcommResets
                0x00001be0       0x24 ./drivers/fsl_flexcomm.o
 .rodata.s_flexcommBaseAddrs
                0x00001c04       0x24 ./drivers/fsl_flexcomm.o
 .rodata.s_UsartAdapterBase
                0x00001c28       0x20 ./component/uart/fsl_adapter_usart.o
 .rodata.__num_Ciob_streams
                0x00001c48        0x4 C:/appz/nxp/MCUXpressoIDE_11.10.0_3148/ide/plugins/com.nxp.mcuxpresso.tools.win32_11.10.0.202311280810/tools/bin/../lib/gcc/arm-none-eabi/13.2.1/../../../../arm-none-eabi/lib/thumb/v8-m.main+fp/hard\libcr_nohost_nf.a(__ciob.o)
                0x00001c48                __num_Ciob_streams
 .rodata.s_flexcommClocks
                0x00001c4c       0x12 ./drivers/fsl_flexcomm.o
 .rodata.main.str1.1
                0x00001c5e       0x16 ./source/hello_world.o
                                 0x12 (size before relaxing)
 .rodata._initio.str1.1
                0x00001c74        0x4 C:/appz/nxp/MCUXpressoIDE_11.10.0_3148/ide/plugins/com.nxp.mcuxpresso.tools.win32_11.10.0.202311280810/tools/bin/../lib/gcc/arm-none-eabi/13.2.1/../../../../arm-none-eabi/lib/thumb/v8-m.main+fp/hard\libcr_c.a(initio.o)
                0x00001c78                        . = ALIGN (0x4)

.glue_7         0x00001c74        0x0
 .glue_7        0x00001c74        0x0 linker stubs

.glue_7t        0x00001c74        0x0
 .glue_7t       0x00001c74        0x0 linker stubs

.vfp11_veneer   0x00001c74        0x0
 .vfp11_veneer  0x00001c74        0x0 linker stubs

.v4_bx          0x00001c74        0x0
 .v4_bx         0x00001c74        0x0 linker stubs

.iplt           0x00001c74        0x0
 .iplt          0x00001c74        0x0 ./utilities/fsl_debug_console.o

.rel.dyn        0x00001c74        0x0
 .rel.iplt      0x00001c74        0x0 ./utilities/fsl_debug_console.o

.ARM.extab
 *(SORT_BY_ALIGNMENT(.ARM.extab*) SORT_BY_ALIGNMENT(.gnu.linkonce.armextab.*))

.ARM.exidx      0x00001c74        0x0
                0x00001c74                        __exidx_start = .
 *(SORT_BY_ALIGNMENT(.ARM.exidx*) SORT_BY_ALIGNMENT(.gnu.linkonce.armexidx.*))
                0x00001c74                        __exidx_end = .
                0x00001c74                        _etext = .

.m_usb_data
 *(SORT_BY_ALIGNMENT(m_usb_global))

.data_RAM2      0x04000000        0x0 load address 0x00001c74
 FILL mask 0xff
                [!provide]                        PROVIDE (__start_data_RAM2 = .)
                [!provide]                        PROVIDE (__start_data_SRAMX = .)
 *(SORT_BY_ALIGNMENT(.ramfunc.$RAM2))
 *(SORT_BY_ALIGNMENT(.ramfunc.$SRAMX))
 *(SORT_BY_ALIGNMENT(.data.$RAM2))
 *(SORT_BY_ALIGNMENT(.data.$SRAMX))
 *(SORT_BY_ALIGNMENT(.data.$RAM2.*))
 *(SORT_BY_ALIGNMENT(.data.$SRAMX.*))
                0x04000000                        . = ALIGN (0x4)
                [!provide]                        PROVIDE (__end_data_RAM2 = .)
                [!provide]                        PROVIDE (__end_data_SRAMX = .)

.data_RAM3      0x40100000        0x0 load address 0x00001c74
 FILL mask 0xff
                [!provide]                        PROVIDE (__start_data_RAM3 = .)
                [!provide]                        PROVIDE (__start_data_USB_RAM = .)
 *(SORT_BY_ALIGNMENT(.ramfunc.$RAM3))
 *(SORT_BY_ALIGNMENT(.ramfunc.$USB_RAM))
 *(SORT_BY_ALIGNMENT(.data.$RAM3))
 *(SORT_BY_ALIGNMENT(.data.$USB_RAM))
 *(SORT_BY_ALIGNMENT(.data.$RAM3.*))
 *(SORT_BY_ALIGNMENT(.data.$USB_RAM.*))
                0x40100000                        . = ALIGN (0x4)
                [!provide]                        PROVIDE (__end_data_RAM3 = .)
                [!provide]                        PROVIDE (__end_data_USB_RAM = .)

.data_RAM4      0x20040000        0x0 load address 0x00001c74
 FILL mask 0xff
                [!provide]                        PROVIDE (__start_data_RAM4 = .)
                [!provide]                        PROVIDE (__start_data_SRAM4 = .)
 *(SORT_BY_ALIGNMENT(.ramfunc.$RAM4))
 *(SORT_BY_ALIGNMENT(.ramfunc.$SRAM4))
 *(SORT_BY_ALIGNMENT(.data.$RAM4))
 *(SORT_BY_ALIGNMENT(.data.$SRAM4))
 *(SORT_BY_ALIGNMENT(.data.$RAM4.*))
 *(SORT_BY_ALIGNMENT(.data.$SRAM4.*))
                0x20040000                        . = ALIGN (0x4)
                [!provide]                        PROVIDE (__end_data_RAM4 = .)
                [!provide]                        PROVIDE (__end_data_SRAM4 = .)

.uninit_RESERVED
                0x20000000        0x0
                0x20000000                        _start_uninit_RESERVED = .
 *(SORT_BY_ALIGNMENT(.bss.$RESERVED*))
                0x20000000                        . = ALIGN (0x4)
                0x20000000                        _end_uninit_RESERVED = .

.data           0x20000000        0x8 load address 0x00001c74
 FILL mask 0xff
                0x20000000                        _data = .
                [!provide]                        PROVIDE (__start_data_RAM = .)
                [!provide]                        PROVIDE (__start_data_SRAM = .)
 *(SORT_BY_ALIGNMENT(vtable))
 *(SORT_BY_ALIGNMENT(.ramfunc*))
 *(SORT_BY_ALIGNMENT(CodeQuickAccess))
 *(SORT_BY_ALIGNMENT(DataQuickAccess))
 *(SORT_BY_ALIGNMENT(RamFunction))
 *(SORT_BY_ALIGNMENT(.data*))
 .data.s_Ext_Clk_Freq
                0x20000000        0x4 ./drivers/fsl_clock.o
 .data.SystemCoreClock
                0x20000004        0x4 ./device/system_LPC55S69_cm33_core0.o
                0x20000004                SystemCoreClock
                0x20000008                        . = ALIGN (0x4)
                0x20000008                        _edata = .
                [!provide]                        PROVIDE (__end_data_RAM = .)
                [!provide]                        PROVIDE (__end_data_SRAM = .)

.igot.plt       0x20000008        0x0 load address 0x00001c7c
 .igot.plt      0x20000008        0x0 ./utilities/fsl_debug_console.o

.bss_RAM2       0x04000000        0x0
                [!provide]                        PROVIDE (__start_bss_RAM2 = .)
                [!provide]                        PROVIDE (__start_bss_SRAMX = .)
 *(SORT_BY_ALIGNMENT(.bss.$RAM2))
 *(SORT_BY_ALIGNMENT(.bss.$SRAMX))
 *(SORT_BY_ALIGNMENT(.bss.$RAM2.*))
 *(SORT_BY_ALIGNMENT(.bss.$SRAMX.*))
                0x04000000                        . = ALIGN ((. != 0x0)?0x4:0x1)
                [!provide]                        PROVIDE (__end_bss_RAM2 = .)
                [!provide]                        PROVIDE (__end_bss_SRAMX = .)

.bss_RAM3       0x40100000        0x0
                [!provide]                        PROVIDE (__start_bss_RAM3 = .)
                [!provide]                        PROVIDE (__start_bss_USB_RAM = .)
 *(SORT_BY_ALIGNMENT(.bss.$RAM3))
 *(SORT_BY_ALIGNMENT(.bss.$USB_RAM))
 *(SORT_BY_ALIGNMENT(.bss.$RAM3.*))
 *(SORT_BY_ALIGNMENT(.bss.$USB_RAM.*))
                0x40100000                        . = ALIGN ((. != 0x0)?0x4:0x1)
                [!provide]                        PROVIDE (__end_bss_RAM3 = .)
                [!provide]                        PROVIDE (__end_bss_USB_RAM = .)

.bss_RAM4       0x20040000        0x0
                [!provide]                        PROVIDE (__start_bss_RAM4 = .)
                [!provide]                        PROVIDE (__start_bss_SRAM4 = .)
 *(SORT_BY_ALIGNMENT(.bss.$RAM4))
 *(SORT_BY_ALIGNMENT(.bss.$SRAM4))
 *(SORT_BY_ALIGNMENT(.bss.$RAM4.*))
 *(SORT_BY_ALIGNMENT(.bss.$SRAM4.*))
                0x20040000                        . = ALIGN ((. != 0x0)?0x4:0x1)
                [!provide]                        PROVIDE (__end_bss_RAM4 = .)
                [!provide]                        PROVIDE (__end_bss_SRAM4 = .)

.bss            0x20000008      0x120
                0x20000008                        _bss = .
                [!provide]                        PROVIDE (__start_bss_RAM = .)
                [!provide]                        PROVIDE (__start_bss_SRAM = .)
 *(SORT_BY_ALIGNMENT(.bss*))
 .bss.s_debugConsole
                0x20000008       0x14 ./utilities/fsl_debug_console.o
 .bss.DWT2      0x2000001c        0x4 ./source/hello_world.o
                0x2000001c                DWT2
 .bss.DWT1      0x20000020        0x4 ./source/hello_world.o
                0x20000020                DWT1
 .bss.s_Pll0_Freq
                0x20000024        0x4 ./drivers/fsl_clock.o
 .bss.s_flexcommHandle
                0x20000028       0x24 ./drivers/fsl_flexcomm.o
 .bss.s_flexcommIrqHandler
                0x2000004c       0x24 ./drivers/fsl_flexcomm.o
 .bss.errno     0x20000070        0x4 C:/appz/nxp/MCUXpressoIDE_11.10.0_3148/ide/plugins/com.nxp.mcuxpresso.tools.win32_11.10.0.202311280810/tools/bin/../lib/gcc/arm-none-eabi/13.2.1/../../../../arm-none-eabi/lib/thumb/v8-m.main+fp/hard\libcr_c.a(errno.o)
                0x20000070                errno
 .bss.__Ciob    0x20000074       0xb4 C:/appz/nxp/MCUXpressoIDE_11.10.0_3148/ide/plugins/com.nxp.mcuxpresso.tools.win32_11.10.0.202311280810/tools/bin/../lib/gcc/arm-none-eabi/13.2.1/../../../../arm-none-eabi/lib/thumb/v8-m.main+fp/hard\libcr_nohost_nf.a(__ciob.o)
                0x20000074                __Ciob
 *(SORT_BY_ALIGNMENT(COMMON))
                0x20000128                        . = ALIGN (0x4)
                0x20000128                        _ebss = .
                [!provide]                        PROVIDE (__end_bss_RAM = .)
                [!provide]                        PROVIDE (__end_bss_SRAM = .)
                [!provide]                        PROVIDE (end = .)

.noinit_RAM2    0x04000000        0x0
                [!provide]                        PROVIDE (__start_noinit_RAM2 = .)
                [!provide]                        PROVIDE (__start_noinit_SRAMX = .)
 *(SORT_BY_ALIGNMENT(.noinit.$RAM2))
 *(SORT_BY_ALIGNMENT(.noinit.$SRAMX))
 *(SORT_BY_ALIGNMENT(.noinit.$RAM2.*))
 *(SORT_BY_ALIGNMENT(.noinit.$SRAMX.*))
                0x04000000                        . = ALIGN (0x4)
                [!provide]                        PROVIDE (__end_noinit_RAM2 = .)
                [!provide]                        PROVIDE (__end_noinit_SRAMX = .)

.noinit_RAM3    0x40100000        0x0
                [!provide]                        PROVIDE (__start_noinit_RAM3 = .)
                [!provide]                        PROVIDE (__start_noinit_USB_RAM = .)
 *(SORT_BY_ALIGNMENT(.noinit.$RAM3))
 *(SORT_BY_ALIGNMENT(.noinit.$USB_RAM))
 *(SORT_BY_ALIGNMENT(.noinit.$RAM3.*))
 *(SORT_BY_ALIGNMENT(.noinit.$USB_RAM.*))
                0x40100000                        . = ALIGN (0x4)
                [!provide]                        PROVIDE (__end_noinit_RAM3 = .)
                [!provide]                        PROVIDE (__end_noinit_USB_RAM = .)

.noinit_RAM4    0x20040000        0x0
                [!provide]                        PROVIDE (__start_noinit_RAM4 = .)
                [!provide]                        PROVIDE (__start_noinit_SRAM4 = .)
 *(SORT_BY_ALIGNMENT(.noinit.$RAM4))
 *(SORT_BY_ALIGNMENT(.noinit.$SRAM4))
 *(SORT_BY_ALIGNMENT(.noinit.$RAM4.*))
 *(SORT_BY_ALIGNMENT(.noinit.$SRAM4.*))
                0x20040000                        . = ALIGN (0x4)
                [!provide]                        PROVIDE (__end_noinit_RAM4 = .)
                [!provide]                        PROVIDE (__end_noinit_SRAM4 = .)

.noinit         0x20000128        0x0
                0x20000128                        _noinit = .
                [!provide]                        PROVIDE (__start_noinit_RAM = .)
                [!provide]                        PROVIDE (__start_noinit_SRAM = .)
 *(SORT_BY_ALIGNMENT(.noinit*))
                0x20000128                        . = ALIGN (0x4)
                0x20000128                        _end_noinit = .
                [!provide]                        PROVIDE (__end_noinit_RAM = .)
                [!provide]                        PROVIDE (__end_noinit_SRAM = .)
                0x00001000                        _HeapSize = 0x1000

.heap           0x20000128     0x1000
                0x20000128                        _pvHeapStart = .
                0x20001128                        . = (. + _HeapSize)
 *fill*         0x20000128     0x1000 
                0x20001128                        . = ALIGN (0x4)
                0x20001128                        _pvHeapLimit = .
                0x00001000                        _StackSize = 0x1000

.heap2stackfill
                0x20001128     0x1000
                0x20002128                        . = (. + _StackSize)
 *fill*         0x20001128     0x1000 

.stack          0x2003f000        0x0
                0x2003f000                        _vStackBase = .
                0x2003f000                        . = ALIGN (0x4)
                0x20040000                        _vStackTop = (. + _StackSize)
                [!provide]                        PROVIDE (__valid_user_code_checksum = (0x0 - ((((((_vStackTop + (ResetISR + 0x1)) + (NMI_Handler + 0x1)) + (HardFault_Handler + 0x1)) + (DEFINED (MemManage_Handler)?MemManage_Handler:0x0 + 0x1)) + (DEFINED (BusFault_Handler)?BusFault_Handler:0x0 + 0x1)) + (DEFINED (UsageFault_Handler)?UsageFault_Handler:0x0 + 0x1))))
                0x00000000                        _image_start = LOADADDR (.text)
                0x00001c7c                        _image_end = (LOADADDR (.data) + SIZEOF (.data))
                0x00001c7c                        _image_size = (_image_end - _image_start)
OUTPUT(lpcxpresso55s69_hello_world.axf elf32-littlearm)
LOAD linker stubs

.debug_info     0x00000000    0x18964
 .debug_info    0x00000000     0x10b4 ./utilities/fsl_debug_console.o
 .debug_info    0x000010b4      0xa01 ./startup/startup_lpc55s69_cm33_core0.o
 .debug_info    0x00001ab5     0x1cbd ./source/hello_world.o
 .debug_info    0x00003772       0x38 ./source/semihost_hardfault.o
 .debug_info    0x000037aa     0x470e ./drivers/fsl_clock.o
 .debug_info    0x00007eb8      0x638 ./drivers/fsl_common_arm.o
 .debug_info    0x000084f0     0x1cb3 ./drivers/fsl_flexcomm.o
 .debug_info    0x0000a1a3     0x311c ./drivers/fsl_power.o
 .debug_info    0x0000d2bf      0xf1e ./drivers/fsl_reset.o
 .debug_info    0x0000e1dd     0x210b ./drivers/fsl_usart.o
 .debug_info    0x000102e8     0x16c0 ./device/system_LPC55S69_cm33_core0.o
 .debug_info    0x000119a8      0xe62 ./component/uart/fsl_adapter_usart.o
 .debug_info    0x0001280a      0x968 ./board/board.o
 .debug_info    0x00013172     0x1e1f ./board/clock_config.o
 .debug_info    0x00014f91     0x1087 ./board/pin_mux.o
 .debug_info    0x00016018       0x85 C:/appz/nxp/MCUXpressoIDE_11.10.0_3148/ide/plugins/com.nxp.mcuxpresso.tools.win32_11.10.0.202311280810/tools/bin/../lib/gcc/arm-none-eabi/13.2.1/../../../../arm-none-eabi/lib/thumb/v8-m.main+fp/hard\libcr_nohost_nf.a(_cr__main.o)
 .debug_info    0x0001609d       0xfc C:/appz/nxp/MCUXpressoIDE_11.10.0_3148/ide/plugins/com.nxp.mcuxpresso.tools.win32_11.10.0.202311280810/tools/bin/../lib/gcc/arm-none-eabi/13.2.1/../../../../arm-none-eabi/lib/thumb/v8-m.main+fp/hard\libcr_c.a(memset.o)
 .debug_info    0x00016199      0x520 C:/appz/nxp/MCUXpressoIDE_11.10.0_3148/ide/plugins/com.nxp.mcuxpresso.tools.win32_11.10.0.202311280810/tools/bin/../lib/gcc/arm-none-eabi/13.2.1/../../../../arm-none-eabi/lib/thumb/v8-m.main+fp/hard\libcr_c.a(alloc.o)
 .debug_info    0x000166b9       0x44 C:/appz/nxp/MCUXpressoIDE_11.10.0_3148/ide/plugins/com.nxp.mcuxpresso.tools.win32_11.10.0.202311280810/tools/bin/../lib/gcc/arm-none-eabi/13.2.1/../../../../arm-none-eabi/lib/thumb/v8-m.main+fp/hard\libcr_c.a(errno.o)
 .debug_info    0x000166fd      0x339 C:/appz/nxp/MCUXpressoIDE_11.10.0_3148/ide/plugins/com.nxp.mcuxpresso.tools.win32_11.10.0.202311280810/tools/bin/../lib/gcc/arm-none-eabi/13.2.1/../../../../arm-none-eabi/lib/thumb/v8-m.main+fp/hard\libcr_c.a(initio.o)
 .debug_info    0x00016a36      0x1fd C:/appz/nxp/MCUXpressoIDE_11.10.0_3148/ide/plugins/com.nxp.mcuxpresso.tools.win32_11.10.0.202311280810/tools/bin/../lib/gcc/arm-none-eabi/13.2.1/../../../../arm-none-eabi/lib/thumb/v8-m.main+fp/hard\libcr_c.a(setvbuf.o)
 .debug_info    0x00016c33       0xe1 C:/appz/nxp/MCUXpressoIDE_11.10.0_3148/ide/plugins/com.nxp.mcuxpresso.tools.win32_11.10.0.202311280810/tools/bin/../lib/gcc/arm-none-eabi/13.2.1/../../../../arm-none-eabi/lib/thumb/v8-m.main+fp/hard\libcr_c.a(strlen.o)
 .debug_info    0x00016d14      0x369 C:/appz/nxp/MCUXpressoIDE_11.10.0_3148/ide/plugins/com.nxp.mcuxpresso.tools.win32_11.10.0.202311280810/tools/bin/../lib/gcc/arm-none-eabi/13.2.1/../../../../arm-none-eabi/lib/thumb/v8-m.main+fp/hard\libcr_c.a(_deferredlazyseek.o)
 .debug_info    0x0001707d      0x24b C:/appz/nxp/MCUXpressoIDE_11.10.0_3148/ide/plugins/com.nxp.mcuxpresso.tools.win32_11.10.0.202311280810/tools/bin/../lib/gcc/arm-none-eabi/13.2.1/../../../../arm-none-eabi/lib/thumb/v8-m.main+fp/hard\libcr_c.a(_fdopen.o)
 .debug_info    0x000172c8      0x1e3 C:/appz/nxp/MCUXpressoIDE_11.10.0_3148/ide/plugins/com.nxp.mcuxpresso.tools.win32_11.10.0.202311280810/tools/bin/../lib/gcc/arm-none-eabi/13.2.1/../../../../arm-none-eabi/lib/thumb/v8-m.main+fp/hard\libcr_c.a(_fflush.o)
 .debug_info    0x000174ab      0x289 C:/appz/nxp/MCUXpressoIDE_11.10.0_3148/ide/plugins/com.nxp.mcuxpresso.tools.win32_11.10.0.202311280810/tools/bin/../lib/gcc/arm-none-eabi/13.2.1/../../../../arm-none-eabi/lib/thumb/v8-m.main+fp/hard\libcr_c.a(_writebuf.o)
 .debug_info    0x00017734      0x318 C:/appz/nxp/MCUXpressoIDE_11.10.0_3148/ide/plugins/com.nxp.mcuxpresso.tools.win32_11.10.0.202311280810/tools/bin/../lib/gcc/arm-none-eabi/13.2.1/../../../../arm-none-eabi/lib/thumb/v8-m.main+fp/hard\libcr_c.a(fclose.o)
 .debug_info    0x00017a4c      0x209 C:/appz/nxp/MCUXpressoIDE_11.10.0_3148/ide/plugins/com.nxp.mcuxpresso.tools.win32_11.10.0.202311280810/tools/bin/../lib/gcc/arm-none-eabi/13.2.1/../../../../arm-none-eabi/lib/thumb/v8-m.main+fp/hard\libcr_c.a(fflush.o)
 .debug_info    0x00017c55      0x276 C:/appz/nxp/MCUXpressoIDE_11.10.0_3148/ide/plugins/com.nxp.mcuxpresso.tools.win32_11.10.0.202311280810/tools/bin/../lib/gcc/arm-none-eabi/13.2.1/../../../../arm-none-eabi/lib/thumb/v8-m.main+fp/hard\libcr_c.a(fseek.o)
 .debug_info    0x00017ecb      0x197 C:/appz/nxp/MCUXpressoIDE_11.10.0_3148/ide/plugins/com.nxp.mcuxpresso.tools.win32_11.10.0.202311280810/tools/bin/../lib/gcc/arm-none-eabi/13.2.1/../../../../arm-none-eabi/lib/thumb/v8-m.main+fp/hard\libcr_c.a(ftell.o)
 .debug_info    0x00018062      0x1d7 C:/appz/nxp/MCUXpressoIDE_11.10.0_3148/ide/plugins/com.nxp.mcuxpresso.tools.win32_11.10.0.202311280810/tools/bin/../lib/gcc/arm-none-eabi/13.2.1/../../../../arm-none-eabi/lib/thumb/v8-m.main+fp/hard\libcr_c.a(remove.o)
 .debug_info    0x00018239      0x23a C:/appz/nxp/MCUXpressoIDE_11.10.0_3148/ide/plugins/com.nxp.mcuxpresso.tools.win32_11.10.0.202311280810/tools/bin/../lib/gcc/arm-none-eabi/13.2.1/../../../../arm-none-eabi/lib/thumb/v8-m.main+fp/hard\libcr_c.a(_do_fflush.o)
 .debug_info    0x00018473      0x18b C:/appz/nxp/MCUXpressoIDE_11.10.0_3148/ide/plugins/com.nxp.mcuxpresso.tools.win32_11.10.0.202311280810/tools/bin/../lib/gcc/arm-none-eabi/13.2.1/../../../../arm-none-eabi/lib/thumb/v8-m.main+fp/hard\libcr_nohost_nf.a(__ciob.o)
 .debug_info    0x000185fe       0x6a C:/appz/nxp/MCUXpressoIDE_11.10.0_3148/ide/plugins/com.nxp.mcuxpresso.tools.win32_11.10.0.202311280810/tools/bin/../lib/gcc/arm-none-eabi/13.2.1/../../../../arm-none-eabi/lib/thumb/v8-m.main+fp/hard\libcr_nohost_nf.a(__sys_close.o)
 .debug_info    0x00018668       0x6a C:/appz/nxp/MCUXpressoIDE_11.10.0_3148/ide/plugins/com.nxp.mcuxpresso.tools.win32_11.10.0.202311280810/tools/bin/../lib/gcc/arm-none-eabi/13.2.1/../../../../arm-none-eabi/lib/thumb/v8-m.main+fp/hard\libcr_nohost_nf.a(__sys_flen.o)
 .debug_info    0x000186d2       0x6a C:/appz/nxp/MCUXpressoIDE_11.10.0_3148/ide/plugins/com.nxp.mcuxpresso.tools.win32_11.10.0.202311280810/tools/bin/../lib/gcc/arm-none-eabi/13.2.1/../../../../arm-none-eabi/lib/thumb/v8-m.main+fp/hard\libcr_nohost_nf.a(__sys_istty.o)
 .debug_info    0x0001873c       0x8a C:/appz/nxp/MCUXpressoIDE_11.10.0_3148/ide/plugins/com.nxp.mcuxpresso.tools.win32_11.10.0.202311280810/tools/bin/../lib/gcc/arm-none-eabi/13.2.1/../../../../arm-none-eabi/lib/thumb/v8-m.main+fp/hard\libcr_nohost_nf.a(__sys_remove.o)
 .debug_info    0x000187c6       0x78 C:/appz/nxp/MCUXpressoIDE_11.10.0_3148/ide/plugins/com.nxp.mcuxpresso.tools.win32_11.10.0.202311280810/tools/bin/../lib/gcc/arm-none-eabi/13.2.1/../../../../arm-none-eabi/lib/thumb/v8-m.main+fp/hard\libcr_nohost_nf.a(__sys_seek.o)
 .debug_info    0x0001883e       0x93 C:/appz/nxp/MCUXpressoIDE_11.10.0_3148/ide/plugins/com.nxp.mcuxpresso.tools.win32_11.10.0.202311280810/tools/bin/../lib/gcc/arm-none-eabi/13.2.1/../../../../arm-none-eabi/lib/thumb/v8-m.main+fp/hard\libcr_nohost_nf.a(__sys_tmpnam.o)
 .debug_info    0x000188d1       0x93 C:/appz/nxp/MCUXpressoIDE_11.10.0_3148/ide/plugins/com.nxp.mcuxpresso.tools.win32_11.10.0.202311280810/tools/bin/../lib/gcc/arm-none-eabi/13.2.1/../../../../arm-none-eabi/lib/thumb/v8-m.main+fp/hard\libcr_nohost_nf.a(__sys_write.o)

.debug_abbrev   0x00000000     0x3c49
 .debug_abbrev  0x00000000      0x31a ./utilities/fsl_debug_console.o
 .debug_abbrev  0x0000031a      0x17c ./startup/startup_lpc55s69_cm33_core0.o
 .debug_abbrev  0x00000496      0x26d ./source/hello_world.o
 .debug_abbrev  0x00000703       0x2e ./source/semihost_hardfault.o
 .debug_abbrev  0x00000731      0x584 ./drivers/fsl_clock.o
 .debug_abbrev  0x00000cb5      0x198 ./drivers/fsl_common_arm.o
 .debug_abbrev  0x00000e4d      0x340 ./drivers/fsl_flexcomm.o
 .debug_abbrev  0x0000118d      0x410 ./drivers/fsl_power.o
 .debug_abbrev  0x0000159d      0x181 ./drivers/fsl_reset.o
 .debug_abbrev  0x0000171e      0x48f ./drivers/fsl_usart.o
 .debug_abbrev  0x00001bad      0x27c ./device/system_LPC55S69_cm33_core0.o
 .debug_abbrev  0x00001e29      0x2e5 ./component/uart/fsl_adapter_usart.o
 .debug_abbrev  0x0000210e      0x137 ./board/board.o
 .debug_abbrev  0x00002245      0x29a ./board/clock_config.o
 .debug_abbrev  0x000024df      0x1fa ./board/pin_mux.o
 .debug_abbrev  0x000026d9       0x70 C:/appz/nxp/MCUXpressoIDE_11.10.0_3148/ide/plugins/com.nxp.mcuxpresso.tools.win32_11.10.0.202311280810/tools/bin/../lib/gcc/arm-none-eabi/13.2.1/../../../../arm-none-eabi/lib/thumb/v8-m.main+fp/hard\libcr_nohost_nf.a(_cr__main.o)
 .debug_abbrev  0x00002749       0xa8 C:/appz/nxp/MCUXpressoIDE_11.10.0_3148/ide/plugins/com.nxp.mcuxpresso.tools.win32_11.10.0.202311280810/tools/bin/../lib/gcc/arm-none-eabi/13.2.1/../../../../arm-none-eabi/lib/thumb/v8-m.main+fp/hard\libcr_c.a(memset.o)
 .debug_abbrev  0x000027f1      0x284 C:/appz/nxp/MCUXpressoIDE_11.10.0_3148/ide/plugins/com.nxp.mcuxpresso.tools.win32_11.10.0.202311280810/tools/bin/../lib/gcc/arm-none-eabi/13.2.1/../../../../arm-none-eabi/lib/thumb/v8-m.main+fp/hard\libcr_c.a(alloc.o)
 .debug_abbrev  0x00002a75       0x44 C:/appz/nxp/MCUXpressoIDE_11.10.0_3148/ide/plugins/com.nxp.mcuxpresso.tools.win32_11.10.0.202311280810/tools/bin/../lib/gcc/arm-none-eabi/13.2.1/../../../../arm-none-eabi/lib/thumb/v8-m.main+fp/hard\libcr_c.a(errno.o)
 .debug_abbrev  0x00002ab9      0x169 C:/appz/nxp/MCUXpressoIDE_11.10.0_3148/ide/plugins/com.nxp.mcuxpresso.tools.win32_11.10.0.202311280810/tools/bin/../lib/gcc/arm-none-eabi/13.2.1/../../../../arm-none-eabi/lib/thumb/v8-m.main+fp/hard\libcr_c.a(initio.o)
 .debug_abbrev  0x00002c22       0xe1 C:/appz/nxp/MCUXpressoIDE_11.10.0_3148/ide/plugins/com.nxp.mcuxpresso.tools.win32_11.10.0.202311280810/tools/bin/../lib/gcc/arm-none-eabi/13.2.1/../../../../arm-none-eabi/lib/thumb/v8-m.main+fp/hard\libcr_c.a(setvbuf.o)
 .debug_abbrev  0x00002d03       0xa7 C:/appz/nxp/MCUXpressoIDE_11.10.0_3148/ide/plugins/com.nxp.mcuxpresso.tools.win32_11.10.0.202311280810/tools/bin/../lib/gcc/arm-none-eabi/13.2.1/../../../../arm-none-eabi/lib/thumb/v8-m.main+fp/hard\libcr_c.a(strlen.o)
 .debug_abbrev  0x00002daa      0x152 C:/appz/nxp/MCUXpressoIDE_11.10.0_3148/ide/plugins/com.nxp.mcuxpresso.tools.win32_11.10.0.202311280810/tools/bin/../lib/gcc/arm-none-eabi/13.2.1/../../../../arm-none-eabi/lib/thumb/v8-m.main+fp/hard\libcr_c.a(_deferredlazyseek.o)
 .debug_abbrev  0x00002efc      0x119 C:/appz/nxp/MCUXpressoIDE_11.10.0_3148/ide/plugins/com.nxp.mcuxpresso.tools.win32_11.10.0.202311280810/tools/bin/../lib/gcc/arm-none-eabi/13.2.1/../../../../arm-none-eabi/lib/thumb/v8-m.main+fp/hard\libcr_c.a(_fdopen.o)
 .debug_abbrev  0x00003015       0xf1 C:/appz/nxp/MCUXpressoIDE_11.10.0_3148/ide/plugins/com.nxp.mcuxpresso.tools.win32_11.10.0.202311280810/tools/bin/../lib/gcc/arm-none-eabi/13.2.1/../../../../arm-none-eabi/lib/thumb/v8-m.main+fp/hard\libcr_c.a(_fflush.o)
 .debug_abbrev  0x00003106      0x126 C:/appz/nxp/MCUXpressoIDE_11.10.0_3148/ide/plugins/com.nxp.mcuxpresso.tools.win32_11.10.0.202311280810/tools/bin/../lib/gcc/arm-none-eabi/13.2.1/../../../../arm-none-eabi/lib/thumb/v8-m.main+fp/hard\libcr_c.a(_writebuf.o)
 .debug_abbrev  0x0000322c      0x155 C:/appz/nxp/MCUXpressoIDE_11.10.0_3148/ide/plugins/com.nxp.mcuxpresso.tools.win32_11.10.0.202311280810/tools/bin/../lib/gcc/arm-none-eabi/13.2.1/../../../../arm-none-eabi/lib/thumb/v8-m.main+fp/hard\libcr_c.a(fclose.o)
 .debug_abbrev  0x00003381      0x125 C:/appz/nxp/MCUXpressoIDE_11.10.0_3148/ide/plugins/com.nxp.mcuxpresso.tools.win32_11.10.0.202311280810/tools/bin/../lib/gcc/arm-none-eabi/13.2.1/../../../../arm-none-eabi/lib/thumb/v8-m.main+fp/hard\libcr_c.a(fflush.o)
 .debug_abbrev  0x000034a6      0x11b C:/appz/nxp/MCUXpressoIDE_11.10.0_3148/ide/plugins/com.nxp.mcuxpresso.tools.win32_11.10.0.202311280810/tools/bin/../lib/gcc/arm-none-eabi/13.2.1/../../../../arm-none-eabi/lib/thumb/v8-m.main+fp/hard\libcr_c.a(fseek.o)
 .debug_abbrev  0x000035c1       0xc2 C:/appz/nxp/MCUXpressoIDE_11.10.0_3148/ide/plugins/com.nxp.mcuxpresso.tools.win32_11.10.0.202311280810/tools/bin/../lib/gcc/arm-none-eabi/13.2.1/../../../../arm-none-eabi/lib/thumb/v8-m.main+fp/hard\libcr_c.a(ftell.o)
 .debug_abbrev  0x00003683       0xfb C:/appz/nxp/MCUXpressoIDE_11.10.0_3148/ide/plugins/com.nxp.mcuxpresso.tools.win32_11.10.0.202311280810/tools/bin/../lib/gcc/arm-none-eabi/13.2.1/../../../../arm-none-eabi/lib/thumb/v8-m.main+fp/hard\libcr_c.a(remove.o)
 .debug_abbrev  0x0000377e      0x12c C:/appz/nxp/MCUXpressoIDE_11.10.0_3148/ide/plugins/com.nxp.mcuxpresso.tools.win32_11.10.0.202311280810/tools/bin/../lib/gcc/arm-none-eabi/13.2.1/../../../../arm-none-eabi/lib/thumb/v8-m.main+fp/hard\libcr_c.a(_do_fflush.o)
 .debug_abbrev  0x000038aa       0xb5 C:/appz/nxp/MCUXpressoIDE_11.10.0_3148/ide/plugins/com.nxp.mcuxpresso.tools.win32_11.10.0.202311280810/tools/bin/../lib/gcc/arm-none-eabi/13.2.1/../../../../arm-none-eabi/lib/thumb/v8-m.main+fp/hard\libcr_nohost_nf.a(__ciob.o)
 .debug_abbrev  0x0000395f       0x5c C:/appz/nxp/MCUXpressoIDE_11.10.0_3148/ide/plugins/com.nxp.mcuxpresso.tools.win32_11.10.0.202311280810/tools/bin/../lib/gcc/arm-none-eabi/13.2.1/../../../../arm-none-eabi/lib/thumb/v8-m.main+fp/hard\libcr_nohost_nf.a(__sys_close.o)
 .debug_abbrev  0x000039bb       0x5c C:/appz/nxp/MCUXpressoIDE_11.10.0_3148/ide/plugins/com.nxp.mcuxpresso.tools.win32_11.10.0.202311280810/tools/bin/../lib/gcc/arm-none-eabi/13.2.1/../../../../arm-none-eabi/lib/thumb/v8-m.main+fp/hard\libcr_nohost_nf.a(__sys_flen.o)
 .debug_abbrev  0x00003a17       0x5c C:/appz/nxp/MCUXpressoIDE_11.10.0_3148/ide/plugins/com.nxp.mcuxpresso.tools.win32_11.10.0.202311280810/tools/bin/../lib/gcc/arm-none-eabi/13.2.1/../../../../arm-none-eabi/lib/thumb/v8-m.main+fp/hard\libcr_nohost_nf.a(__sys_istty.o)
 .debug_abbrev  0x00003a73       0x7d C:/appz/nxp/MCUXpressoIDE_11.10.0_3148/ide/plugins/com.nxp.mcuxpresso.tools.win32_11.10.0.202311280810/tools/bin/../lib/gcc/arm-none-eabi/13.2.1/../../../../arm-none-eabi/lib/thumb/v8-m.main+fp/hard\libcr_nohost_nf.a(__sys_remove.o)
 .debug_abbrev  0x00003af0       0x6d C:/appz/nxp/MCUXpressoIDE_11.10.0_3148/ide/plugins/com.nxp.mcuxpresso.tools.win32_11.10.0.202311280810/tools/bin/../lib/gcc/arm-none-eabi/13.2.1/../../../../arm-none-eabi/lib/thumb/v8-m.main+fp/hard\libcr_nohost_nf.a(__sys_seek.o)
 .debug_abbrev  0x00003b5d       0x76 C:/appz/nxp/MCUXpressoIDE_11.10.0_3148/ide/plugins/com.nxp.mcuxpresso.tools.win32_11.10.0.202311280810/tools/bin/../lib/gcc/arm-none-eabi/13.2.1/../../../../arm-none-eabi/lib/thumb/v8-m.main+fp/hard\libcr_nohost_nf.a(__sys_tmpnam.o)
 .debug_abbrev  0x00003bd3       0x76 C:/appz/nxp/MCUXpressoIDE_11.10.0_3148/ide/plugins/com.nxp.mcuxpresso.tools.win32_11.10.0.202311280810/tools/bin/../lib/gcc/arm-none-eabi/13.2.1/../../../../arm-none-eabi/lib/thumb/v8-m.main+fp/hard\libcr_nohost_nf.a(__sys_write.o)

.debug_loc      0x00000000     0x8c86
 .debug_loc     0x00000000      0xbb0 ./utilities/fsl_debug_console.o
 .debug_loc     0x00000bb0      0x16a ./startup/startup_lpc55s69_cm33_core0.o
 .debug_loc     0x00000d1a       0x57 ./source/hello_world.o
 .debug_loc     0x00000d71     0x29c3 ./drivers/fsl_clock.o
 .debug_loc     0x00003734      0x148 ./drivers/fsl_common_arm.o
 .debug_loc     0x0000387c      0x31d ./drivers/fsl_flexcomm.o
 .debug_loc     0x00003b99     0x1cb9 ./drivers/fsl_power.o
 .debug_loc     0x00005852       0xce ./drivers/fsl_reset.o
 .debug_loc     0x00005920     0x1418 ./drivers/fsl_usart.o
 .debug_loc     0x00006d38      0x3da ./device/system_LPC55S69_cm33_core0.o
 .debug_loc     0x00007112      0x302 ./component/uart/fsl_adapter_usart.o
 .debug_loc     0x00007414      0x17b ./board/clock_config.o
 .debug_loc     0x0000758f      0x146 ./board/pin_mux.o
 .debug_loc     0x000076d5       0x81 C:/appz/nxp/MCUXpressoIDE_11.10.0_3148/ide/plugins/com.nxp.mcuxpresso.tools.win32_11.10.0.202311280810/tools/bin/../lib/gcc/arm-none-eabi/13.2.1/../../../../arm-none-eabi/lib/thumb/v8-m.main+fp/hard\libcr_c.a(memset.o)
 .debug_loc     0x00007756      0x8a8 C:/appz/nxp/MCUXpressoIDE_11.10.0_3148/ide/plugins/com.nxp.mcuxpresso.tools.win32_11.10.0.202311280810/tools/bin/../lib/gcc/arm-none-eabi/13.2.1/../../../../arm-none-eabi/lib/thumb/v8-m.main+fp/hard\libcr_c.a(alloc.o)
 .debug_loc     0x00007ffe       0x68 C:/appz/nxp/MCUXpressoIDE_11.10.0_3148/ide/plugins/com.nxp.mcuxpresso.tools.win32_11.10.0.202311280810/tools/bin/../lib/gcc/arm-none-eabi/13.2.1/../../../../arm-none-eabi/lib/thumb/v8-m.main+fp/hard\libcr_c.a(initio.o)
 .debug_loc     0x00008066      0x11e C:/appz/nxp/MCUXpressoIDE_11.10.0_3148/ide/plugins/com.nxp.mcuxpresso.tools.win32_11.10.0.202311280810/tools/bin/../lib/gcc/arm-none-eabi/13.2.1/../../../../arm-none-eabi/lib/thumb/v8-m.main+fp/hard\libcr_c.a(setvbuf.o)
 .debug_loc     0x00008184       0xe1 C:/appz/nxp/MCUXpressoIDE_11.10.0_3148/ide/plugins/com.nxp.mcuxpresso.tools.win32_11.10.0.202311280810/tools/bin/../lib/gcc/arm-none-eabi/13.2.1/../../../../arm-none-eabi/lib/thumb/v8-m.main+fp/hard\libcr_c.a(strlen.o)
 .debug_loc     0x00008265      0x18f C:/appz/nxp/MCUXpressoIDE_11.10.0_3148/ide/plugins/com.nxp.mcuxpresso.tools.win32_11.10.0.202311280810/tools/bin/../lib/gcc/arm-none-eabi/13.2.1/../../../../arm-none-eabi/lib/thumb/v8-m.main+fp/hard\libcr_c.a(_deferredlazyseek.o)
 .debug_loc     0x000083f4      0x12d C:/appz/nxp/MCUXpressoIDE_11.10.0_3148/ide/plugins/com.nxp.mcuxpresso.tools.win32_11.10.0.202311280810/tools/bin/../lib/gcc/arm-none-eabi/13.2.1/../../../../arm-none-eabi/lib/thumb/v8-m.main+fp/hard\libcr_c.a(_fdopen.o)
 .debug_loc     0x00008521       0xfa C:/appz/nxp/MCUXpressoIDE_11.10.0_3148/ide/plugins/com.nxp.mcuxpresso.tools.win32_11.10.0.202311280810/tools/bin/../lib/gcc/arm-none-eabi/13.2.1/../../../../arm-none-eabi/lib/thumb/v8-m.main+fp/hard\libcr_c.a(_fflush.o)
 .debug_loc     0x0000861b      0x12b C:/appz/nxp/MCUXpressoIDE_11.10.0_3148/ide/plugins/com.nxp.mcuxpresso.tools.win32_11.10.0.202311280810/tools/bin/../lib/gcc/arm-none-eabi/13.2.1/../../../../arm-none-eabi/lib/thumb/v8-m.main+fp/hard\libcr_c.a(_writebuf.o)
 .debug_loc     0x00008746       0x73 C:/appz/nxp/MCUXpressoIDE_11.10.0_3148/ide/plugins/com.nxp.mcuxpresso.tools.win32_11.10.0.202311280810/tools/bin/../lib/gcc/arm-none-eabi/13.2.1/../../../../arm-none-eabi/lib/thumb/v8-m.main+fp/hard\libcr_c.a(fclose.o)
 .debug_loc     0x000087b9       0xae C:/appz/nxp/MCUXpressoIDE_11.10.0_3148/ide/plugins/com.nxp.mcuxpresso.tools.win32_11.10.0.202311280810/tools/bin/../lib/gcc/arm-none-eabi/13.2.1/../../../../arm-none-eabi/lib/thumb/v8-m.main+fp/hard\libcr_c.a(fflush.o)
 .debug_loc     0x00008867       0xfb C:/appz/nxp/MCUXpressoIDE_11.10.0_3148/ide/plugins/com.nxp.mcuxpresso.tools.win32_11.10.0.202311280810/tools/bin/../lib/gcc/arm-none-eabi/13.2.1/../../../../arm-none-eabi/lib/thumb/v8-m.main+fp/hard\libcr_c.a(fseek.o)
 .debug_loc     0x00008962       0xb7 C:/appz/nxp/MCUXpressoIDE_11.10.0_3148/ide/plugins/com.nxp.mcuxpresso.tools.win32_11.10.0.202311280810/tools/bin/../lib/gcc/arm-none-eabi/13.2.1/../../../../arm-none-eabi/lib/thumb/v8-m.main+fp/hard\libcr_c.a(ftell.o)
 .debug_loc     0x00008a19       0xcd C:/appz/nxp/MCUXpressoIDE_11.10.0_3148/ide/plugins/com.nxp.mcuxpresso.tools.win32_11.10.0.202311280810/tools/bin/../lib/gcc/arm-none-eabi/13.2.1/../../../../arm-none-eabi/lib/thumb/v8-m.main+fp/hard\libcr_c.a(remove.o)
 .debug_loc     0x00008ae6       0x73 C:/appz/nxp/MCUXpressoIDE_11.10.0_3148/ide/plugins/com.nxp.mcuxpresso.tools.win32_11.10.0.202311280810/tools/bin/../lib/gcc/arm-none-eabi/13.2.1/../../../../arm-none-eabi/lib/thumb/v8-m.main+fp/hard\libcr_c.a(_do_fflush.o)
 .debug_loc     0x00008b59       0x2b C:/appz/nxp/MCUXpressoIDE_11.10.0_3148/ide/plugins/com.nxp.mcuxpresso.tools.win32_11.10.0.202311280810/tools/bin/../lib/gcc/arm-none-eabi/13.2.1/../../../../arm-none-eabi/lib/thumb/v8-m.main+fp/hard\libcr_nohost_nf.a(__sys_close.o)
 .debug_loc     0x00008b84       0x2b C:/appz/nxp/MCUXpressoIDE_11.10.0_3148/ide/plugins/com.nxp.mcuxpresso.tools.win32_11.10.0.202311280810/tools/bin/../lib/gcc/arm-none-eabi/13.2.1/../../../../arm-none-eabi/lib/thumb/v8-m.main+fp/hard\libcr_nohost_nf.a(__sys_flen.o)
 .debug_loc     0x00008baf       0x2b C:/appz/nxp/MCUXpressoIDE_11.10.0_3148/ide/plugins/com.nxp.mcuxpresso.tools.win32_11.10.0.202311280810/tools/bin/../lib/gcc/arm-none-eabi/13.2.1/../../../../arm-none-eabi/lib/thumb/v8-m.main+fp/hard\libcr_nohost_nf.a(__sys_istty.o)
 .debug_loc     0x00008bda       0x2b C:/appz/nxp/MCUXpressoIDE_11.10.0_3148/ide/plugins/com.nxp.mcuxpresso.tools.win32_11.10.0.202311280810/tools/bin/../lib/gcc/arm-none-eabi/13.2.1/../../../../arm-none-eabi/lib/thumb/v8-m.main+fp/hard\libcr_nohost_nf.a(__sys_remove.o)
 .debug_loc     0x00008c05       0x2b C:/appz/nxp/MCUXpressoIDE_11.10.0_3148/ide/plugins/com.nxp.mcuxpresso.tools.win32_11.10.0.202311280810/tools/bin/../lib/gcc/arm-none-eabi/13.2.1/../../../../arm-none-eabi/lib/thumb/v8-m.main+fp/hard\libcr_nohost_nf.a(__sys_seek.o)
 .debug_loc     0x00008c30       0x2b C:/appz/nxp/MCUXpressoIDE_11.10.0_3148/ide/plugins/com.nxp.mcuxpresso.tools.win32_11.10.0.202311280810/tools/bin/../lib/gcc/arm-none-eabi/13.2.1/../../../../arm-none-eabi/lib/thumb/v8-m.main+fp/hard\libcr_nohost_nf.a(__sys_tmpnam.o)
 .debug_loc     0x00008c5b       0x2b C:/appz/nxp/MCUXpressoIDE_11.10.0_3148/ide/plugins/com.nxp.mcuxpresso.tools.win32_11.10.0.202311280810/tools/bin/../lib/gcc/arm-none-eabi/13.2.1/../../../../arm-none-eabi/lib/thumb/v8-m.main+fp/hard\libcr_nohost_nf.a(__sys_write.o)

.debug_aranges  0x00000000      0xb48
 .debug_aranges
                0x00000000       0x68 ./utilities/fsl_debug_console.o
 .debug_aranges
                0x00000068      0x268 ./startup/startup_lpc55s69_cm33_core0.o
 .debug_aranges
                0x000002d0       0x20 ./source/hello_world.o
 .debug_aranges
                0x000002f0       0x20 ./source/semihost_hardfault.o
 .debug_aranges
                0x00000310      0x1b8 ./drivers/fsl_clock.o
 .debug_aranges
                0x000004c8       0x30 ./drivers/fsl_common_arm.o
 .debug_aranges
                0x000004f8       0x78 ./drivers/fsl_flexcomm.o
 .debug_aranges
                0x00000570       0x88 ./drivers/fsl_power.o
 .debug_aranges
                0x000005f8       0x30 ./drivers/fsl_reset.o
 .debug_aranges
                0x00000628       0xc0 ./drivers/fsl_usart.o
 .debug_aranges
                0x000006e8       0x38 ./device/system_LPC55S69_cm33_core0.o
 .debug_aranges
                0x00000720       0x48 ./component/uart/fsl_adapter_usart.o
 .debug_aranges
                0x00000768       0x28 ./board/board.o
 .debug_aranges
                0x00000790       0x48 ./board/clock_config.o
 .debug_aranges
                0x000007d8       0x28 ./board/pin_mux.o
 .debug_aranges
                0x00000800       0x20 C:/appz/nxp/MCUXpressoIDE_11.10.0_3148/ide/plugins/com.nxp.mcuxpresso.tools.win32_11.10.0.202311280810/tools/bin/../lib/gcc/arm-none-eabi/13.2.1/../../../../arm-none-eabi/lib/thumb/v8-m.main+fp/hard\libcr_nohost_nf.a(_cr__main.o)
 .debug_aranges
                0x00000820       0x20 C:/appz/nxp/MCUXpressoIDE_11.10.0_3148/ide/plugins/com.nxp.mcuxpresso.tools.win32_11.10.0.202311280810/tools/bin/../lib/gcc/arm-none-eabi/13.2.1/../../../../arm-none-eabi/lib/thumb/v8-m.main+fp/hard\libcr_c.a(memset.o)
 .debug_aranges
                0x00000840       0x40 C:/appz/nxp/MCUXpressoIDE_11.10.0_3148/ide/plugins/com.nxp.mcuxpresso.tools.win32_11.10.0.202311280810/tools/bin/../lib/gcc/arm-none-eabi/13.2.1/../../../../arm-none-eabi/lib/thumb/v8-m.main+fp/hard\libcr_c.a(alloc.o)
 .debug_aranges
                0x00000880       0x18 C:/appz/nxp/MCUXpressoIDE_11.10.0_3148/ide/plugins/com.nxp.mcuxpresso.tools.win32_11.10.0.202311280810/tools/bin/../lib/gcc/arm-none-eabi/13.2.1/../../../../arm-none-eabi/lib/thumb/v8-m.main+fp/hard\libcr_c.a(errno.o)
 .debug_aranges
                0x00000898       0x28 C:/appz/nxp/MCUXpressoIDE_11.10.0_3148/ide/plugins/com.nxp.mcuxpresso.tools.win32_11.10.0.202311280810/tools/bin/../lib/gcc/arm-none-eabi/13.2.1/../../../../arm-none-eabi/lib/thumb/v8-m.main+fp/hard\libcr_c.a(initio.o)
 .debug_aranges
                0x000008c0       0x20 C:/appz/nxp/MCUXpressoIDE_11.10.0_3148/ide/plugins/com.nxp.mcuxpresso.tools.win32_11.10.0.202311280810/tools/bin/../lib/gcc/arm-none-eabi/13.2.1/../../../../arm-none-eabi/lib/thumb/v8-m.main+fp/hard\libcr_c.a(setvbuf.o)
 .debug_aranges
                0x000008e0       0x20 C:/appz/nxp/MCUXpressoIDE_11.10.0_3148/ide/plugins/com.nxp.mcuxpresso.tools.win32_11.10.0.202311280810/tools/bin/../lib/gcc/arm-none-eabi/13.2.1/../../../../arm-none-eabi/lib/thumb/v8-m.main+fp/hard\libcr_c.a(strlen.o)
 .debug_aranges
                0x00000900       0x28 C:/appz/nxp/MCUXpressoIDE_11.10.0_3148/ide/plugins/com.nxp.mcuxpresso.tools.win32_11.10.0.202311280810/tools/bin/../lib/gcc/arm-none-eabi/13.2.1/../../../../arm-none-eabi/lib/thumb/v8-m.main+fp/hard\libcr_c.a(_deferredlazyseek.o)
 .debug_aranges
                0x00000928       0x20 C:/appz/nxp/MCUXpressoIDE_11.10.0_3148/ide/plugins/com.nxp.mcuxpresso.tools.win32_11.10.0.202311280810/tools/bin/../lib/gcc/arm-none-eabi/13.2.1/../../../../arm-none-eabi/lib/thumb/v8-m.main+fp/hard\libcr_c.a(_fdopen.o)
 .debug_aranges
                0x00000948       0x20 C:/appz/nxp/MCUXpressoIDE_11.10.0_3148/ide/plugins/com.nxp.mcuxpresso.tools.win32_11.10.0.202311280810/tools/bin/../lib/gcc/arm-none-eabi/13.2.1/../../../../arm-none-eabi/lib/thumb/v8-m.main+fp/hard\libcr_c.a(_fflush.o)
 .debug_aranges
                0x00000968       0x20 C:/appz/nxp/MCUXpressoIDE_11.10.0_3148/ide/plugins/com.nxp.mcuxpresso.tools.win32_11.10.0.202311280810/tools/bin/../lib/gcc/arm-none-eabi/13.2.1/../../../../arm-none-eabi/lib/thumb/v8-m.main+fp/hard\libcr_c.a(_writebuf.o)
 .debug_aranges
                0x00000988       0x20 C:/appz/nxp/MCUXpressoIDE_11.10.0_3148/ide/plugins/com.nxp.mcuxpresso.tools.win32_11.10.0.202311280810/tools/bin/../lib/gcc/arm-none-eabi/13.2.1/../../../../arm-none-eabi/lib/thumb/v8-m.main+fp/hard\libcr_c.a(fclose.o)
 .debug_aranges
                0x000009a8       0x20 C:/appz/nxp/MCUXpressoIDE_11.10.0_3148/ide/plugins/com.nxp.mcuxpresso.tools.win32_11.10.0.202311280810/tools/bin/../lib/gcc/arm-none-eabi/13.2.1/../../../../arm-none-eabi/lib/thumb/v8-m.main+fp/hard\libcr_c.a(fflush.o)
 .debug_aranges
                0x000009c8       0x20 C:/appz/nxp/MCUXpressoIDE_11.10.0_3148/ide/plugins/com.nxp.mcuxpresso.tools.win32_11.10.0.202311280810/tools/bin/../lib/gcc/arm-none-eabi/13.2.1/../../../../arm-none-eabi/lib/thumb/v8-m.main+fp/hard\libcr_c.a(fseek.o)
 .debug_aranges
                0x000009e8       0x20 C:/appz/nxp/MCUXpressoIDE_11.10.0_3148/ide/plugins/com.nxp.mcuxpresso.tools.win32_11.10.0.202311280810/tools/bin/../lib/gcc/arm-none-eabi/13.2.1/../../../../arm-none-eabi/lib/thumb/v8-m.main+fp/hard\libcr_c.a(ftell.o)
 .debug_aranges
                0x00000a08       0x28 C:/appz/nxp/MCUXpressoIDE_11.10.0_3148/ide/plugins/com.nxp.mcuxpresso.tools.win32_11.10.0.202311280810/tools/bin/../lib/gcc/arm-none-eabi/13.2.1/../../../../arm-none-eabi/lib/thumb/v8-m.main+fp/hard\libcr_c.a(remove.o)
 .debug_aranges
                0x00000a30       0x20 C:/appz/nxp/MCUXpressoIDE_11.10.0_3148/ide/plugins/com.nxp.mcuxpresso.tools.win32_11.10.0.202311280810/tools/bin/../lib/gcc/arm-none-eabi/13.2.1/../../../../arm-none-eabi/lib/thumb/v8-m.main+fp/hard\libcr_c.a(_do_fflush.o)
 .debug_aranges
                0x00000a50       0x18 C:/appz/nxp/MCUXpressoIDE_11.10.0_3148/ide/plugins/com.nxp.mcuxpresso.tools.win32_11.10.0.202311280810/tools/bin/../lib/gcc/arm-none-eabi/13.2.1/../../../../arm-none-eabi/lib/thumb/v8-m.main+fp/hard\libcr_nohost_nf.a(__ciob.o)
 .debug_aranges
                0x00000a68       0x20 C:/appz/nxp/MCUXpressoIDE_11.10.0_3148/ide/plugins/com.nxp.mcuxpresso.tools.win32_11.10.0.202311280810/tools/bin/../lib/gcc/arm-none-eabi/13.2.1/../../../../arm-none-eabi/lib/thumb/v8-m.main+fp/hard\libcr_nohost_nf.a(__sys_close.o)
 .debug_aranges
                0x00000a88       0x20 C:/appz/nxp/MCUXpressoIDE_11.10.0_3148/ide/plugins/com.nxp.mcuxpresso.tools.win32_11.10.0.202311280810/tools/bin/../lib/gcc/arm-none-eabi/13.2.1/../../../../arm-none-eabi/lib/thumb/v8-m.main+fp/hard\libcr_nohost_nf.a(__sys_flen.o)
 .debug_aranges
                0x00000aa8       0x20 C:/appz/nxp/MCUXpressoIDE_11.10.0_3148/ide/plugins/com.nxp.mcuxpresso.tools.win32_11.10.0.202311280810/tools/bin/../lib/gcc/arm-none-eabi/13.2.1/../../../../arm-none-eabi/lib/thumb/v8-m.main+fp/hard\libcr_nohost_nf.a(__sys_istty.o)
 .debug_aranges
                0x00000ac8       0x20 C:/appz/nxp/MCUXpressoIDE_11.10.0_3148/ide/plugins/com.nxp.mcuxpresso.tools.win32_11.10.0.202311280810/tools/bin/../lib/gcc/arm-none-eabi/13.2.1/../../../../arm-none-eabi/lib/thumb/v8-m.main+fp/hard\libcr_nohost_nf.a(__sys_remove.o)
 .debug_aranges
                0x00000ae8       0x20 C:/appz/nxp/MCUXpressoIDE_11.10.0_3148/ide/plugins/com.nxp.mcuxpresso.tools.win32_11.10.0.202311280810/tools/bin/../lib/gcc/arm-none-eabi/13.2.1/../../../../arm-none-eabi/lib/thumb/v8-m.main+fp/hard\libcr_nohost_nf.a(__sys_seek.o)
 .debug_aranges
                0x00000b08       0x20 C:/appz/nxp/MCUXpressoIDE_11.10.0_3148/ide/plugins/com.nxp.mcuxpresso.tools.win32_11.10.0.202311280810/tools/bin/../lib/gcc/arm-none-eabi/13.2.1/../../../../arm-none-eabi/lib/thumb/v8-m.main+fp/hard\libcr_nohost_nf.a(__sys_tmpnam.o)
 .debug_aranges
                0x00000b28       0x20 C:/appz/nxp/MCUXpressoIDE_11.10.0_3148/ide/plugins/com.nxp.mcuxpresso.tools.win32_11.10.0.202311280810/tools/bin/../lib/gcc/arm-none-eabi/13.2.1/../../../../arm-none-eabi/lib/thumb/v8-m.main+fp/hard\libcr_nohost_nf.a(__sys_write.o)

.debug_ranges   0x00000000     0x1230
 .debug_ranges  0x00000000       0xa0 ./utilities/fsl_debug_console.o
 .debug_ranges  0x000000a0      0x258 ./startup/startup_lpc55s69_cm33_core0.o
 .debug_ranges  0x000002f8       0x38 ./source/hello_world.o
 .debug_ranges  0x00000330       0x10 ./source/semihost_hardfault.o
 .debug_ranges  0x00000340      0x5c0 ./drivers/fsl_clock.o
 .debug_ranges  0x00000900       0x38 ./drivers/fsl_common_arm.o
 .debug_ranges  0x00000938       0xb0 ./drivers/fsl_flexcomm.o
 .debug_ranges  0x000009e8      0x1b8 ./drivers/fsl_power.o
 .debug_ranges  0x00000ba0       0x20 ./drivers/fsl_reset.o
 .debug_ranges  0x00000bc0      0x158 ./drivers/fsl_usart.o
 .debug_ranges  0x00000d18      0x168 ./device/system_LPC55S69_cm33_core0.o
 .debug_ranges  0x00000e80       0x58 ./component/uart/fsl_adapter_usart.o
 .debug_ranges  0x00000ed8       0x18 ./board/board.o
 .debug_ranges  0x00000ef0      0x120 ./board/clock_config.o
 .debug_ranges  0x00001010       0x18 ./board/pin_mux.o
 .debug_ranges  0x00001028       0x10 C:/appz/nxp/MCUXpressoIDE_11.10.0_3148/ide/plugins/com.nxp.mcuxpresso.tools.win32_11.10.0.202311280810/tools/bin/../lib/gcc/arm-none-eabi/13.2.1/../../../../arm-none-eabi/lib/thumb/v8-m.main+fp/hard\libcr_nohost_nf.a(_cr__main.o)
 .debug_ranges  0x00001038       0x10 C:/appz/nxp/MCUXpressoIDE_11.10.0_3148/ide/plugins/com.nxp.mcuxpresso.tools.win32_11.10.0.202311280810/tools/bin/../lib/gcc/arm-none-eabi/13.2.1/../../../../arm-none-eabi/lib/thumb/v8-m.main+fp/hard\libcr_c.a(memset.o)
 .debug_ranges  0x00001048       0x48 C:/appz/nxp/MCUXpressoIDE_11.10.0_3148/ide/plugins/com.nxp.mcuxpresso.tools.win32_11.10.0.202311280810/tools/bin/../lib/gcc/arm-none-eabi/13.2.1/../../../../arm-none-eabi/lib/thumb/v8-m.main+fp/hard\libcr_c.a(alloc.o)
 .debug_ranges  0x00001090       0x18 C:/appz/nxp/MCUXpressoIDE_11.10.0_3148/ide/plugins/com.nxp.mcuxpresso.tools.win32_11.10.0.202311280810/tools/bin/../lib/gcc/arm-none-eabi/13.2.1/../../../../arm-none-eabi/lib/thumb/v8-m.main+fp/hard\libcr_c.a(initio.o)
 .debug_ranges  0x000010a8       0x10 C:/appz/nxp/MCUXpressoIDE_11.10.0_3148/ide/plugins/com.nxp.mcuxpresso.tools.win32_11.10.0.202311280810/tools/bin/../lib/gcc/arm-none-eabi/13.2.1/../../../../arm-none-eabi/lib/thumb/v8-m.main+fp/hard\libcr_c.a(setvbuf.o)
 .debug_ranges  0x000010b8       0x10 C:/appz/nxp/MCUXpressoIDE_11.10.0_3148/ide/plugins/com.nxp.mcuxpresso.tools.win32_11.10.0.202311280810/tools/bin/../lib/gcc/arm-none-eabi/13.2.1/../../../../arm-none-eabi/lib/thumb/v8-m.main+fp/hard\libcr_c.a(strlen.o)
 .debug_ranges  0x000010c8       0x30 C:/appz/nxp/MCUXpressoIDE_11.10.0_3148/ide/plugins/com.nxp.mcuxpresso.tools.win32_11.10.0.202311280810/tools/bin/../lib/gcc/arm-none-eabi/13.2.1/../../../../arm-none-eabi/lib/thumb/v8-m.main+fp/hard\libcr_c.a(_deferredlazyseek.o)
 .debug_ranges  0x000010f8       0x10 C:/appz/nxp/MCUXpressoIDE_11.10.0_3148/ide/plugins/com.nxp.mcuxpresso.tools.win32_11.10.0.202311280810/tools/bin/../lib/gcc/arm-none-eabi/13.2.1/../../../../arm-none-eabi/lib/thumb/v8-m.main+fp/hard\libcr_c.a(_fdopen.o)
 .debug_ranges  0x00001108       0x10 C:/appz/nxp/MCUXpressoIDE_11.10.0_3148/ide/plugins/com.nxp.mcuxpresso.tools.win32_11.10.0.202311280810/tools/bin/../lib/gcc/arm-none-eabi/13.2.1/../../../../arm-none-eabi/lib/thumb/v8-m.main+fp/hard\libcr_c.a(_fflush.o)
 .debug_ranges  0x00001118       0x10 C:/appz/nxp/MCUXpressoIDE_11.10.0_3148/ide/plugins/com.nxp.mcuxpresso.tools.win32_11.10.0.202311280810/tools/bin/../lib/gcc/arm-none-eabi/13.2.1/../../../../arm-none-eabi/lib/thumb/v8-m.main+fp/hard\libcr_c.a(_writebuf.o)
 .debug_ranges  0x00001128       0x10 C:/appz/nxp/MCUXpressoIDE_11.10.0_3148/ide/plugins/com.nxp.mcuxpresso.tools.win32_11.10.0.202311280810/tools/bin/../lib/gcc/arm-none-eabi/13.2.1/../../../../arm-none-eabi/lib/thumb/v8-m.main+fp/hard\libcr_c.a(fclose.o)
 .debug_ranges  0x00001138       0x28 C:/appz/nxp/MCUXpressoIDE_11.10.0_3148/ide/plugins/com.nxp.mcuxpresso.tools.win32_11.10.0.202311280810/tools/bin/../lib/gcc/arm-none-eabi/13.2.1/../../../../arm-none-eabi/lib/thumb/v8-m.main+fp/hard\libcr_c.a(fflush.o)
 .debug_ranges  0x00001160       0x10 C:/appz/nxp/MCUXpressoIDE_11.10.0_3148/ide/plugins/com.nxp.mcuxpresso.tools.win32_11.10.0.202311280810/tools/bin/../lib/gcc/arm-none-eabi/13.2.1/../../../../arm-none-eabi/lib/thumb/v8-m.main+fp/hard\libcr_c.a(fseek.o)
 .debug_ranges  0x00001170       0x10 C:/appz/nxp/MCUXpressoIDE_11.10.0_3148/ide/plugins/com.nxp.mcuxpresso.tools.win32_11.10.0.202311280810/tools/bin/../lib/gcc/arm-none-eabi/13.2.1/../../../../arm-none-eabi/lib/thumb/v8-m.main+fp/hard\libcr_c.a(ftell.o)
 .debug_ranges  0x00001180       0x18 C:/appz/nxp/MCUXpressoIDE_11.10.0_3148/ide/plugins/com.nxp.mcuxpresso.tools.win32_11.10.0.202311280810/tools/bin/../lib/gcc/arm-none-eabi/13.2.1/../../../../arm-none-eabi/lib/thumb/v8-m.main+fp/hard\libcr_c.a(remove.o)
 .debug_ranges  0x00001198       0x28 C:/appz/nxp/MCUXpressoIDE_11.10.0_3148/ide/plugins/com.nxp.mcuxpresso.tools.win32_11.10.0.202311280810/tools/bin/../lib/gcc/arm-none-eabi/13.2.1/../../../../arm-none-eabi/lib/thumb/v8-m.main+fp/hard\libcr_c.a(_do_fflush.o)
 .debug_ranges  0x000011c0       0x10 C:/appz/nxp/MCUXpressoIDE_11.10.0_3148/ide/plugins/com.nxp.mcuxpresso.tools.win32_11.10.0.202311280810/tools/bin/../lib/gcc/arm-none-eabi/13.2.1/../../../../arm-none-eabi/lib/thumb/v8-m.main+fp/hard\libcr_nohost_nf.a(__sys_close.o)
 .debug_ranges  0x000011d0       0x10 C:/appz/nxp/MCUXpressoIDE_11.10.0_3148/ide/plugins/com.nxp.mcuxpresso.tools.win32_11.10.0.202311280810/tools/bin/../lib/gcc/arm-none-eabi/13.2.1/../../../../arm-none-eabi/lib/thumb/v8-m.main+fp/hard\libcr_nohost_nf.a(__sys_flen.o)
 .debug_ranges  0x000011e0       0x10 C:/appz/nxp/MCUXpressoIDE_11.10.0_3148/ide/plugins/com.nxp.mcuxpresso.tools.win32_11.10.0.202311280810/tools/bin/../lib/gcc/arm-none-eabi/13.2.1/../../../../arm-none-eabi/lib/thumb/v8-m.main+fp/hard\libcr_nohost_nf.a(__sys_istty.o)
 .debug_ranges  0x000011f0       0x10 C:/appz/nxp/MCUXpressoIDE_11.10.0_3148/ide/plugins/com.nxp.mcuxpresso.tools.win32_11.10.0.202311280810/tools/bin/../lib/gcc/arm-none-eabi/13.2.1/../../../../arm-none-eabi/lib/thumb/v8-m.main+fp/hard\libcr_nohost_nf.a(__sys_remove.o)
 .debug_ranges  0x00001200       0x10 C:/appz/nxp/MCUXpressoIDE_11.10.0_3148/ide/plugins/com.nxp.mcuxpresso.tools.win32_11.10.0.202311280810/tools/bin/../lib/gcc/arm-none-eabi/13.2.1/../../../../arm-none-eabi/lib/thumb/v8-m.main+fp/hard\libcr_nohost_nf.a(__sys_seek.o)
 .debug_ranges  0x00001210       0x10 C:/appz/nxp/MCUXpressoIDE_11.10.0_3148/ide/plugins/com.nxp.mcuxpresso.tools.win32_11.10.0.202311280810/tools/bin/../lib/gcc/arm-none-eabi/13.2.1/../../../../arm-none-eabi/lib/thumb/v8-m.main+fp/hard\libcr_nohost_nf.a(__sys_tmpnam.o)
 .debug_ranges  0x00001220       0x10 C:/appz/nxp/MCUXpressoIDE_11.10.0_3148/ide/plugins/com.nxp.mcuxpresso.tools.win32_11.10.0.202311280810/tools/bin/../lib/gcc/arm-none-eabi/13.2.1/../../../../arm-none-eabi/lib/thumb/v8-m.main+fp/hard\libcr_nohost_nf.a(__sys_write.o)

.debug_line     0x00000000     0x9575
 .debug_line    0x00000000      0x8fb ./utilities/fsl_debug_console.o
 .debug_line    0x000008fb      0x948 ./startup/startup_lpc55s69_cm33_core0.o
 .debug_line    0x00001243      0x411 ./source/hello_world.o
 .debug_line    0x00001654       0x58 ./source/semihost_hardfault.o
 .debug_line    0x000016ac     0x2284 ./drivers/fsl_clock.o
 .debug_line    0x00003930      0x1da ./drivers/fsl_common_arm.o
 .debug_line    0x00003b0a      0x497 ./drivers/fsl_flexcomm.o
 .debug_line    0x00003fa1     0x1278 ./drivers/fsl_power.o
 .debug_line    0x00005219      0x207 ./drivers/fsl_reset.o
 .debug_line    0x00005420     0x1400 ./drivers/fsl_usart.o
 .debug_line    0x00006820      0x663 ./device/system_LPC55S69_cm33_core0.o
 .debug_line    0x00006e83      0x432 ./component/uart/fsl_adapter_usart.o
 .debug_line    0x000072b5      0x216 ./board/board.o
 .debug_line    0x000074cb      0x5a0 ./board/clock_config.o
 .debug_line    0x00007a6b      0x251 ./board/pin_mux.o
 .debug_line    0x00007cbc       0xc4 C:/appz/nxp/MCUXpressoIDE_11.10.0_3148/ide/plugins/com.nxp.mcuxpresso.tools.win32_11.10.0.202311280810/tools/bin/../lib/gcc/arm-none-eabi/13.2.1/../../../../arm-none-eabi/lib/thumb/v8-m.main+fp/hard\libcr_nohost_nf.a(_cr__main.o)
 .debug_line    0x00007d80       0x7b C:/appz/nxp/MCUXpressoIDE_11.10.0_3148/ide/plugins/com.nxp.mcuxpresso.tools.win32_11.10.0.202311280810/tools/bin/../lib/gcc/arm-none-eabi/13.2.1/../../../../arm-none-eabi/lib/thumb/v8-m.main+fp/hard\libcr_c.a(memset.o)
 .debug_line    0x00007dfb      0x37d C:/appz/nxp/MCUXpressoIDE_11.10.0_3148/ide/plugins/com.nxp.mcuxpresso.tools.win32_11.10.0.202311280810/tools/bin/../lib/gcc/arm-none-eabi/13.2.1/../../../../arm-none-eabi/lib/thumb/v8-m.main+fp/hard\libcr_c.a(alloc.o)
 .debug_line    0x00008178       0x4e C:/appz/nxp/MCUXpressoIDE_11.10.0_3148/ide/plugins/com.nxp.mcuxpresso.tools.win32_11.10.0.202311280810/tools/bin/../lib/gcc/arm-none-eabi/13.2.1/../../../../arm-none-eabi/lib/thumb/v8-m.main+fp/hard\libcr_c.a(errno.o)
 .debug_line    0x000081c6      0x149 C:/appz/nxp/MCUXpressoIDE_11.10.0_3148/ide/plugins/com.nxp.mcuxpresso.tools.win32_11.10.0.202311280810/tools/bin/../lib/gcc/arm-none-eabi/13.2.1/../../../../arm-none-eabi/lib/thumb/v8-m.main+fp/hard\libcr_c.a(initio.o)
 .debug_line    0x0000830f       0xec C:/appz/nxp/MCUXpressoIDE_11.10.0_3148/ide/plugins/com.nxp.mcuxpresso.tools.win32_11.10.0.202311280810/tools/bin/../lib/gcc/arm-none-eabi/13.2.1/../../../../arm-none-eabi/lib/thumb/v8-m.main+fp/hard\libcr_c.a(setvbuf.o)
 .debug_line    0x000083fb      0x109 C:/appz/nxp/MCUXpressoIDE_11.10.0_3148/ide/plugins/com.nxp.mcuxpresso.tools.win32_11.10.0.202311280810/tools/bin/../lib/gcc/arm-none-eabi/13.2.1/../../../../arm-none-eabi/lib/thumb/v8-m.main+fp/hard\libcr_c.a(strlen.o)
 .debug_line    0x00008504      0x2e9 C:/appz/nxp/MCUXpressoIDE_11.10.0_3148/ide/plugins/com.nxp.mcuxpresso.tools.win32_11.10.0.202311280810/tools/bin/../lib/gcc/arm-none-eabi/13.2.1/../../../../arm-none-eabi/lib/thumb/v8-m.main+fp/hard\libcr_c.a(_deferredlazyseek.o)
 .debug_line    0x000087ed      0x11c C:/appz/nxp/MCUXpressoIDE_11.10.0_3148/ide/plugins/com.nxp.mcuxpresso.tools.win32_11.10.0.202311280810/tools/bin/../lib/gcc/arm-none-eabi/13.2.1/../../../../arm-none-eabi/lib/thumb/v8-m.main+fp/hard\libcr_c.a(_fdopen.o)
 .debug_line    0x00008909      0x11f C:/appz/nxp/MCUXpressoIDE_11.10.0_3148/ide/plugins/com.nxp.mcuxpresso.tools.win32_11.10.0.202311280810/tools/bin/../lib/gcc/arm-none-eabi/13.2.1/../../../../arm-none-eabi/lib/thumb/v8-m.main+fp/hard\libcr_c.a(_fflush.o)
 .debug_line    0x00008a28      0x12d C:/appz/nxp/MCUXpressoIDE_11.10.0_3148/ide/plugins/com.nxp.mcuxpresso.tools.win32_11.10.0.202311280810/tools/bin/../lib/gcc/arm-none-eabi/13.2.1/../../../../arm-none-eabi/lib/thumb/v8-m.main+fp/hard\libcr_c.a(_writebuf.o)
 .debug_line    0x00008b55      0x10f C:/appz/nxp/MCUXpressoIDE_11.10.0_3148/ide/plugins/com.nxp.mcuxpresso.tools.win32_11.10.0.202311280810/tools/bin/../lib/gcc/arm-none-eabi/13.2.1/../../../../arm-none-eabi/lib/thumb/v8-m.main+fp/hard\libcr_c.a(fclose.o)
 .debug_line    0x00008c64       0xe1 C:/appz/nxp/MCUXpressoIDE_11.10.0_3148/ide/plugins/com.nxp.mcuxpresso.tools.win32_11.10.0.202311280810/tools/bin/../lib/gcc/arm-none-eabi/13.2.1/../../../../arm-none-eabi/lib/thumb/v8-m.main+fp/hard\libcr_c.a(fflush.o)
 .debug_line    0x00008d45      0x232 C:/appz/nxp/MCUXpressoIDE_11.10.0_3148/ide/plugins/com.nxp.mcuxpresso.tools.win32_11.10.0.202311280810/tools/bin/../lib/gcc/arm-none-eabi/13.2.1/../../../../arm-none-eabi/lib/thumb/v8-m.main+fp/hard\libcr_c.a(fseek.o)
 .debug_line    0x00008f77      0x10a C:/appz/nxp/MCUXpressoIDE_11.10.0_3148/ide/plugins/com.nxp.mcuxpresso.tools.win32_11.10.0.202311280810/tools/bin/../lib/gcc/arm-none-eabi/13.2.1/../../../../arm-none-eabi/lib/thumb/v8-m.main+fp/hard\libcr_c.a(ftell.o)
 .debug_line    0x00009081       0xec C:/appz/nxp/MCUXpressoIDE_11.10.0_3148/ide/plugins/com.nxp.mcuxpresso.tools.win32_11.10.0.202311280810/tools/bin/../lib/gcc/arm-none-eabi/13.2.1/../../../../arm-none-eabi/lib/thumb/v8-m.main+fp/hard\libcr_c.a(remove.o)
 .debug_line    0x0000916d       0xfc C:/appz/nxp/MCUXpressoIDE_11.10.0_3148/ide/plugins/com.nxp.mcuxpresso.tools.win32_11.10.0.202311280810/tools/bin/../lib/gcc/arm-none-eabi/13.2.1/../../../../arm-none-eabi/lib/thumb/v8-m.main+fp/hard\libcr_c.a(_do_fflush.o)
 .debug_line    0x00009269       0xea C:/appz/nxp/MCUXpressoIDE_11.10.0_3148/ide/plugins/com.nxp.mcuxpresso.tools.win32_11.10.0.202311280810/tools/bin/../lib/gcc/arm-none-eabi/13.2.1/../../../../arm-none-eabi/lib/thumb/v8-m.main+fp/hard\libcr_nohost_nf.a(__ciob.o)
 .debug_line    0x00009353       0x4e C:/appz/nxp/MCUXpressoIDE_11.10.0_3148/ide/plugins/com.nxp.mcuxpresso.tools.win32_11.10.0.202311280810/tools/bin/../lib/gcc/arm-none-eabi/13.2.1/../../../../arm-none-eabi/lib/thumb/v8-m.main+fp/hard\libcr_nohost_nf.a(__sys_close.o)
 .debug_line    0x000093a1       0x4d C:/appz/nxp/MCUXpressoIDE_11.10.0_3148/ide/plugins/com.nxp.mcuxpresso.tools.win32_11.10.0.202311280810/tools/bin/../lib/gcc/arm-none-eabi/13.2.1/../../../../arm-none-eabi/lib/thumb/v8-m.main+fp/hard\libcr_nohost_nf.a(__sys_flen.o)
 .debug_line    0x000093ee       0x4e C:/appz/nxp/MCUXpressoIDE_11.10.0_3148/ide/plugins/com.nxp.mcuxpresso.tools.win32_11.10.0.202311280810/tools/bin/../lib/gcc/arm-none-eabi/13.2.1/../../../../arm-none-eabi/lib/thumb/v8-m.main+fp/hard\libcr_nohost_nf.a(__sys_istty.o)
 .debug_line    0x0000943c       0x4f C:/appz/nxp/MCUXpressoIDE_11.10.0_3148/ide/plugins/com.nxp.mcuxpresso.tools.win32_11.10.0.202311280810/tools/bin/../lib/gcc/arm-none-eabi/13.2.1/../../../../arm-none-eabi/lib/thumb/v8-m.main+fp/hard\libcr_nohost_nf.a(__sys_remove.o)
 .debug_line    0x0000948b       0x4d C:/appz/nxp/MCUXpressoIDE_11.10.0_3148/ide/plugins/com.nxp.mcuxpresso.tools.win32_11.10.0.202311280810/tools/bin/../lib/gcc/arm-none-eabi/13.2.1/../../../../arm-none-eabi/lib/thumb/v8-m.main+fp/hard\libcr_nohost_nf.a(__sys_seek.o)
 .debug_line    0x000094d8       0x4f C:/appz/nxp/MCUXpressoIDE_11.10.0_3148/ide/plugins/com.nxp.mcuxpresso.tools.win32_11.10.0.202311280810/tools/bin/../lib/gcc/arm-none-eabi/13.2.1/../../../../arm-none-eabi/lib/thumb/v8-m.main+fp/hard\libcr_nohost_nf.a(__sys_tmpnam.o)
 .debug_line    0x00009527       0x4e C:/appz/nxp/MCUXpressoIDE_11.10.0_3148/ide/plugins/com.nxp.mcuxpresso.tools.win32_11.10.0.202311280810/tools/bin/../lib/gcc/arm-none-eabi/13.2.1/../../../../arm-none-eabi/lib/thumb/v8-m.main+fp/hard\libcr_nohost_nf.a(__sys_write.o)

.debug_str      0x00000000     0x7f37