../Core/Src/main.c:73:5:_write	24	static
../Core/Src/main.c:80:6:uart_process_command	72	static
../Core/Src/main.c:162:13:uart_byte_available	16	static
../Core/Src/main.c:180:5:main	16	static
../Core/Src/main.c:235:6:SystemClock_Config	96	static
../Core/Src/main.c:281:13:MX_I2C1_Init	8	static
../Core/Src/main.c:329:13:MX_USART2_UART_Init	8	static
../Core/Src/main.c:362:13:MX_DMA_Init	16	static
../Core/Src/main.c:380:13:MX_GPIO_Init	56	static
../Core/Src/main.c:430:6:Error_Handler	8	static,ignoring_inline_asm
